Archive member included to satisfy reference by file (symbol)

C:/ST/STM32CubeIDE_1.13.2/STM32CubeIDE/plugins/com.st.stm32cube.ide.mcu.externaltools.gnu-tools-for-stm32.11.3.rel1.win32_1.1.1.202309131626/tools/bin/../lib/gcc/arm-none-eabi/11.3.1/../../../../arm-none-eabi/lib/thumb/v7e-m+fp/hard\libc_nano.a(libc_a-exit.o)
                              C:/ST/STM32CubeIDE_1.13.2/STM32CubeIDE/plugins/com.st.stm32cube.ide.mcu.externaltools.gnu-tools-for-stm32.11.3.rel1.win32_1.1.1.202309131626/tools/bin/../lib/gcc/arm-none-eabi/11.3.1/../../../../arm-none-eabi/lib/thumb/v7e-m+fp/hard/crt0.o (exit)
C:/ST/STM32CubeIDE_1.13.2/STM32CubeIDE/plugins/com.st.stm32cube.ide.mcu.externaltools.gnu-tools-for-stm32.11.3.rel1.win32_1.1.1.202309131626/tools/bin/../lib/gcc/arm-none-eabi/11.3.1/../../../../arm-none-eabi/lib/thumb/v7e-m+fp/hard\libc_nano.a(libc_a-findfp.o)
                              C:/ST/STM32CubeIDE_1.13.2/STM32CubeIDE/plugins/com.st.stm32cube.ide.mcu.externaltools.gnu-tools-for-stm32.11.3.rel1.win32_1.1.1.202309131626/tools/bin/../lib/gcc/arm-none-eabi/11.3.1/../../../../arm-none-eabi/lib/thumb/v7e-m+fp/hard\libc_nano.a(libc_a-exit.o) (__stdio_exit_handler)
C:/ST/STM32CubeIDE_1.13.2/STM32CubeIDE/plugins/com.st.stm32cube.ide.mcu.externaltools.gnu-tools-for-stm32.11.3.rel1.win32_1.1.1.202309131626/tools/bin/../lib/gcc/arm-none-eabi/11.3.1/../../../../arm-none-eabi/lib/thumb/v7e-m+fp/hard\libc_nano.a(libc_a-fwalk.o)
                              C:/ST/STM32CubeIDE_1.13.2/STM32CubeIDE/plugins/com.st.stm32cube.ide.mcu.externaltools.gnu-tools-for-stm32.11.3.rel1.win32_1.1.1.202309131626/tools/bin/../lib/gcc/arm-none-eabi/11.3.1/../../../../arm-none-eabi/lib/thumb/v7e-m+fp/hard\libc_nano.a(libc_a-findfp.o) (_fwalk_sglue)
C:/ST/STM32CubeIDE_1.13.2/STM32CubeIDE/plugins/com.st.stm32cube.ide.mcu.externaltools.gnu-tools-for-stm32.11.3.rel1.win32_1.1.1.202309131626/tools/bin/../lib/gcc/arm-none-eabi/11.3.1/../../../../arm-none-eabi/lib/thumb/v7e-m+fp/hard\libc_nano.a(libc_a-stdio.o)
                              C:/ST/STM32CubeIDE_1.13.2/STM32CubeIDE/plugins/com.st.stm32cube.ide.mcu.externaltools.gnu-tools-for-stm32.11.3.rel1.win32_1.1.1.202309131626/tools/bin/../lib/gcc/arm-none-eabi/11.3.1/../../../../arm-none-eabi/lib/thumb/v7e-m+fp/hard\libc_nano.a(libc_a-findfp.o) (__sread)
C:/ST/STM32CubeIDE_1.13.2/STM32CubeIDE/plugins/com.st.stm32cube.ide.mcu.externaltools.gnu-tools-for-stm32.11.3.rel1.win32_1.1.1.202309131626/tools/bin/../lib/gcc/arm-none-eabi/11.3.1/../../../../arm-none-eabi/lib/thumb/v7e-m+fp/hard\libc_nano.a(libc_a-memset.o)
                              C:/ST/STM32CubeIDE_1.13.2/STM32CubeIDE/plugins/com.st.stm32cube.ide.mcu.externaltools.gnu-tools-for-stm32.11.3.rel1.win32_1.1.1.202309131626/tools/bin/../lib/gcc/arm-none-eabi/11.3.1/../../../../arm-none-eabi/lib/thumb/v7e-m+fp/hard/crt0.o (memset)
C:/ST/STM32CubeIDE_1.13.2/STM32CubeIDE/plugins/com.st.stm32cube.ide.mcu.externaltools.gnu-tools-for-stm32.11.3.rel1.win32_1.1.1.202309131626/tools/bin/../lib/gcc/arm-none-eabi/11.3.1/../../../../arm-none-eabi/lib/thumb/v7e-m+fp/hard\libc_nano.a(libc_a-closer.o)
                              C:/ST/STM32CubeIDE_1.13.2/STM32CubeIDE/plugins/com.st.stm32cube.ide.mcu.externaltools.gnu-tools-for-stm32.11.3.rel1.win32_1.1.1.202309131626/tools/bin/../lib/gcc/arm-none-eabi/11.3.1/../../../../arm-none-eabi/lib/thumb/v7e-m+fp/hard\libc_nano.a(libc_a-stdio.o) (_close_r)
C:/ST/STM32CubeIDE_1.13.2/STM32CubeIDE/plugins/com.st.stm32cube.ide.mcu.externaltools.gnu-tools-for-stm32.11.3.rel1.win32_1.1.1.202309131626/tools/bin/../lib/gcc/arm-none-eabi/11.3.1/../../../../arm-none-eabi/lib/thumb/v7e-m+fp/hard\libc_nano.a(libc_a-reent.o)
                              C:/ST/STM32CubeIDE_1.13.2/STM32CubeIDE/plugins/com.st.stm32cube.ide.mcu.externaltools.gnu-tools-for-stm32.11.3.rel1.win32_1.1.1.202309131626/tools/bin/../lib/gcc/arm-none-eabi/11.3.1/../../../../arm-none-eabi/lib/thumb/v7e-m+fp/hard\libc_nano.a(libc_a-closer.o) (errno)
C:/ST/STM32CubeIDE_1.13.2/STM32CubeIDE/plugins/com.st.stm32cube.ide.mcu.externaltools.gnu-tools-for-stm32.11.3.rel1.win32_1.1.1.202309131626/tools/bin/../lib/gcc/arm-none-eabi/11.3.1/../../../../arm-none-eabi/lib/thumb/v7e-m+fp/hard\libc_nano.a(libc_a-impure.o)
                              C:/ST/STM32CubeIDE_1.13.2/STM32CubeIDE/plugins/com.st.stm32cube.ide.mcu.externaltools.gnu-tools-for-stm32.11.3.rel1.win32_1.1.1.202309131626/tools/bin/../lib/gcc/arm-none-eabi/11.3.1/../../../../arm-none-eabi/lib/thumb/v7e-m+fp/hard\libc_nano.a(libc_a-reent.o) (_impure_ptr)
C:/ST/STM32CubeIDE_1.13.2/STM32CubeIDE/plugins/com.st.stm32cube.ide.mcu.externaltools.gnu-tools-for-stm32.11.3.rel1.win32_1.1.1.202309131626/tools/bin/../lib/gcc/arm-none-eabi/11.3.1/../../../../arm-none-eabi/lib/thumb/v7e-m+fp/hard\libc_nano.a(libc_a-lseekr.o)
[...]
Memory Configuration

Name             Origin             Length             Attributes
RAM              0x0000000020000000 0x0000000000018000 xrw
FLASH            0x0000000008000000 0x0000000000080000 xr
*default*        0x0000000000000000 0xffffffffffffffff

Linker script and memory map

LOAD C:/ST/STM32CubeIDE_1.13.2/STM32CubeIDE/plugins/com.st.stm32cube.ide.mcu.externaltools.gnu-tools-for-stm32.11.3.rel1.win32_1.1.1.202309131626/tools/bin/../lib/gcc/arm-none-eabi/11.3.1/thumb/v7e-m+fp/hard/crti.o
LOAD C:/ST/STM32CubeIDE_1.13.2/STM32CubeIDE/plugins/com.st.stm32cube.ide.mcu.externaltools.gnu-tools-for-stm32.11.3.rel1.win32_1.1.1.202309131626/tools/bin/../lib/gcc/arm-none-eabi/11.3.1/thumb/v7e-m+fp/hard/crtbegin.o
LOAD C:/ST/STM32CubeIDE_1.13.2/STM32CubeIDE/plugins/com.st.stm32cube.ide.mcu.externaltools.gnu-tools-for-stm32.11.3.rel1.win32_1.1.1.202309131626/tools/bin/../lib/gcc/arm-none-eabi/11.3.1/../../../../arm-none-eabi/lib/thumb/v7e-m+fp/hard/crt0.o
LOAD ./Core/Src/main.o
LOAD ./Core/Src/stm32f4xx_hal_msp.o
LOAD ./Core/Src/stm32f4xx_it.o
LOAD ./Core/Src/syscalls.o
LOAD ./Core/Src/sysmem.o
LOAD ./Core/Src/system_stm32f4xx.o
LOAD ./Core/Startup/startup_stm32f401retx.o
LOAD ./Drivers/STM32F4xx_HAL_Driver/Src/stm32f4xx_hal.o
LOAD ./Drivers/STM32F4xx_HAL_Driver/Src/stm32f4xx_hal_cortex.o
LOAD ./Drivers/STM32F4xx_HAL_Driver/Src/stm32f4xx_hal_dma.o
LOAD ./Drivers/STM32F4xx_HAL_Driver/Src/stm32f4xx_hal_dma_ex.o
LOAD ./Drivers/STM32F4xx_HAL_Driver/Src/stm32f4xx_hal_exti.o
LOAD ./Drivers/STM32F4xx_HAL_Driver/Src/stm32f4xx_hal_flash.o
LOAD ./Drivers/STM32F4xx_HAL_Driver/Src/stm32f4xx_hal_flash_ex.o
LOAD ./Drivers/STM32F4xx_HAL_Driver/Src/stm32f4xx_hal_flash_ramfunc.o
LOAD ./Drivers/STM32F4xx_HAL_Driver/Src/stm32f4xx_hal_gpio.o
LOAD ./Drivers/STM32F4xx_HAL_Driver/Src/stm32f4xx_hal_pwr.o
LOAD ./Drivers/STM32F4xx_HAL_Driver/Src/stm32f4xx_hal_pwr_ex.o
LOAD ./Drivers/STM32F4xx_HAL_Driver/Src/stm32f4xx_hal_rcc.o
LOAD ./Drivers/STM32F4xx_HAL_Driver/Src/stm32f4xx_hal_rcc_ex.o
LOAD ./Drivers/STM32F4xx_HAL_Driver/Src/stm32f4xx_hal_tim.o
LOAD ./Drivers/STM32F4xx_HAL_Driver/Src/stm32f4xx_hal_tim_ex.o
LOAD ./Drivers/STM32F4xx_HAL_Driver/Src/stm32f4xx_hal_uart.o
START GROUP
LOAD C:/ST/STM32CubeIDE_1.13.2/STM32CubeIDE/plugins/com.st.stm32cube.ide.mcu.externaltools.gnu-tools-for-stm32.11.3.rel1.win32_1.1.1.202309131626/tools/bin/../lib/gcc/arm-none-eabi/11.3.1/../../../../arm-none-eabi/lib/thumb/v7e-m+fp/hard\libc_nano.a
LOAD C:/ST/STM32CubeIDE_1.13.2/STM32CubeIDE/plugins/com.st.stm32cube.ide.mcu.externaltools.gnu-tools-for-stm32.11.3.rel1.win32_1.1.1.202309131626/tools/bin/../lib/gcc/arm-none-eabi/11.3.1/../../../../arm-none-eabi/lib/thumb/v7e-m+fp/hard\libm.a
END GROUP
START GROUP
LOAD C:/ST/STM32CubeIDE_1.13.2/STM32CubeIDE/plugins/com.st.stm32cube.ide.mcu.externaltools.gnu-tools-for-stm32.11.3.rel1.win32_1.1.1.202309131626/tools/bin/../lib/gcc/arm-none-eabi/11.3.1/thumb/v7e-m+fp/hard\libgcc.a
LOAD C:/ST/STM32CubeIDE_1.13.2/STM32CubeIDE/plugins/com.st.stm32cube.ide.mcu.externaltools.gnu-tools-for-stm32.11.3.rel1.win32_1.1.1.202309131626/tools/bin/../lib/gcc/arm-none-eabi/11.3.1/../../../../arm-none-eabi/lib/thumb/v7e-m+fp/hard\libc_nano.a
END GROUP
START GROUP
LOAD C:/ST/STM32CubeIDE_1.13.2/STM32CubeIDE/plugins/com.st.stm32cube.ide.mcu.externaltools.gnu-tools-for-stm32.11.3.rel1.win32_1.1.1.202309131626/tools/bin/../lib/gcc/arm-none-eabi/11.3.1/thumb/v7e-m+fp/hard\libgcc.a
LOAD C:/ST/STM32CubeIDE_1.13.2/STM32CubeIDE/plugins/com.st.stm32cube.ide.mcu.externaltools.gnu-tools-for-stm32.11.3.rel1.win32_1.1.1.202309131626/tools/bin/../lib/gcc/arm-none-eabi/11.3.1/../../../../arm-none-eabi/lib/thumb/v7e-m+fp/hard\libc_nano.a
LOAD C:/ST/STM32CubeIDE_1.13.2/STM32CubeIDE/plugins/com.st.stm32cube.ide.mcu.externaltools.gnu-tools-for-stm32.11.3.rel1.win32_1.1.1.202309131626/tools/bin/../lib/gcc/arm-none-eabi/11.3.1/../../../../arm-none-eabi/lib/thumb/v7e-m+fp/hard\libnosys.a
END GROUP
START GROUP
LOAD C:/ST/STM32CubeIDE_1.13.2/STM32CubeIDE/plugins/com.st.stm32cube.ide.mcu.externaltools.gnu-tools-for-stm32.11.3.rel1.win32_1.1.1.202309131626/tools/bin/../lib/gcc/arm-none-eabi/11.3.1/thumb/v7e-m+fp/hard\libgcc.a
LOAD C:/ST/STM32CubeIDE_1.13.2/STM32CubeIDE/plugins/com.st.stm32cube.ide.mcu.externaltools.gnu-tools-for-stm32.11.3.rel1.win32_1.1.1.202309131626/tools/bin/../lib/gcc/arm-none-eabi/11.3.1/../../../../arm-none-eabi/lib/thumb/v7e-m+fp/hard\libc_nano.a
LOAD C:/ST/STM32CubeIDE_1.13.2/STM32CubeIDE/plugins/com.st.stm32cube.ide.mcu.externaltools.gnu-tools-for-stm32.11.3.rel1.win32_1.1.1.202309131626/tools/bin/../lib/gcc/arm-none-eabi/11.3.1/../../../../arm-none-eabi/lib/thumb/v7e-m+fp/hard\libnosys.a
END GROUP
LOAD C:/ST/STM32CubeIDE_1.13.2/STM32CubeIDE/plugins/com.st.stm32cube.ide.mcu.externaltools.gnu-tools-for-stm32.11.3.rel1.win32_1.1.1.202309131626/tools/bin/../lib/gcc/arm-none-eabi/11.3.1/thumb/v7e-m+fp/hard/crtend.o
LOAD C:/ST/STM32CubeIDE_1.13.2/STM32CubeIDE/plugins/com.st.stm32cube.ide.mcu.externaltools.gnu-tools-for-stm32.11.3.rel1.win32_1.1.1.202309131626/tools/bin/../lib/gcc/arm-none-eabi/11.3.1/thumb/v7e-m+fp/hard/crtn.o
                0x0000000020018000                _estack = (ORIGIN (RAM) + LENGTH (RAM))
                0x0000000000000200                _Min_Heap_Size = 0x200
                0x0000000000000400                _Min_Stack_Size = 0x400

.isr_vector     0x0000000008000000      0x194
                0x0000000008000000                . = ALIGN (0x4)
 *(.isr_vector)
 .isr_vector    0x0000000008000000      0x194 ./Core/Startup/startup_stm32f401retx.o
                0x0000000008000000                g_pfnVectors
                0x0000000008000194                . = ALIGN (0x4)

.text           0x0000000008000198     0x6a38
                0x0000000008000198                . = ALIGN (0x4)
 *(.text)
 .text          0x0000000008000198       0x40 C:/ST/STM32CubeIDE_1.13.2/STM32CubeIDE/plugins/com.st.stm32cube.ide.mcu.externaltools.gnu-tools-for-stm32.11.3.rel1.win32_1.1.1.202309131626/tools/bin/../lib/gcc/arm-none-eabi/11.3.1/thumb/v7e-m+fp/hard/crtbegin.o
 .text          0x00000000080001d8      0x254 C:/ST/STM32CubeIDE_1.13.2/STM32CubeIDE/plugins/com.st.stm32cube.ide.mcu.externaltools.gnu-tools-for-stm32.11.3.rel1.win32_1.1.1.202309131626/tools/bin/../lib/gcc/arm-none-eabi/11.3.1/thumb/v7e-m+fp/hard\libgcc.a(_arm_muldf3.o)
                0x00000000080001d8                __muldf3
                0x00000000080001d8                __aeabi_dmul
 .text          0x000000000800042c      0x378 C:/ST/STM32CubeIDE_1.13.2/STM32CubeIDE/plugins/com.st.stm32cube.ide.mcu.externaltools.gnu-tools-for-stm32.11.3.rel1.win32_1.1.1.202309131626/tools/bin/../lib/gcc/arm-none-eabi/11.3.1/thumb/v7e-m+fp/hard\libgcc.a(_arm_addsubdf3.o)
                0x000000000800042c                __aeabi_drsub
                0x0000000008000434                __aeabi_dsub
                0x0000000008000434                __subdf3
                0x0000000008000438                __aeabi_dadd
                0x0000000008000438                __adddf3
                0x00000000080006b0                __floatunsidf
                0x00000000080006b0                __aeabi_ui2d
                0x00000000080006d0                __floatsidf
                0x00000000080006d0                __aeabi_i2d
                0x00000000080006f4                __aeabi_f2d
                0x00000000080006f4                __extendsfdf2
                0x0000000008000738                __floatundidf
                0x0000000008000738                __aeabi_ul2d
                0x0000000008000748                __floatdidf
                0x0000000008000748                __aeabi_l2d
 .text          0x00000000080007a4       0x40 C:/ST/STM32CubeIDE_1.13.2/STM32CubeIDE/plugins/com.st.stm32cube.ide.mcu.externaltools.gnu-tools-for-stm32.11.3.rel1.win32_1.1.1.202309131626/tools/bin/../lib/gcc/arm-none-eabi/11.3.1/thumb/v7e-m+fp/hard\libgcc.a(_arm_fixunsdfsi.o)
                0x00000000080007a4                __aeabi_d2uiz
                0x00000000080007a4                __fixunsdfsi
 .text          0x00000000080007e4       0x30 C:/ST/STM32CubeIDE_1.13.2/STM32CubeIDE/plugins/com.st.stm32cube.ide.mcu.externaltools.gnu-tools-for-stm32.11.3.rel1.win32_1.1.1.202309131626/tools/bin/../lib/gcc/arm-none-eabi/11.3.1/thumb/v7e-m+fp/hard\libgcc.a(_aeabi_uldivmod.o)
                0x00000000080007e4                __aeabi_uldivmod
 .text          0x0000000008000814      0x2c8 C:/ST/STM32CubeIDE_1.13.2/STM32CubeIDE/plugins/com.st.stm32cube.ide.mcu.externaltools.gnu-tools-for-stm32.11.3.rel1.win32_1.1.1.202309131626/tools/bin/../lib/gcc/arm-none-eabi/11.3.1/thumb/v7e-m+fp/hard\libgcc.a(_udivmoddi4.o)
                0x0000000008000814                __udivmoddi4
 .text          0x0000000008000adc        0x4 C:/ST/STM32CubeIDE_1.13.2/STM32CubeIDE/plugins/com.st.stm32cube.ide.mcu.externaltools.gnu-tools-for-stm32.11.3.rel1.win32_1.1.1.202309131626/tools/bin/../lib/gcc/arm-none-eabi/11.3.1/thumb/v7e-m+fp/hard\libgcc.a(_dvmd_tls.o)
                0x0000000008000adc                __aeabi_idiv0
                0x0000000008000adc                __aeabi_ldiv0
 *(.text*)
 .text.HAL_TIM_PWM_PulseFinishedCallback
                0x0000000008000ae0       0x18 ./Core/Src/main.o
                0x0000000008000ae0                HAL_TIM_PWM_PulseFinishedCallback
 .text.writeLEDs
                0x0000000008000af8       0x90 ./Core/Src/main.o
                0x0000000008000af8                writeLEDs
 .text.HAL_TIM_PeriodElapsedCallback
                0x0000000008000b88       0x2c ./Core/Src/main.o
                0x0000000008000b88                HAL_TIM_PeriodElapsedCallback
 .text.stateProcessing
                0x0000000008000bb4       0x18 ./Core/Src/main.o
                0x0000000008000bb4                stateProcessing
 .text.stateAwait
                0x0000000008000bcc       0x18 ./Core/Src/main.o
                0x0000000008000bcc                stateAwait
 .text.stateReceived
                0x0000000008000be4       0x18 ./Core/Src/main.o
                0x0000000008000be4                stateReceived
 .text.stateSent
                0x0000000008000bfc       0x18 ./Core/Src/main.o
                0x0000000008000bfc                stateSent
 .text.stateFailure
                0x0000000008000c14       0x18 ./Core/Src/main.o
                0x0000000008000c14                stateFailure
 .text.handleStore
                0x0000000008000c2c       0x7c ./Core/Src/main.o
                0x0000000008000c2c                handleStore
 .text.handleSend
                0x0000000008000ca8       0x7c ./Core/Src/main.o
                0x0000000008000ca8                handleSend
 .text.updateLager
                0x0000000008000d24       0x40 ./Core/Src/main.o
                0x0000000008000d24                updateLager
 *fill*         0x0000000008000d64        0x4 
 .text.animateSend
                0x0000000008000d68      0x288 ./Core/Src/main.o
                0x0000000008000d68                animateSend
 .text.animateReceive
                0x0000000008000ff0      0x234 ./Core/Src/main.o
                0x0000000008000ff0                animateReceive
 *fill*         0x0000000008001224        0x4 
 .text.animateCreate
                0x0000000008001228      0x284 ./Core/Src/main.o
                0x0000000008001228                animateCreate
 *fill*         0x00000000080014ac        0x4 
 .text.animateDeliver
                0x00000000080014b0      0x290 ./Core/Src/main.o
                0x00000000080014b0                animateDeliver
 .text.pulse    0x0000000008001740       0x78 ./Core/Src/main.o
                0x0000000008001740                pulse
 .text.checkFailure
                0x00000000080017b8      0x170 ./Core/Src/main.o
                0x00000000080017b8                checkFailure
 .text.resetData
                0x0000000008001928       0x9c ./Core/Src/main.o
                0x0000000008001928                resetData
 .text.std      0x00000000080019c4      0x298 ./Core/Src/main.o
                0x00000000080019c4                std
 .text.pat      0x0000000008001c5c       0xd4 ./Core/Src/main.o
                0x0000000008001c5c                pat
 .text.main     0x0000000008001d30       0xa4 ./Core/Src/main.o
                0x0000000008001d30                main
 .text.SystemClock_Config
                0x0000000008001dd4       0xd8 ./Core/Src/main.o
                0x0000000008001dd4                SystemClock_Config
 .text.MX_TIM2_Init
                0x0000000008001eac       0xe8 ./Core/Src/main.o
 .text.MX_TIM3_Init
                0x0000000008001f94       0x9c ./Core/Src/main.o
 .text.MX_USART1_UART_Init
                0x0000000008002030       0x54 ./Core/Src/main.o
 .text.MX_USART2_UART_Init
                0x0000000008002084       0x54 ./Core/Src/main.o
 .text.MX_DMA_Init
                0x00000000080020d8       0x40 ./Core/Src/main.o
 .text.MX_GPIO_Init
                0x0000000008002118      0x170 ./Core/Src/main.o
 .text.HAL_UART_RxCpltCallback
                0x0000000008002288       0x60 ./Core/Src/main.o
                0x0000000008002288                HAL_UART_RxCpltCallback
 .text.HAL_UART_TxCpltCallback
                0x00000000080022e8       0x20 ./Core/Src/main.o
                0x00000000080022e8                HAL_UART_TxCpltCallback
 .text.HAL_GPIO_EXTI_Callback
                0x0000000008002308       0xb4 ./Core/Src/main.o
                0x0000000008002308                HAL_GPIO_EXTI_Callback
 .text.L1_receive
                0x00000000080023bc       0x52 ./Core/Src/main.o
                0x00000000080023bc                L1_receive
 *fill*         0x000000000800240e        0x2 
 .text.L2_receive
                0x0000000008002410       0x78 ./Core/Src/main.o
                0x0000000008002410                L2_receive
 .text.L3_receive
                0x0000000008002488       0xcc ./Core/Src/main.o
                0x0000000008002488                L3_receive
 .text.L7_receive
                0x0000000008002554      0x13c ./Core/Src/main.o
                0x0000000008002554                L7_receive
 .text.L7_send  0x0000000008002690       0x56 ./Core/Src/main.o
                0x0000000008002690                L7_send
 *fill*         0x00000000080026e6        0x2 
 .text.L3_send  0x00000000080026e8       0x68 ./Core/Src/main.o
                0x00000000080026e8                L3_send
 .text.L2_send  0x0000000008002750       0x64 ./Core/Src/main.o
                0x0000000008002750                L2_send
 .text.L1_send  0x00000000080027b4       0x50 ./Core/Src/main.o
                0x00000000080027b4                L1_send
 .text.ApNr_42  0x0000000008002804       0x84 ./Core/Src/main.o
                0x0000000008002804                ApNr_42
 .text.ApNr_43  0x0000000008002888       0x84 ./Core/Src/main.o
                0x0000000008002888                ApNr_43
 .text.ApNr_50  0x000000000800290c       0x7c ./Core/Src/main.o
                0x000000000800290c                ApNr_50
 .text.ApNr_100
                0x0000000008002988       0x5c ./Core/Src/main.o
                0x0000000008002988                ApNr_100
 .text.ApNr_101
                0x00000000080029e4       0x28 ./Core/Src/main.o
                0x00000000080029e4                ApNr_101
 .text.ApNr_102
                0x0000000008002a0c       0x2e ./Core/Src/main.o
                0x0000000008002a0c                ApNr_102
 .text.ApNr_103
                0x0000000008002a3a       0x1e ./Core/Src/main.o
                0x0000000008002a3a                ApNr_103
 .text.crcSlow  0x0000000008002a58       0x70 ./Core/Src/main.o
                0x0000000008002a58                crcSlow
 .text.Error_Handler
                0x0000000008002ac8        0xa ./Core/Src/main.o
                0x0000000008002ac8                Error_Handler
 *fill*         0x0000000008002ad2        0x2 
 .text.HAL_MspInit
                0x0000000008002ad4       0x50 ./Core/Src/stm32f4xx_hal_msp.o
                0x0000000008002ad4                HAL_MspInit
 .text.HAL_TIM_Base_MspInit
                0x0000000008002b24       0xec ./Core/Src/stm32f4xx_hal_msp.o
                0x0000000008002b24                HAL_TIM_Base_MspInit
 .text.HAL_TIM_MspPostInit
                0x0000000008002c10       0x70 ./Core/Src/stm32f4xx_hal_msp.o
                0x0000000008002c10                HAL_TIM_MspPostInit
 .text.HAL_UART_MspInit
                0x0000000008002c80      0x118 ./Core/Src/stm32f4xx_hal_msp.o
                0x0000000008002c80                HAL_UART_MspInit
 .text.NMI_Handler
                0x0000000008002d98        0x6 ./Core/Src/stm32f4xx_it.o
                0x0000000008002d98                NMI_Handler
 .text.HardFault_Handler
                0x0000000008002d9e        0x6 ./Core/Src/stm32f4xx_it.o
                0x0000000008002d9e                HardFault_Handler
 .text.MemManage_Handler
                0x0000000008002da4        0x6 ./Core/Src/stm32f4xx_it.o
                0x0000000008002da4                MemManage_Handler
 .text.BusFault_Handler
                0x0000000008002daa        0x6 ./Core/Src/stm32f4xx_it.o
                0x0000000008002daa                BusFault_Handler
 .text.UsageFault_Handler
                0x0000000008002db0        0x6 ./Core/Src/stm32f4xx_it.o
                0x0000000008002db0                UsageFault_Handler
 .text.SVC_Handler
                0x0000000008002db6        0xe ./Core/Src/stm32f4xx_it.o
                0x0000000008002db6                SVC_Handler
 .text.DebugMon_Handler
                0x0000000008002dc4        0xe ./Core/Src/stm32f4xx_it.o
                0x0000000008002dc4                DebugMon_Handler
 .text.PendSV_Handler
                0x0000000008002dd2        0xe ./Core/Src/stm32f4xx_it.o
                0x0000000008002dd2                PendSV_Handler
 .text.SysTick_Handler
                0x0000000008002de0        0xc ./Core/Src/stm32f4xx_it.o
                0x0000000008002de0                SysTick_Handler
 .text.EXTI0_IRQHandler
                0x0000000008002dec        0xe ./Core/Src/stm32f4xx_it.o
                0x0000000008002dec                EXTI0_IRQHandler
 .text.EXTI1_IRQHandler
                0x0000000008002dfa        0xe ./Core/Src/stm32f4xx_it.o
                0x0000000008002dfa                EXTI1_IRQHandler
 .text.EXTI2_IRQHandler
                0x0000000008002e08        0xe ./Core/Src/stm32f4xx_it.o
                0x0000000008002e08                EXTI2_IRQHandler
 .text.EXTI3_IRQHandler
                0x0000000008002e16        0xe ./Core/Src/stm32f4xx_it.o
                0x0000000008002e16                EXTI3_IRQHandler
 .text.DMA1_Stream1_IRQHandler
                0x0000000008002e24       0x14 ./Core/Src/stm32f4xx_it.o
                0x0000000008002e24                DMA1_Stream1_IRQHandler
 .text.TIM3_IRQHandler
                0x0000000008002e38       0x14 ./Core/Src/stm32f4xx_it.o
                0x0000000008002e38                TIM3_IRQHandler
 .text.USART1_IRQHandler
                0x0000000008002e4c       0x14 ./Core/Src/stm32f4xx_it.o
                0x0000000008002e4c                USART1_IRQHandler
 .text.USART2_IRQHandler
                0x0000000008002e60       0x14 ./Core/Src/stm32f4xx_it.o
                0x0000000008002e60                USART2_IRQHandler
 .text.EXTI15_10_IRQHandler
                0x0000000008002e74       0x10 ./Core/Src/stm32f4xx_it.o
                0x0000000008002e74                EXTI15_10_IRQHandler
 .text.SystemInit
                0x0000000008002e84       0x24 ./Core/Src/system_stm32f4xx.o
                0x0000000008002e84                SystemInit
 .text.Reset_Handler
                0x0000000008002ea8       0x50 ./Core/Startup/startup_stm32f401retx.o
                0x0000000008002ea8                Reset_Handler
 .text.Default_Handler
                0x0000000008002ef8        0x2 ./Core/Startup/startup_stm32f401retx.o
                0x0000000008002ef8                RTC_Alarm_IRQHandler
                0x0000000008002ef8                SPI4_IRQHandler
                0x0000000008002ef8                TIM1_CC_IRQHandler
                0x0000000008002ef8                DMA2_Stream5_IRQHandler
                0x0000000008002ef8                DMA1_Stream5_IRQHandler
                0x0000000008002ef8                PVD_IRQHandler
                0x0000000008002ef8                SDIO_IRQHandler
                0x0000000008002ef8                TAMP_STAMP_IRQHandler
                0x0000000008002ef8                TIM1_UP_TIM10_IRQHandler
                0x0000000008002ef8                I2C3_ER_IRQHandler
                0x0000000008002ef8                I2C2_EV_IRQHandler
                0x0000000008002ef8                DMA1_Stream2_IRQHandler
                0x0000000008002ef8                FPU_IRQHandler
                0x0000000008002ef8                DMA2_Stream2_IRQHandler
                0x0000000008002ef8                SPI1_IRQHandler
                0x0000000008002ef8                TIM1_BRK_TIM9_IRQHandler
                0x0000000008002ef8                DMA2_Stream3_IRQHandler
                0x0000000008002ef8                USART6_IRQHandler
                0x0000000008002ef8                DMA2_Stream0_IRQHandler
                0x0000000008002ef8                TIM4_IRQHandler
                0x0000000008002ef8                I2C1_EV_IRQHandler
                0x0000000008002ef8                DMA1_Stream6_IRQHandler
                0x0000000008002ef8                RCC_IRQHandler
                0x0000000008002ef8                Default_Handler
                0x0000000008002ef8                ADC_IRQHandler
                0x0000000008002ef8                DMA1_Stream7_IRQHandler
                0x0000000008002ef8                TIM5_IRQHandler
                0x0000000008002ef8                DMA2_Stream7_IRQHandler
                0x0000000008002ef8                I2C3_EV_IRQHandler
                0x0000000008002ef8                EXTI9_5_IRQHandler
                0x0000000008002ef8                RTC_WKUP_IRQHandler
                0x0000000008002ef8                SPI2_IRQHandler
                0x0000000008002ef8                DMA1_Stream0_IRQHandler
                0x0000000008002ef8                EXTI4_IRQHandler
                0x0000000008002ef8                WWDG_IRQHandler
                0x0000000008002ef8                TIM2_IRQHandler
                0x0000000008002ef8                OTG_FS_WKUP_IRQHandler
                0x0000000008002ef8                TIM1_TRG_COM_TIM11_IRQHandler
                0x0000000008002ef8                I2C2_ER_IRQHandler
                0x0000000008002ef8                DMA2_Stream1_IRQHandler
                0x0000000008002ef8                FLASH_IRQHandler
                0x0000000008002ef8                DMA2_Stream4_IRQHandler
                0x0000000008002ef8                OTG_FS_IRQHandler
                0x0000000008002ef8                SPI3_IRQHandler
                0x0000000008002ef8                DMA1_Stream4_IRQHandler
                0x0000000008002ef8                I2C1_ER_IRQHandler
                0x0000000008002ef8                DMA2_Stream6_IRQHandler
                0x0000000008002ef8                DMA1_Stream3_IRQHandler
 *fill*         0x0000000008002efa        0x2 
 .text.HAL_Init
                0x0000000008002efc       0x44 ./Drivers/STM32F4xx_HAL_Driver/Src/stm32f4xx_hal.o
                0x0000000008002efc                HAL_Init
 .text.HAL_InitTick
                0x0000000008002f40       0x60 ./Drivers/STM32F4xx_HAL_Driver/Src/stm32f4xx_hal.o
                0x0000000008002f40                HAL_InitTick
 .text.HAL_IncTick
                0x0000000008002fa0       0x28 ./Drivers/STM32F4xx_HAL_Driver/Src/stm32f4xx_hal.o
                0x0000000008002fa0                HAL_IncTick
 .text.HAL_GetTick
                0x0000000008002fc8       0x18 ./Drivers/STM32F4xx_HAL_Driver/Src/stm32f4xx_hal.o
                0x0000000008002fc8                HAL_GetTick
 .text.HAL_Delay
                0x0000000008002fe0       0x48 ./Drivers/STM32F4xx_HAL_Driver/Src/stm32f4xx_hal.o
                0x0000000008002fe0                HAL_Delay
 .text.HAL_GetUIDw0
                0x0000000008003028       0x18 ./Drivers/STM32F4xx_HAL_Driver/Src/stm32f4xx_hal.o
                0x0000000008003028                HAL_GetUIDw0
 .text.HAL_GetUIDw1
                0x0000000008003040       0x18 ./Drivers/STM32F4xx_HAL_Driver/Src/stm32f4xx_hal.o
                0x0000000008003040                HAL_GetUIDw1
 .text.HAL_GetUIDw2
                0x0000000008003058       0x18 ./Drivers/STM32F4xx_HAL_Driver/Src/stm32f4xx_hal.o
                0x0000000008003058                HAL_GetUIDw2
 .text.__NVIC_SetPriorityGrouping
                0x0000000008003070       0x48 ./Drivers/STM32F4xx_HAL_Driver/Src/stm32f4xx_hal_cortex.o
 .text.__NVIC_GetPriorityGrouping
                0x00000000080030b8       0x1c ./Drivers/STM32F4xx_HAL_Driver/Src/stm32f4xx_hal_cortex.o
 .text.__NVIC_EnableIRQ
                0x00000000080030d4       0x3c ./Drivers/STM32F4xx_HAL_Driver/Src/stm32f4xx_hal_cortex.o
 .text.__NVIC_SetPriority
                0x0000000008003110       0x54 ./Drivers/STM32F4xx_HAL_Driver/Src/stm32f4xx_hal_cortex.o
 .text.NVIC_EncodePriority
                0x0000000008003164       0x66 ./Drivers/STM32F4xx_HAL_Driver/Src/stm32f4xx_hal_cortex.o
 *fill*         0x00000000080031ca        0x2 
 .text.SysTick_Config
                0x00000000080031cc       0x44 ./Drivers/STM32F4xx_HAL_Driver/Src/stm32f4xx_hal_cortex.o
 .text.HAL_NVIC_SetPriorityGrouping
                0x0000000008003210       0x16 ./Drivers/STM32F4xx_HAL_Driver/Src/stm32f4xx_hal_cortex.o
                0x0000000008003210                HAL_NVIC_SetPriorityGrouping
 .text.HAL_NVIC_SetPriority
                0x0000000008003226       0x38 ./Drivers/STM32F4xx_HAL_Driver/Src/stm32f4xx_hal_cortex.o
                0x0000000008003226                HAL_NVIC_SetPriority
 .text.HAL_NVIC_EnableIRQ
                0x000000000800325e       0x1c ./Drivers/STM32F4xx_HAL_Driver/Src/stm32f4xx_hal_cortex.o
                0x000000000800325e                HAL_NVIC_EnableIRQ
 .text.HAL_SYSTICK_Config
                0x000000000800327a       0x18 ./Drivers/STM32F4xx_HAL_Driver/Src/stm32f4xx_hal_cortex.o
                0x000000000800327a                HAL_SYSTICK_Config
 *fill*         0x0000000008003292        0x2 
 .text.HAL_DMA_Init
                0x0000000008003294      0x15c ./Drivers/STM32F4xx_HAL_Driver/Src/stm32f4xx_hal_dma.o
                0x0000000008003294                HAL_DMA_Init
 .text.HAL_DMA_Start_IT
                0x00000000080033f0       0xb0 ./Drivers/STM32F4xx_HAL_Driver/Src/stm32f4xx_hal_dma.o
                0x00000000080033f0                HAL_DMA_Start_IT
 .text.HAL_DMA_Abort
                0x00000000080034a0       0xe0 ./Drivers/STM32F4xx_HAL_Driver/Src/stm32f4xx_hal_dma.o
                0x00000000080034a0                HAL_DMA_Abort
 .text.HAL_DMA_Abort_IT
                0x0000000008003580       0x44 ./Drivers/STM32F4xx_HAL_Driver/Src/stm32f4xx_hal_dma.o
                0x0000000008003580                HAL_DMA_Abort_IT
 .text.HAL_DMA_IRQHandler
                0x00000000080035c4      0x314 ./Drivers/STM32F4xx_HAL_Driver/Src/stm32f4xx_hal_dma.o
                0x00000000080035c4                HAL_DMA_IRQHandler
 .text.DMA_SetConfig
                0x00000000080038d8       0x5c ./Drivers/STM32F4xx_HAL_Driver/Src/stm32f4xx_hal_dma.o
 .text.DMA_CalcBaseAndBitshift
                0x0000000008003934       0x6c ./Drivers/STM32F4xx_HAL_Driver/Src/stm32f4xx_hal_dma.o
 .text.DMA_CheckFifoParam
                0x00000000080039a0       0xf8 ./Drivers/STM32F4xx_HAL_Driver/Src/stm32f4xx_hal_dma.o
 .text.HAL_GPIO_Init
                0x0000000008003a98      0x308 ./Drivers/STM32F4xx_HAL_Driver/Src/stm32f4xx_hal_gpio.o
                0x0000000008003a98                HAL_GPIO_Init
 .text.HAL_GPIO_WritePin
                0x0000000008003da0       0x32 ./Drivers/STM32F4xx_HAL_Driver/Src/stm32f4xx_hal_gpio.o
                0x0000000008003da0                HAL_GPIO_WritePin
 *fill*         0x0000000008003dd2        0x2 
 .text.HAL_GPIO_EXTI_IRQHandler
                0x0000000008003dd4       0x30 ./Drivers/STM32F4xx_HAL_Driver/Src/stm32f4xx_hal_gpio.o
                0x0000000008003dd4                HAL_GPIO_EXTI_IRQHandler
 .text.HAL_RCC_OscConfig
                0x0000000008003e04      0x4f0 ./Drivers/STM32F4xx_HAL_Driver/Src/stm32f4xx_hal_rcc.o
                0x0000000008003e04                HAL_RCC_OscConfig
 .text.HAL_RCC_ClockConfig
                0x00000000080042f4      0x1cc ./Drivers/STM32F4xx_HAL_Driver/Src/stm32f4xx_hal_rcc.o
                0x00000000080042f4                HAL_RCC_ClockConfig
 .text.HAL_RCC_GetSysClockFreq
                0x00000000080044c0      0x20c ./Drivers/STM32F4xx_HAL_Driver/Src/stm32f4xx_hal_rcc.o
                0x00000000080044c0                HAL_RCC_GetSysClockFreq
 .text.HAL_RCC_GetHCLKFreq
                0x00000000080046cc       0x18 ./Drivers/STM32F4xx_HAL_Driver/Src/stm32f4xx_hal_rcc.o
                0x00000000080046cc                HAL_RCC_GetHCLKFreq
 .text.HAL_RCC_GetPCLK1Freq
                0x00000000080046e4       0x28 ./Drivers/STM32F4xx_HAL_Driver/Src/stm32f4xx_hal_rcc.o
                0x00000000080046e4                HAL_RCC_GetPCLK1Freq
 .text.HAL_RCC_GetPCLK2Freq
                0x000000000800470c       0x28 ./Drivers/STM32F4xx_HAL_Driver/Src/stm32f4xx_hal_rcc.o
                0x000000000800470c                HAL_RCC_GetPCLK2Freq
 .text.HAL_TIM_Base_Init
                0x0000000008004734       0x9e ./Drivers/STM32F4xx_HAL_Driver/Src/stm32f4xx_hal_tim.o
                0x0000000008004734                HAL_TIM_Base_Init
 *fill*         0x00000000080047d2        0x2 
 .text.HAL_TIM_Base_Start_IT
                0x00000000080047d4       0xc4 ./Drivers/STM32F4xx_HAL_Driver/Src/stm32f4xx_hal_tim.o
                0x00000000080047d4                HAL_TIM_Base_Start_IT
 .text.HAL_TIM_PWM_Init
                0x0000000008004898       0x9e ./Drivers/STM32F4xx_HAL_Driver/Src/stm32f4xx_hal_tim.o
                0x0000000008004898                HAL_TIM_PWM_Init
 .text.HAL_TIM_PWM_MspInit
                0x0000000008004936       0x14 ./Drivers/STM32F4xx_HAL_Driver/Src/stm32f4xx_hal_tim.o
                0x0000000008004936                HAL_TIM_PWM_MspInit
 *fill*         0x000000000800494a        0x2 
 .text.HAL_TIM_PWM_Start_DMA
                0x000000000800494c      0x360 ./Drivers/STM32F4xx_HAL_Driver/Src/stm32f4xx_hal_tim.o
                0x000000000800494c                HAL_TIM_PWM_Start_DMA
 .text.HAL_TIM_PWM_Stop_DMA
                0x0000000008004cac      0x18c ./Drivers/STM32F4xx_HAL_Driver/Src/stm32f4xx_hal_tim.o
                0x0000000008004cac                HAL_TIM_PWM_Stop_DMA
 .text.HAL_TIM_IRQHandler
                0x0000000008004e38      0x210 ./Drivers/STM32F4xx_HAL_Driver/Src/stm32f4xx_hal_tim.o
                0x0000000008004e38                HAL_TIM_IRQHandler
 .text.HAL_TIM_PWM_ConfigChannel
                0x0000000008005048      0x184 ./Drivers/STM32F4xx_HAL_Driver/Src/stm32f4xx_hal_tim.o
                0x0000000008005048                HAL_TIM_PWM_ConfigChannel
 .text.HAL_TIM_ConfigClockSource
                0x00000000080051cc      0x18e ./Drivers/STM32F4xx_HAL_Driver/Src/stm32f4xx_hal_tim.o
                0x00000000080051cc                HAL_TIM_ConfigClockSource
 .text.HAL_TIM_OC_DelayElapsedCallback
                0x000000000800535a       0x14 ./Drivers/STM32F4xx_HAL_Driver/Src/stm32f4xx_hal_tim.o
                0x000000000800535a                HAL_TIM_OC_DelayElapsedCallback
 .text.HAL_TIM_IC_CaptureCallback
                0x000000000800536e       0x14 ./Drivers/STM32F4xx_HAL_Driver/Src/stm32f4xx_hal_tim.o
                0x000000000800536e                HAL_TIM_IC_CaptureCallback
 .text.HAL_TIM_PWM_PulseFinishedHalfCpltCallback
                0x0000000008005382       0x14 ./Drivers/STM32F4xx_HAL_Driver/Src/stm32f4xx_hal_tim.o
                0x0000000008005382                HAL_TIM_PWM_PulseFinishedHalfCpltCallback
 .text.HAL_TIM_TriggerCallback
                0x0000000008005396       0x14 ./Drivers/STM32F4xx_HAL_Driver/Src/stm32f4xx_hal_tim.o
                0x0000000008005396                HAL_TIM_TriggerCallback
 .text.HAL_TIM_ErrorCallback
                0x00000000080053aa       0x14 ./Drivers/STM32F4xx_HAL_Driver/Src/stm32f4xx_hal_tim.o
                0x00000000080053aa                HAL_TIM_ErrorCallback
 .text.TIM_DMAError
                0x00000000080053be       0x92 ./Drivers/STM32F4xx_HAL_Driver/Src/stm32f4xx_hal_tim.o
                0x00000000080053be                TIM_DMAError
 .text.TIM_DMADelayPulseCplt
                0x0000000008005450       0xa8 ./Drivers/STM32F4xx_HAL_Driver/Src/stm32f4xx_hal_tim.o
 .text.TIM_DMADelayPulseHalfCplt
                0x00000000080054f8       0x68 ./Drivers/STM32F4xx_HAL_Driver/Src/stm32f4xx_hal_tim.o
                0x00000000080054f8                TIM_DMADelayPulseHalfCplt
 .text.TIM_Base_SetConfig
                0x0000000008005560      0x100 ./Drivers/STM32F4xx_HAL_Driver/Src/stm32f4xx_hal_tim.o
                0x0000000008005560                TIM_Base_SetConfig
 .text.TIM_OC1_SetConfig
                0x0000000008005660       0xcc ./Drivers/STM32F4xx_HAL_Driver/Src/stm32f4xx_hal_tim.o
 .text.TIM_OC2_SetConfig
                0x000000000800572c       0xd8 ./Drivers/STM32F4xx_HAL_Driver/Src/stm32f4xx_hal_tim.o
                0x000000000800572c                TIM_OC2_SetConfig
 .text.TIM_OC3_SetConfig
                0x0000000008005804       0xd4 ./Drivers/STM32F4xx_HAL_Driver/Src/stm32f4xx_hal_tim.o
 .text.TIM_OC4_SetConfig
                0x00000000080058d8       0xa0 ./Drivers/STM32F4xx_HAL_Driver/Src/stm32f4xx_hal_tim.o
 .text.TIM_TI1_ConfigInputStage
                0x0000000008005978       0x5e ./Drivers/STM32F4xx_HAL_Driver/Src/stm32f4xx_hal_tim.o
 .text.TIM_TI2_ConfigInputStage
                0x00000000080059d6       0x60 ./Drivers/STM32F4xx_HAL_Driver/Src/stm32f4xx_hal_tim.o
 .text.TIM_ITRx_SetConfig
                0x0000000008005a36       0x36 ./Drivers/STM32F4xx_HAL_Driver/Src/stm32f4xx_hal_tim.o
 .text.TIM_ETR_SetConfig
                0x0000000008005a6c       0x40 ./Drivers/STM32F4xx_HAL_Driver/Src/stm32f4xx_hal_tim.o
                0x0000000008005a6c                TIM_ETR_SetConfig
 .text.TIM_CCxChannelCmd
                0x0000000008005aac       0x4a ./Drivers/STM32F4xx_HAL_Driver/Src/stm32f4xx_hal_tim.o
                0x0000000008005aac                TIM_CCxChannelCmd
 *fill*         0x0000000008005af6        0x2 
 .text.HAL_TIMEx_MasterConfigSynchronization
                0x0000000008005af8       0xdc ./Drivers/STM32F4xx_HAL_Driver/Src/stm32f4xx_hal_tim_ex.o
                0x0000000008005af8                HAL_TIMEx_MasterConfigSynchronization
 .text.HAL_TIMEx_CommutCallback
                0x0000000008005bd4       0x14 ./Drivers/STM32F4xx_HAL_Driver/Src/stm32f4xx_hal_tim_ex.o
                0x0000000008005bd4                HAL_TIMEx_CommutCallback
 .text.HAL_TIMEx_BreakCallback
                0x0000000008005be8       0x14 ./Drivers/STM32F4xx_HAL_Driver/Src/stm32f4xx_hal_tim_ex.o
                0x0000000008005be8                HAL_TIMEx_BreakCallback
 .text.HAL_UART_Init
                0x0000000008005bfc       0x9a ./Drivers/STM32F4xx_HAL_Driver/Src/stm32f4xx_hal_uart.o
                0x0000000008005bfc                HAL_UART_Init
 .text.HAL_UART_Transmit_IT
                0x0000000008005c96       0x8a ./Drivers/STM32F4xx_HAL_Driver/Src/stm32f4xx_hal_uart.o
                0x0000000008005c96                HAL_UART_Transmit_IT
 .text.HAL_UART_Receive_IT
                0x0000000008005d20       0x60 ./Drivers/STM32F4xx_HAL_Driver/Src/stm32f4xx_hal_uart.o
                0x0000000008005d20                HAL_UART_Receive_IT
 .text.HAL_UART_IRQHandler
                0x0000000008005d80      0x51c ./Drivers/STM32F4xx_HAL_Driver/Src/stm32f4xx_hal_uart.o
                0x0000000008005d80                HAL_UART_IRQHandler
 .text.HAL_UART_ErrorCallback
                0x000000000800629c       0x14 ./Drivers/STM32F4xx_HAL_Driver/Src/stm32f4xx_hal_uart.o
                0x000000000800629c                HAL_UART_ErrorCallback
 .text.HAL_UARTEx_RxEventCallback
                0x00000000080062b0       0x18 ./Drivers/STM32F4xx_HAL_Driver/Src/stm32f4xx_hal_uart.o
                0x00000000080062b0                HAL_UARTEx_RxEventCallback
 .text.UART_Start_Receive_IT
                0x00000000080062c8       0x7c ./Drivers/STM32F4xx_HAL_Driver/Src/stm32f4xx_hal_uart.o
                0x00000000080062c8                UART_Start_Receive_IT
 .text.UART_EndRxTransfer
                0x0000000008006344       0xc6 ./Drivers/STM32F4xx_HAL_Driver/Src/stm32f4xx_hal_uart.o
 .text.UART_DMAAbortOnError
                0x000000000800640a       0x28 ./Drivers/STM32F4xx_HAL_Driver/Src/stm32f4xx_hal_uart.o
 .text.UART_Transmit_IT
                0x0000000008006432       0xa0 ./Drivers/STM32F4xx_HAL_Driver/Src/stm32f4xx_hal_uart.o
 .text.UART_EndTransmit_IT
                0x00000000080064d2       0x30 ./Drivers/STM32F4xx_HAL_Driver/Src/stm32f4xx_hal_uart.o
 .text.UART_Receive_IT
                0x0000000008006502      0x176 ./Drivers/STM32F4xx_HAL_Driver/Src/stm32f4xx_hal_uart.o
 .text.UART_SetConfig
                0x0000000008006678      0x4e8 ./Drivers/STM32F4xx_HAL_Driver/Src/stm32f4xx_hal_uart.o
 .text.memset   0x0000000008006b60       0x10 C:/ST/STM32CubeIDE_1.13.2/STM32CubeIDE/plugins/com.st.stm32cube.ide.mcu.externaltools.gnu-tools-for-stm32.11.3.rel1.win32_1.1.1.202309131626/tools/bin/../lib/gcc/arm-none-eabi/11.3.1/../../../../arm-none-eabi/lib/thumb/v7e-m+fp/hard\libc_nano.a(libc_a-memset.o)
                0x0000000008006b60                memset
 .text.__libc_init_array
                0x0000000008006b70       0x48 C:/ST/STM32CubeIDE_1.13.2/STM32CubeIDE/plugins/com.st.stm32cube.ide.mcu.externaltools.gnu-tools-for-stm32.11.3.rel1.win32_1.1.1.202309131626/tools/bin/../lib/gcc/arm-none-eabi/11.3.1/../../../../arm-none-eabi/lib/thumb/v7e-m+fp/hard\libc_nano.a(libc_a-init.o)
                0x0000000008006b70                __libc_init_array
 *(.glue_7)
 .glue_7        0x0000000008006bb8        0x0 linker stubs
 *(.glue_7t)
 .glue_7t       0x0000000008006bb8        0x0 linker stubs
 *(.eh_frame)
 .eh_frame      0x0000000008006bb8        0x0 C:/ST/STM32CubeIDE_1.13.2/STM32CubeIDE/plugins/com.st.stm32cube.ide.mcu.externaltools.gnu-tools-for-stm32.11.3.rel1.win32_1.1.1.202309131626/tools/bin/../lib/gcc/arm-none-eabi/11.3.1/thumb/v7e-m+fp/hard/crtbegin.o
 *(.init)
 .init          0x0000000008006bb8        0x4 C:/ST/STM32CubeIDE_1.13.2/STM32CubeIDE/plugins/com.st.stm32cube.ide.mcu.externaltools.gnu-tools-for-stm32.11.3.rel1.win32_1.1.1.202309131626/tools/bin/../lib/gcc/arm-none-eabi/11.3.1/thumb/v7e-m+fp/hard/crti.o
                0x0000000008006bb8                _init
 .init          0x0000000008006bbc        0x8 C:/ST/STM32CubeIDE_1.13.2/STM32CubeIDE/plugins/com.st.stm32cube.ide.mcu.externaltools.gnu-tools-for-stm32.11.3.rel1.win32_1.1.1.202309131626/tools/bin/../lib/gcc/arm-none-eabi/11.3.1/thumb/v7e-m+fp/hard/crtn.o
 *(.fini)
 .fini          0x0000000008006bc4        0x4 C:/ST/STM32CubeIDE_1.13.2/STM32CubeIDE/plugins/com.st.stm32cube.ide.mcu.externaltools.gnu-tools-for-stm32.11.3.rel1.win32_1.1.1.202309131626/tools/bin/../lib/gcc/arm-none-eabi/11.3.1/thumb/v7e-m+fp/hard/crti.o
                0x0000000008006bc4                _fini
 .fini          0x0000000008006bc8        0x8 C:/ST/STM32CubeIDE_1.13.2/STM32CubeIDE/plugins/com.st.stm32cube.ide.mcu.externaltools.gnu-tools-for-stm32.11.3.rel1.win32_1.1.1.202309131626/tools/bin/../lib/gcc/arm-none-eabi/11.3.1/thumb/v7e-m+fp/hard/crtn.o
                0x0000000008006bd0                . = ALIGN (0x4)
                0x0000000008006bd0                _etext = .

.vfp11_veneer   0x0000000008006bd0        0x0
 .vfp11_veneer  0x0000000008006bd0        0x0 linker stubs

.v4_bx          0x0000000008006bd0        0x0
 .v4_bx         0x0000000008006bd0        0x0 linker stubs

.iplt           0x0000000008006bd0        0x0
 .iplt          0x0000000008006bd0        0x0 C:/ST/STM32CubeIDE_1.13.2/STM32CubeIDE/plugins/com.st.stm32cube.ide.mcu.externaltools.gnu-tools-for-stm32.11.3.rel1.win32_1.1.1.202309131626/tools/bin/../lib/gcc/arm-none-eabi/11.3.1/thumb/v7e-m+fp/hard/crtbegin.o

.rodata         0x0000000008006bd0       0x24
                0x0000000008006bd0                . = ALIGN (0x4)
 *(.rodata)
 *(.rodata*)
 .rodata.neighbourIDs
                0x0000000008006bd0        0x4 ./Core/Src/main.o
                0x0000000008006bd0                neighbourIDs
 .rodata.AHBPrescTable
                0x0000000008006bd4       0x10 ./Core/Src/system_stm32f4xx.o
                0x0000000008006bd4                AHBPrescTable
 .rodata.APBPrescTable
                0x0000000008006be4        0x8 ./Core/Src/system_stm32f4xx.o
                0x0000000008006be4                APBPrescTable
 .rodata.flagBitshiftOffset.0
                0x0000000008006bec        0x8 ./Drivers/STM32F4xx_HAL_Driver/Src/stm32f4xx_hal_dma.o
                0x0000000008006bf4                . = ALIGN (0x4)

.ARM.extab      0x0000000008006bf4        0x0
                0x0000000008006bf4                . = ALIGN (0x4)
 *(.ARM.extab* .gnu.linkonce.armextab.*)
                0x0000000008006bf4                . = ALIGN (0x4)

.ARM            0x0000000008006bf4        0x8
                0x0000000008006bf4                . = ALIGN (0x4)
                0x0000000008006bf4                __exidx_start = .
 *(.ARM.exidx*)
 .ARM.exidx     0x0000000008006bf4        0x8 C:/ST/STM32CubeIDE_1.13.2/STM32CubeIDE/plugins/com.st.stm32cube.ide.mcu.externaltools.gnu-tools-for-stm32.11.3.rel1.win32_1.1.1.202309131626/tools/bin/../lib/gcc/arm-none-eabi/11.3.1/thumb/v7e-m+fp/hard\libgcc.a(_udivmoddi4.o)
                0x0000000008006bfc                __exidx_end = .
                0x0000000008006bfc                . = ALIGN (0x4)

.rel.dyn        0x0000000008006bfc        0x0
 .rel.iplt      0x0000000008006bfc        0x0 C:/ST/STM32CubeIDE_1.13.2/STM32CubeIDE/plugins/com.st.stm32cube.ide.mcu.externaltools.gnu-tools-for-stm32.11.3.rel1.win32_1.1.1.202309131626/tools/bin/../lib/gcc/arm-none-eabi/11.3.1/thumb/v7e-m+fp/hard/crtbegin.o

.preinit_array  0x0000000008006bfc        0x0
                0x0000000008006bfc                . = ALIGN (0x4)
                0x0000000008006bfc                PROVIDE (__preinit_array_start = .)
 *(.preinit_array*)
                0x0000000008006bfc                PROVIDE (__preinit_array_end = .)
                0x0000000008006bfc                . = ALIGN (0x4)

.init_array     0x0000000008006bfc        0x4
                0x0000000008006bfc                . = ALIGN (0x4)
                0x0000000008006bfc                PROVIDE (__init_array_start = .)
 *(SORT_BY_NAME(.init_array.*))
 *(.init_array*)
 .init_array    0x0000000008006bfc        0x4 C:/ST/STM32CubeIDE_1.13.2/STM32CubeIDE/plugins/com.st.stm32cube.ide.mcu.externaltools.gnu-tools-for-stm32.11.3.rel1.win32_1.1.1.202309131626/tools/bin/../lib/gcc/arm-none-eabi/11.3.1/thumb/v7e-m+fp/hard/crtbegin.o
                0x0000000008006c00                PROVIDE (__init_array_end = .)
                0x0000000008006c00                . = ALIGN (0x4)

.fini_array     0x0000000008006c00        0x4
                0x0000000008006c00                . = ALIGN (0x4)
                [!provide]                        PROVIDE (__fini_array_start = .)
 *(SORT_BY_NAME(.fini_array.*))
 *(.fini_array*)
 .fini_array    0x0000000008006c00        0x4 C:/ST/STM32CubeIDE_1.13.2/STM32CubeIDE/plugins/com.st.stm32cube.ide.mcu.externaltools.gnu-tools-for-stm32.11.3.rel1.win32_1.1.1.202309131626/tools/bin/../lib/gcc/arm-none-eabi/11.3.1/thumb/v7e-m+fp/hard/crtbegin.o
                [!provide]                        PROVIDE (__fini_array_end = .)
                0x0000000008006c04                . = ALIGN (0x4)
                0x0000000008006c04                _sidata = LOADADDR (.data)

.data           0x0000000020000000       0x4c load address 0x0000000008006c04
                0x0000000020000000                . = ALIGN (0x4)
                0x0000000020000000                _sdata = .
 *(.data)
 *(.data*)
 .data.myAddress
                0x0000000020000000        0x1 ./Core/Src/main.o
                0x0000000020000000                myAddress
 *fill*         0x0000000020000001        0x3 
 .data.LEDColors
                0x0000000020000004       0x33 ./Core/Src/main.o
                0x0000000020000004                LEDColors
 *fill*         0x0000000020000037        0x1 
 .data.neighbourSendPins
                0x0000000020000038        0x8 ./Core/Src/main.o
                0x0000000020000038                neighbourSendPins
 .data.SystemCoreClock
                0x0000000020000040        0x4 ./Core/Src/system_stm32f4xx.o
                0x0000000020000040                SystemCoreClock
 .data.uwTickPrio
                0x0000000020000044        0x4 ./Drivers/STM32F4xx_HAL_Driver/Src/stm32f4xx_hal.o
                0x0000000020000044                uwTickPrio
 .data.uwTickFreq
                0x0000000020000048        0x1 ./Drivers/STM32F4xx_HAL_Driver/Src/stm32f4xx_hal.o
                0x0000000020000048                uwTickFreq
 *(.RamFunc)
 *(.RamFunc*)
                0x000000002000004c                . = ALIGN (0x4)
 *fill*         0x0000000020000049        0x3 
                0x000000002000004c                _edata = .

.igot.plt       0x000000002000004c        0x0 load address 0x0000000008006c50
 .igot.plt      0x000000002000004c        0x0 C:/ST/STM32CubeIDE_1.13.2/STM32CubeIDE/plugins/com.st.stm32cube.ide.mcu.externaltools.gnu-tools-for-stm32.11.3.rel1.win32_1.1.1.202309131626/tools/bin/../lib/gcc/arm-none-eabi/11.3.1/thumb/v7e-m+fp/hard/crtbegin.o
                0x000000002000004c                . = ALIGN (0x4)

.bss            0x000000002000004c      0x514 load address 0x0000000008006c50
                0x000000002000004c                _sbss = .
                0x000000002000004c                __bss_start__ = _sbss
 *(.bss)
 .bss           0x000000002000004c       0x1c C:/ST/STM32CubeIDE_1.13.2/STM32CubeIDE/plugins/com.st.stm32cube.ide.mcu.externaltools.gnu-tools-for-stm32.11.3.rel1.win32_1.1.1.202309131626/tools/bin/../lib/gcc/arm-none-eabi/11.3.1/thumb/v7e-m+fp/hard/crtbegin.o
 *(.bss*)
 .bss.htim2     0x0000000020000068       0x48 ./Core/Src/main.o
                0x0000000020000068                htim2
 .bss.htim3     0x00000000200000b0       0x48 ./Core/Src/main.o
                0x00000000200000b0                htim3
 .bss.hdma_tim2_ch3_up
                0x00000000200000f8       0x60 ./Core/Src/main.o
                0x00000000200000f8                hdma_tim2_ch3_up
 .bss.huart1    0x0000000020000158       0x44 ./Core/Src/main.o
                0x0000000020000158                huart1
 .bss.huart2    0x000000002000019c       0x44 ./Core/Src/main.o
                0x000000002000019c                huart2
 .bss.tx_complete
                0x00000000200001e0        0x1 ./Core/Src/main.o
                0x00000000200001e0                tx_complete
 *fill*         0x00000000200001e1        0x3 
 .bss.rx_buf    0x00000000200001e4       0x10 ./Core/Src/main.o
                0x00000000200001e4                rx_buf
 .bss.L1_PDU    0x00000000200001f4       0x10 ./Core/Src/main.o
                0x00000000200001f4                L1_PDU
 .bss.cnt       0x0000000020000204        0x1 ./Core/Src/main.o
                0x0000000020000204                cnt
 *fill*         0x0000000020000205        0x3 
 .bss.millis    0x0000000020000208        0x4 ./Core/Src/main.o
                0x0000000020000208                millis
 .bss.lastPress
                0x000000002000020c        0x4 ./Core/Src/main.o
                0x000000002000020c                lastPress
 .bss.dmaBuffer
                0x0000000020000210      0x304 ./Core/Src/main.o
                0x0000000020000210                dmaBuffer
 .bss.pBuff     0x0000000020000514        0x4 ./Core/Src/main.o
                0x0000000020000514                pBuff
 .bss.pixels    0x0000000020000518       0x20 ./Core/Src/main.o
                0x0000000020000518                pixels
 .bss.timer_irq
                0x0000000020000538        0x1 ./Core/Src/main.o
                0x0000000020000538                timer_irq
 .bss.state     0x0000000020000539        0x1 ./Core/Src/main.o
                0x0000000020000539                state
 .bss.errorId   0x000000002000053a        0x1 ./Core/Src/main.o
                0x000000002000053a                errorId
 .bss.partnerId
                0x000000002000053b        0x1 ./Core/Src/main.o
                0x000000002000053b                partnerId
 .bss.packageId
                0x000000002000053c        0x1 ./Core/Src/main.o
                0x000000002000053c                packageId
 *fill*         0x000000002000053d        0x3 
 .bss.Lager     0x0000000020000540        0x6 ./Core/Src/main.o
                0x0000000020000540                Lager
 *fill*         0x0000000020000546        0x2 
 .bss.tempLager
                0x0000000020000548        0x6 ./Core/Src/main.o
                0x0000000020000548                tempLager
 .bss.ApNr      0x000000002000054e        0x1 ./Core/Src/main.o
                0x000000002000054e                ApNr
 .bss.receive   0x000000002000054f        0x1 ./Core/Src/main.o
                0x000000002000054f                receive
 .bss.passOn    0x0000000020000550        0x1 ./Core/Src/main.o
                0x0000000020000550                passOn
 .bss.create    0x0000000020000551        0x1 ./Core/Src/main.o
                0x0000000020000551                create
 .bss.deliver   0x0000000020000552        0x1 ./Core/Src/main.o
                0x0000000020000552                deliver
 .bss.poll      0x0000000020000553        0x1 ./Core/Src/main.o
                0x0000000020000553                poll
 .bss.await     0x0000000020000554        0x1 ./Core/Src/main.o
                0x0000000020000554                await
 .bss.finishedSend
                0x0000000020000555        0x1 ./Core/Src/main.o
                0x0000000020000555                finishedSend
 .bss.finishedStore
                0x0000000020000556        0x1 ./Core/Src/main.o
                0x0000000020000556                finishedStore
 .bss.failure   0x0000000020000557        0x1 ./Core/Src/main.o
                0x0000000020000557                failure
 .bss.receivedSDU
                0x0000000020000558        0x1 ./Core/Src/main.o
                0x0000000020000558                receivedSDU
 .bss.GPIO_neighbour_in
                0x0000000020000559        0x1 ./Core/Src/main.o
                0x0000000020000559                GPIO_neighbour_in
 .bss.zustand   0x000000002000055a        0x1 ./Core/Src/main.o
                0x000000002000055a                zustand
 .bss.aktion    0x000000002000055b        0x1 ./Core/Src/main.o
                0x000000002000055b                aktion
 .bss.uwTick    0x000000002000055c        0x4 ./Drivers/STM32F4xx_HAL_Driver/Src/stm32f4xx_hal.o
                0x000000002000055c                uwTick
 *(COMMON)
                0x0000000020000560                . = ALIGN (0x4)
                0x0000000020000560                _ebss = .
                0x0000000020000560                __bss_end__ = _ebss

._user_heap_stack
                0x0000000020000560      0x600 load address 0x0000000008006c50
                0x0000000020000560                . = ALIGN (0x8)
                [!provide]                        PROVIDE (end = .)
                0x0000000020000560                PROVIDE (_end = .)
                0x0000000020000760                . = (. + _Min_Heap_Size)
 *fill*         0x0000000020000560      0x200 
                0x0000000020000b60                . = (. + _Min_Stack_Size)
 *fill*         0x0000000020000760      0x400 
                0x0000000020000b60                . = ALIGN (0x8)

/DISCARD/
 libc.a(*)
 libm.a(*)
 libgcc.a(*)

.ARM.attributes
                0x0000000000000000       0x30
 *(.ARM.attributes)
 .ARM.attributes
                0x0000000000000000       0x1e C:/ST/STM32CubeIDE_1.13.2/STM32CubeIDE/plugins/com.st.stm32cube.ide.mcu.externaltools.gnu-tools-for-stm32.11.3.rel1.win32_1.1.1.202309131626/tools/bin/../lib/gcc/arm-none-eabi/11.3.1/thumb/v7e-m+fp/hard/crti.o
 .ARM.attributes
                0x000000000000001e       0x34 C:/ST/STM32CubeIDE_1.13.2/STM32CubeIDE/plugins/com.st.stm32cube.ide.mcu.externaltools.gnu-tools-for-stm32.11.3.rel1.win32_1.1.1.202309131626/tools/bin/../lib/gcc/arm-none-eabi/11.3.1/thumb/v7e-m+fp/hard/crtbegin.o
 .ARM.attributes
                0x0000000000000052       0x34 ./Core/Src/main.o
 .ARM.attributes
                0x0000000000000086       0x34 ./Core/Src/stm32f4xx_hal_msp.o
 .ARM.attributes
                0x00000000000000ba       0x34 ./Core/Src/stm32f4xx_it.o
 .ARM.attributes
                0x00000000000000ee       0x34 ./Core/Src/system_stm32f4xx.o
 .ARM.attributes
                0x0000000000000122       0x21 ./Core/Startup/startup_stm32f401retx.o
 .ARM.attributes
                0x0000000000000143       0x34 ./Drivers/STM32F4xx_HAL_Driver/Src/stm32f4xx_hal.o
 .ARM.attributes
                0x0000000000000177       0x34 ./Drivers/STM32F4xx_HAL_Driver/Src/stm32f4xx_hal_cortex.o
 .ARM.attributes
                0x00000000000001ab       0x34 ./Drivers/STM32F4xx_HAL_Driver/Src/stm32f4xx_hal_dma.o
 .ARM.attributes
                0x00000000000001df       0x34 ./Drivers/STM32F4xx_HAL_Driver/Src/stm32f4xx_hal_gpio.o
 .ARM.attributes
                0x0000000000000213       0x34 ./Drivers/STM32F4xx_HAL_Driver/Src/stm32f4xx_hal_rcc.o
 .ARM.attributes
                0x0000000000000247       0x34 ./Drivers/STM32F4xx_HAL_Driver/Src/stm32f4xx_hal_tim.o
 .ARM.attributes
                0x000000000000027b       0x34 ./Drivers/STM32F4xx_HAL_Driver/Src/stm32f4xx_hal_tim_ex.o
 .ARM.attributes
                0x00000000000002af       0x34 ./Drivers/STM32F4xx_HAL_Driver/Src/stm32f4xx_hal_uart.o
 .ARM.attributes
                0x00000000000002e3       0x34 C:/ST/STM32CubeIDE_1.13.2/STM32CubeIDE/plugins/com.st.stm32cube.ide.mcu.externaltools.gnu-tools-for-stm32.11.3.rel1.win32_1.1.1.202309131626/tools/bin/../lib/gcc/arm-none-eabi/11.3.1/../../../../arm-none-eabi/lib/thumb/v7e-m+fp/hard\libc_nano.a(libc_a-memset.o)
 .ARM.attributes
                0x0000000000000317       0x34 C:/ST/STM32CubeIDE_1.13.2/STM32CubeIDE/plugins/com.st.stm32cube.ide.mcu.externaltools.gnu-tools-for-stm32.11.3.rel1.win32_1.1.1.202309131626/tools/bin/../lib/gcc/arm-none-eabi/11.3.1/../../../../arm-none-eabi/lib/thumb/v7e-m+fp/hard\libc_nano.a(libc_a-init.o)
 .ARM.attributes
                0x000000000000034b       0x1e C:/ST/STM32CubeIDE_1.13.2/STM32CubeIDE/plugins/com.st.stm32cube.ide.mcu.externaltools.gnu-tools-for-stm32.11.3.rel1.win32_1.1.1.202309131626/tools/bin/../lib/gcc/arm-none-eabi/11.3.1/thumb/v7e-m+fp/hard\libgcc.a(_arm_muldf3.o)
 .ARM.attributes
                0x0000000000000369       0x1e C:/ST/STM32CubeIDE_1.13.2/STM32CubeIDE/plugins/com.st.stm32cube.ide.mcu.externaltools.gnu-tools-for-stm32.11.3.rel1.win32_1.1.1.202309131626/tools/bin/../lib/gcc/arm-none-eabi/11.3.1/thumb/v7e-m+fp/hard\libgcc.a(_arm_addsubdf3.o)
 .ARM.attributes
                0x0000000000000387       0x1e C:/ST/STM32CubeIDE_1.13.2/STM32CubeIDE/plugins/com.st.stm32cube.ide.mcu.externaltools.gnu-tools-for-stm32.11.3.rel1.win32_1.1.1.202309131626/tools/bin/../lib/gcc/arm-none-eabi/11.3.1/thumb/v7e-m+fp/hard\libgcc.a(_arm_fixunsdfsi.o)
 .ARM.attributes
                0x00000000000003a5       0x1e C:/ST/STM32CubeIDE_1.13.2/STM32CubeIDE/plugins/com.st.stm32cube.ide.mcu.externaltools.gnu-tools-for-stm32.11.3.rel1.win32_1.1.1.202309131626/tools/bin/../lib/gcc/arm-none-eabi/11.3.1/thumb/v7e-m+fp/hard\libgcc.a(_aeabi_uldivmod.o)
 .ARM.attributes
                0x00000000000003c3       0x34 C:/ST/STM32CubeIDE_1.13.2/STM32CubeIDE/plugins/com.st.stm32cube.ide.mcu.externaltools.gnu-tools-for-stm32.11.3.rel1.win32_1.1.1.202309131626/tools/bin/../lib/gcc/arm-none-eabi/11.3.1/thumb/v7e-m+fp/hard\libgcc.a(_udivmoddi4.o)
 .ARM.attributes
                0x00000000000003f7       0x1e C:/ST/STM32CubeIDE_1.13.2/STM32CubeIDE/plugins/com.st.stm32cube.ide.mcu.externaltools.gnu-tools-for-stm32.11.3.rel1.win32_1.1.1.202309131626/tools/bin/../lib/gcc/arm-none-eabi/11.3.1/thumb/v7e-m+fp/hard\libgcc.a(_dvmd_tls.o)
 .ARM.attributes
                0x0000000000000415       0x1e C:/ST/STM32CubeIDE_1.13.2/STM32CubeIDE/plugins/com.st.stm32cube.ide.mcu.externaltools.gnu-tools-for-stm32.11.3.rel1.win32_1.1.1.202309131626/tools/bin/../lib/gcc/arm-none-eabi/11.3.1/thumb/v7e-m+fp/hard/crtn.o
OUTPUT(es-project.elf elf32-littlearm)
LOAD linker stubs
LOAD C:/ST/STM32CubeIDE_1.13.2/STM32CubeIDE/plugins/com.st.stm32cube.ide.mcu.externaltools.gnu-tools-for-stm32.11.3.rel1.win32_1.1.1.202309131626/tools/bin/../lib/gcc/arm-none-eabi/11.3.1/../../../../arm-none-eabi/lib/thumb/v7e-m+fp/hard\libc.a
LOAD C:/ST/STM32CubeIDE_1.13.2/STM32CubeIDE/plugins/com.st.stm32cube.ide.mcu.externaltools.gnu-tools-for-stm32.11.3.rel1.win32_1.1.1.202309131626/tools/bin/../lib/gcc/arm-none-eabi/11.3.1/../../../../arm-none-eabi/lib/thumb/v7e-m+fp/hard\libm.a
LOAD C:/ST/STM32CubeIDE_1.13.2/STM32CubeIDE/plugins/com.st.stm32cube.ide.mcu.externaltools.gnu-tools-for-stm32.11.3.rel1.win32_1.1.1.202309131626/tools/bin/../lib/gcc/arm-none-eabi/11.3.1/thumb/v7e-m+fp/hard\libgcc.a

.comment        0x0000000000000000       0x43
 .comment       0x0000000000000000       0x43 C:/ST/STM32CubeIDE_1.13.2/STM32CubeIDE/plugins/com.st.stm32cube.ide.mcu.externaltools.gnu-tools-for-stm32.11.3.rel1.win32_1.1.1.202309131626/tools/bin/../lib/gcc/arm-none-eabi/11.3.1/thumb/v7e-m+fp/hard/crtbegin.o
                                         0x44 (size before relaxing)
 .comment       0x0000000000000043       0x44 ./Core/Src/main.o
 .comment       0x0000000000000043       0x44 ./Core/Src/stm32f4xx_hal_msp.o
 .comment       0x0000000000000043       0x44 ./Core/Src/stm32f4xx_it.o
 .comment       0x0000000000000043       0x44 ./Core/Src/system_stm32f4xx.o
 .comment       0x0000000000000043       0x44 ./Drivers/STM32F4xx_HAL_Driver/Src/stm32f4xx_hal.o
 .comment       0x0000000000000043       0x44 ./Drivers/STM32F4xx_HAL_Driver/Src/stm32f4xx_hal_cortex.o
 .comment       0x0000000000000043       0x44 ./Drivers/STM32F4xx_HAL_Driver/Src/stm32f4xx_hal_dma.o
 .comment       0x0000000000000043       0x44 ./Drivers/STM32F4xx_HAL_Driver/Src/stm32f4xx_hal_gpio.o
 .comment       0x0000000000000043       0x44 ./Drivers/STM32F4xx_HAL_Driver/Src/stm32f4xx_hal_rcc.o
 .comment       0x0000000000000043       0x44 ./Drivers/STM32F4xx_HAL_Driver/Src/stm32f4xx_hal_tim.o
 .comment       0x0000000000000043       0x44 ./Drivers/STM32F4xx_HAL_Driver/Src/stm32f4xx_hal_tim_ex.o
 .comment       0x0000000000000043       0x44 ./Drivers/STM32F4xx_HAL_Driver/Src/stm32f4xx_hal_uart.o

.debug_info     0x0000000000000000     0xdc65
 .debug_info    0x0000000000000000     0x214a ./Core/Src/main.o
 .debug_info    0x000000000000214a      0xfbe ./Core/Src/stm32f4xx_hal_msp.o
 .debug_info    0x0000000000003108      0xa18 ./Core/Src/stm32f4xx_it.o
 .debug_info    0x0000000000003b20      0x53e ./Core/Src/system_stm32f4xx.o
 .debug_info    0x000000000000405e       0x23 ./Core/Startup/startup_stm32f401retx.o
 .debug_info    0x0000000000004081      0x8bb ./Drivers/STM32F4xx_HAL_Driver/Src/stm32f4xx_hal.o
 .debug_info    0x000000000000493c      0xcb0 ./Drivers/STM32F4xx_HAL_Driver/Src/stm32f4xx_hal_cortex.o
 .debug_info    0x00000000000055ec      0x8e6 ./Drivers/STM32F4xx_HAL_Driver/Src/stm32f4xx_hal_dma.o
 .debug_info    0x0000000000005ed2      0x6f9 ./Drivers/STM32F4xx_HAL_Driver/Src/stm32f4xx_hal_gpio.o
 .debug_info    0x00000000000065cb      0x8f3 ./Drivers/STM32F4xx_HAL_Driver/Src/stm32f4xx_hal_rcc.o
 .debug_info    0x0000000000006ebe     0x2941 ./Drivers/STM32F4xx_HAL_Driver/Src/stm32f4xx_hal_tim.o
 .debug_info    0x00000000000097ff     0x14a7 ./Drivers/STM32F4xx_HAL_Driver/Src/stm32f4xx_hal_tim_ex.o
 .debug_info    0x000000000000aca6     0x2fbf ./Drivers/STM32F4xx_HAL_Driver/Src/stm32f4xx_hal_uart.o

.debug_abbrev   0x0000000000000000     0x1d2d
 .debug_abbrev  0x0000000000000000      0x391 ./Core/Src/main.o
 .debug_abbrev  0x0000000000000391      0x249 ./Core/Src/stm32f4xx_hal_msp.o
 .debug_abbrev  0x00000000000005da      0x1de ./Core/Src/stm32f4xx_it.o
 .debug_abbrev  0x00000000000007b8      0x11a ./Core/Src/system_stm32f4xx.o
 .debug_abbrev  0x00000000000008d2       0x12 ./Core/Startup/startup_stm32f401retx.o
 .debug_abbrev  0x00000000000008e4      0x24b ./Drivers/STM32F4xx_HAL_Driver/Src/stm32f4xx_hal.o
 .debug_abbrev  0x0000000000000b2f      0x327 ./Drivers/STM32F4xx_HAL_Driver/Src/stm32f4xx_hal_cortex.o
 .debug_abbrev  0x0000000000000e56      0x221 ./Drivers/STM32F4xx_HAL_Driver/Src/stm32f4xx_hal_dma.o
 .debug_abbrev  0x0000000000001077      0x1d3 ./Drivers/STM32F4xx_HAL_Driver/Src/stm32f4xx_hal_gpio.o
 .debug_abbrev  0x000000000000124a      0x2b5 ./Drivers/STM32F4xx_HAL_Driver/Src/stm32f4xx_hal_rcc.o
 .debug_abbrev  0x00000000000014ff      0x284 ./Drivers/STM32F4xx_HAL_Driver/Src/stm32f4xx_hal_tim.o
 .debug_abbrev  0x0000000000001783      0x28f ./Drivers/STM32F4xx_HAL_Driver/Src/stm32f4xx_hal_tim_ex.o
 .debug_abbrev  0x0000000000001a12      0x31b ./Drivers/STM32F4xx_HAL_Driver/Src/stm32f4xx_hal_uart.o

.debug_aranges  0x0000000000000000      0xd88
 .debug_aranges
                0x0000000000000000      0x198 ./Core/Src/main.o
 .debug_aranges
                0x0000000000000198       0x48 ./Core/Src/stm32f4xx_hal_msp.o
 .debug_aranges
                0x00000000000001e0       0xa8 ./Core/Src/stm32f4xx_it.o
 .debug_aranges
                0x0000000000000288       0x28 ./Core/Src/system_stm32f4xx.o
 .debug_aranges
                0x00000000000002b0       0x28 ./Core/Startup/startup_stm32f401retx.o
 .debug_aranges
                0x00000000000002d8       0xf0 ./Drivers/STM32F4xx_HAL_Driver/Src/stm32f4xx_hal.o
 .debug_aranges
                0x00000000000003c8      0x118 ./Drivers/STM32F4xx_HAL_Driver/Src/stm32f4xx_hal_cortex.o
 .debug_aranges
                0x00000000000004e0       0x90 ./Drivers/STM32F4xx_HAL_Driver/Src/stm32f4xx_hal_dma.o
 .debug_aranges
                0x0000000000000570       0x58 ./Drivers/STM32F4xx_HAL_Driver/Src/stm32f4xx_hal_gpio.o
 .debug_aranges
                0x00000000000005c8       0x88 ./Drivers/STM32F4xx_HAL_Driver/Src/stm32f4xx_hal_rcc.o
 .debug_aranges
                0x0000000000000650      0x3d0 ./Drivers/STM32F4xx_HAL_Driver/Src/stm32f4xx_hal_tim.o
 .debug_aranges
                0x0000000000000a20      0x168 ./Drivers/STM32F4xx_HAL_Driver/Src/stm32f4xx_hal_tim_ex.o
 .debug_aranges
                0x0000000000000b88      0x200 ./Drivers/STM32F4xx_HAL_Driver/Src/stm32f4xx_hal_uart.o

.debug_rnglists
                0x0000000000000000      0xaa7
 .debug_rnglists
                0x0000000000000000      0x140 ./Core/Src/main.o
 .debug_rnglists
                0x0000000000000140       0x33 ./Core/Src/stm32f4xx_hal_msp.o
 .debug_rnglists
                0x0000000000000173       0x79 ./Core/Src/stm32f4xx_it.o
 .debug_rnglists
                0x00000000000001ec       0x1a ./Core/Src/system_stm32f4xx.o
 .debug_rnglists
                0x0000000000000206       0x19 ./Core/Startup/startup_stm32f401retx.o
 .debug_rnglists
                0x000000000000021f       0xaf ./Drivers/STM32F4xx_HAL_Driver/Src/stm32f4xx_hal.o
 .debug_rnglists
                0x00000000000002ce       0xce ./Drivers/STM32F4xx_HAL_Driver/Src/stm32f4xx_hal_cortex.o
 .debug_rnglists
                0x000000000000039c       0x70 ./Drivers/STM32F4xx_HAL_Driver/Src/stm32f4xx_hal_dma.o
 .debug_rnglists
                0x000000000000040c       0x3f ./Drivers/STM32F4xx_HAL_Driver/Src/stm32f4xx_hal_gpio.o
 .debug_rnglists
                0x000000000000044b       0x66 ./Drivers/STM32F4xx_HAL_Driver/Src/stm32f4xx_hal_rcc.o
 .debug_rnglists
                0x00000000000004b1      0x31a ./Drivers/STM32F4xx_HAL_Driver/Src/stm32f4xx_hal_tim.o
 .debug_rnglists
                0x00000000000007cb      0x125 ./Drivers/STM32F4xx_HAL_Driver/Src/stm32f4xx_hal_tim_ex.o
 .debug_rnglists
                0x00000000000008f0      0x1b7 ./Drivers/STM32F4xx_HAL_Driver/Src/stm32f4xx_hal_uart.o

.debug_macro    0x0000000000000000    0x16214
 .debug_macro   0x0000000000000000      0x378 ./Core/Src/main.o
 .debug_macro   0x0000000000000378      0xaa8 ./Core/Src/main.o
 .debug_macro   0x0000000000000e20      0x29b ./Core/Src/main.o
 .debug_macro   0x00000000000010bb       0x2e ./Core/Src/main.o
 .debug_macro   0x00000000000010e9       0x28 ./Core/Src/main.o
 .debug_macro   0x0000000000001111       0x22 ./Core/Src/main.o
 .debug_macro   0x0000000000001133       0x8e ./Core/Src/main.o
 .debug_macro   0x00000000000011c1       0x51 ./Core/Src/main.o
 .debug_macro   0x0000000000001212      0x103 ./Core/Src/main.o
 .debug_macro   0x0000000000001315       0x6a ./Core/Src/main.o
 .debug_macro   0x000000000000137f      0x1df ./Core/Src/main.o
 .debug_macro   0x000000000000155e       0x1c ./Core/Src/main.o
 .debug_macro   0x000000000000157a       0x22 ./Core/Src/main.o
 .debug_macro   0x000000000000159c       0xd9 ./Core/Src/main.o
 .debug_macro   0x0000000000001675     0x102d ./Core/Src/main.o
 .debug_macro   0x00000000000026a2      0x11f ./Core/Src/main.o
 .debug_macro   0x00000000000027c1     0xb86c ./Core/Src/main.o
 .debug_macro   0x000000000000e02d       0x6d ./Core/Src/main.o
 .debug_macro   0x000000000000e09a     0x367e ./Core/Src/main.o
 .debug_macro   0x0000000000011718      0x174 ./Core/Src/main.o
 .debug_macro   0x000000000001188c       0x5c ./Core/Src/main.o
 .debug_macro   0x00000000000118e8      0x416 ./Core/Src/main.o
 .debug_macro   0x0000000000011cfe      0x9fe ./Core/Src/main.o
 .debug_macro   0x00000000000126fc      0x115 ./Core/Src/main.o
 .debug_macro   0x0000000000012811       0xf8 ./Core/Src/main.o
 .debug_macro   0x0000000000012909       0xa5 ./Core/Src/main.o
 .debug_macro   0x00000000000129ae      0x15f ./Core/Src/main.o
 .debug_macro   0x0000000000012b0d      0x287 ./Core/Src/main.o
 .debug_macro   0x0000000000012d94       0x5f ./Core/Src/main.o
 .debug_macro   0x0000000000012df3      0x236 ./Core/Src/main.o
 .debug_macro   0x0000000000013029      0x132 ./Core/Src/main.o
 .debug_macro   0x000000000001315b      0x264 ./Core/Src/main.o
 .debug_macro   0x00000000000133bf       0x2e ./Core/Src/main.o
 .debug_macro   0x00000000000133ed      0x11a ./Core/Src/main.o
 .debug_macro   0x0000000000013507       0x85 ./Core/Src/main.o
 .debug_macro   0x000000000001358c       0x89 ./Core/Src/main.o
 .debug_macro   0x0000000000013615      0x8e6 ./Core/Src/main.o
 .debug_macro   0x0000000000013efb       0x47 ./Core/Src/main.o
 .debug_macro   0x0000000000013f42      0x295 ./Core/Src/main.o
 .debug_macro   0x00000000000141d7      0x126 ./Core/Src/main.o
 .debug_macro   0x00000000000142fd       0xd6 ./Core/Src/main.o
 .debug_macro   0x00000000000143d3       0x22 ./Core/Src/main.o
 .debug_macro   0x00000000000143f5       0x61 ./Core/Src/main.o
 .debug_macro   0x0000000000014456       0x2a ./Core/Src/main.o
 .debug_macro   0x0000000000014480       0x43 ./Core/Src/main.o
 .debug_macro   0x00000000000144c3       0x34 ./Core/Src/main.o
 .debug_macro   0x00000000000144f7       0x16 ./Core/Src/main.o
 .debug_macro   0x000000000001450d       0x43 ./Core/Src/main.o
 .debug_macro   0x0000000000014550       0x34 ./Core/Src/main.o
 .debug_macro   0x0000000000014584       0x10 ./Core/Src/main.o
 .debug_macro   0x0000000000014594       0x58 ./Core/Src/main.o
 .debug_macro   0x00000000000145ec       0x8e ./Core/Src/main.o
 .debug_macro   0x000000000001467a       0x1c ./Core/Src/main.o
 .debug_macro   0x0000000000014696      0x177 ./Core/Src/main.o
 .debug_macro   0x000000000001480d      0x369 ./Core/Src/main.o
 .debug_macro   0x0000000000014b76       0x10 ./Core/Src/main.o
 .debug_macro   0x0000000000014b86       0x35 ./Core/Src/main.o
 .debug_macro   0x0000000000014bbb       0x20 ./Core/Src/main.o
 .debug_macro   0x0000000000014bdb       0x1c ./Core/Src/main.o
 .debug_macro   0x0000000000014bf7       0x10 ./Core/Src/main.o
 .debug_macro   0x0000000000014c07       0x1c ./Core/Src/main.o
 .debug_macro   0x0000000000014c23       0x16 ./Core/Src/main.o
 .debug_macro   0x0000000000014c39      0x147 ./Core/Src/main.o
 .debug_macro   0x0000000000014d80      0x1dd ./Core/Src/stm32f4xx_hal_msp.o
 .debug_macro   0x0000000000014f5d      0x1e7 ./Core/Src/stm32f4xx_it.o
 .debug_macro   0x0000000000015144      0x1ce ./Core/Src/system_stm32f4xx.o
 .debug_macro   0x0000000000015312      0x22e ./Drivers/STM32F4xx_HAL_Driver/Src/stm32f4xx_hal.o
 .debug_macro   0x0000000000015540      0x1ce ./Drivers/STM32F4xx_HAL_Driver/Src/stm32f4xx_hal_cortex.o
 .debug_macro   0x000000000001570e      0x1d4 ./Drivers/STM32F4xx_HAL_Driver/Src/stm32f4xx_hal_dma.o
 .debug_macro   0x00000000000158e2      0x1d4 ./Drivers/STM32F4xx_HAL_Driver/Src/stm32f4xx_hal_gpio.o
 .debug_macro   0x0000000000015ab6      0x1f2 ./Drivers/STM32F4xx_HAL_Driver/Src/stm32f4xx_hal_rcc.o
 .debug_macro   0x0000000000015ca8      0x1cf ./Drivers/STM32F4xx_HAL_Driver/Src/stm32f4xx_hal_tim.o
 .debug_macro   0x0000000000015e77      0x1ce ./Drivers/STM32F4xx_HAL_Driver/Src/stm32f4xx_hal_tim_ex.o
 .debug_macro   0x0000000000016045      0x1cf ./Drivers/STM32F4xx_HAL_Driver/Src/stm32f4xx_hal_uart.o

.debug_line     0x0000000000000000     0xee45
 .debug_line    0x0000000000000000     0x1b6e ./Core/Src/main.o
 .debug_line    0x0000000000001b6e      0x880 ./Core/Src/stm32f4xx_hal_msp.o
 .debug_line    0x00000000000023ee      0x8e1 ./Core/Src/stm32f4xx_it.o
 .debug_line    0x0000000000002ccf      0x7c8 ./Core/Src/system_stm32f4xx.o
 .debug_line    0x0000000000003497       0x7a ./Core/Startup/startup_stm32f401retx.o
 .debug_line    0x0000000000003511      0xa2e ./Drivers/STM32F4xx_HAL_Driver/Src/stm32f4xx_hal.o
 .debug_line    0x0000000000003f3f      0xcdd ./Drivers/STM32F4xx_HAL_Driver/Src/stm32f4xx_hal_cortex.o
 .debug_line    0x0000000000004c1c      0xf92 ./Drivers/STM32F4xx_HAL_Driver/Src/stm32f4xx_hal_dma.o
 .debug_line    0x0000000000005bae      0xb66 ./Drivers/STM32F4xx_HAL_Driver/Src/stm32f4xx_hal_gpio.o
 .debug_line    0x0000000000006714      0xda7 ./Drivers/STM32F4xx_HAL_Driver/Src/stm32f4xx_hal_rcc.o
 .debug_line    0x00000000000074bb     0x34f4 ./Drivers/STM32F4xx_HAL_Driver/Src/stm32f4xx_hal_tim.o
 .debug_line    0x000000000000a9af     0x19c6 ./Drivers/STM32F4xx_HAL_Driver/Src/stm32f4xx_hal_tim_ex.o
 .debug_line    0x000000000000c375     0x2ad0 ./Drivers/STM32F4xx_HAL_Driver/Src/stm32f4xx_hal_uart.o

.debug_str      0x0000000000000000    0x8d627
 .debug_str     0x0000000000000000    0x8ac6a ./Core/Src/main.o
                                      0x8b08a (size before relaxing)
 .debug_str     0x000000000008ac6a      0x10d ./Core/Src/stm32f4xx_hal_msp.o
                                      0x86e5b (size before relaxing)
 .debug_str     0x000000000008ad77      0x1c1 ./Core/Src/stm32f4xx_it.o
                                      0x8699f (size before relaxing)
 .debug_str     0x000000000008af38       0xdb ./Core/Src/system_stm32f4xx.o
                                      0x85f9c (size before relaxing)
 .debug_str     0x000000000008b013       0x34 ./Core/Startup/startup_stm32f401retx.o
                                         0x5e (size before relaxing)
 .debug_str     0x000000000008b047      0x5b8 ./Drivers/STM32F4xx_HAL_Driver/Src/stm32f4xx_hal.o
                                      0x869be (size before relaxing)
 .debug_str     0x000000000008b5ff      0x326 ./Drivers/STM32F4xx_HAL_Driver/Src/stm32f4xx_hal_cortex.o
                                      0x866df (size before relaxing)
 .debug_str     0x000000000008b925      0x2f4 ./Drivers/STM32F4xx_HAL_Driver/Src/stm32f4xx_hal_dma.o
                                      0x863a4 (size before relaxing)
 .debug_str     0x000000000008bc19       0xe8 ./Drivers/STM32F4xx_HAL_Driver/Src/stm32f4xx_hal_gpio.o
                                      0x86117 (size before relaxing)
 .debug_str     0x000000000008bd01      0x233 ./Drivers/STM32F4xx_HAL_Driver/Src/stm32f4xx_hal_rcc.o
                                      0x863d0 (size before relaxing)
 .debug_str     0x000000000008bf34      0xcd0 ./Drivers/STM32F4xx_HAL_Driver/Src/stm32f4xx_hal_tim.o
                                      0x87304 (size before relaxing)
 .debug_str     0x000000000008cc04      0x493 ./Drivers/STM32F4xx_HAL_Driver/Src/stm32f4xx_hal_tim_ex.o
                                      0x86b20 (size before relaxing)
 .debug_str     0x000000000008d097      0x590 ./Drivers/STM32F4xx_HAL_Driver/Src/stm32f4xx_hal_uart.o
                                      0x8695d (size before relaxing)

.debug_frame    0x0000000000000000     0x3a74
 .debug_frame   0x0000000000000000      0x6cc ./Core/Src/main.o
 .debug_frame   0x00000000000006cc       0xe8 ./Core/Src/stm32f4xx_hal_msp.o
 .debug_frame   0x00000000000007b4      0x200 ./Core/Src/stm32f4xx_it.o
 .debug_frame   0x00000000000009b4       0x58 ./Core/Src/system_stm32f4xx.o
 .debug_frame   0x0000000000000a0c      0x374 ./Drivers/STM32F4xx_HAL_Driver/Src/stm32f4xx_hal.o
 .debug_frame   0x0000000000000d80      0x498 ./Drivers/STM32F4xx_HAL_Driver/Src/stm32f4xx_hal_cortex.o
 .debug_frame   0x0000000000001218      0x250 ./Drivers/STM32F4xx_HAL_Driver/Src/stm32f4xx_hal_dma.o
 .debug_frame   0x0000000000001468      0x14c ./Drivers/STM32F4xx_HAL_Driver/Src/stm32f4xx_hal_gpio.o
 .debug_frame   0x00000000000015b4      0x1f4 ./Drivers/STM32F4xx_HAL_Driver/Src/stm32f4xx_hal_rcc.o
 .debug_frame   0x00000000000017a8     0x11bc ./Drivers/STM32F4xx_HAL_Driver/Src/stm32f4xx_hal_tim.o
 .debug_frame   0x0000000000002964      0x638 ./Drivers/STM32F4xx_HAL_Driver/Src/stm32f4xx_hal_tim_ex.o
 .debug_frame   0x0000000000002f9c      0x92c ./Drivers/STM32F4xx_HAL_Driver/Src/stm32f4xx_hal_uart.o
 .debug_frame   0x00000000000038c8       0x20 C:/ST/STM32CubeIDE_1.13.2/STM32CubeIDE/plugins/com.st.stm32cube.ide.mcu.externaltools.gnu-tools-for-stm32.11.3.rel1.win32_1.1.1.202309131626/tools/bin/../lib/gcc/arm-none-eabi/11.3.1/../../../../arm-none-eabi/lib/thumb/v7e-m+fp/hard\libc_nano.a(libc_a-memset.o)
 .debug_frame   0x00000000000038e8       0x2c C:/ST/STM32CubeIDE_1.13.2/STM32CubeIDE/plugins/com.st.stm32cube.ide.mcu.externaltools.gnu-tools-for-stm32.11.3.rel1.win32_1.1.1.202309131626/tools/bin/../lib/gcc/arm-none-eabi/11.3.1/../../../../arm-none-eabi/lib/thumb/v7e-m+fp/hard\libc_nano.a(libc_a-init.o)
 .debug_frame   0x0000000000003914       0x30 C:/ST/STM32CubeIDE_1.13.2/STM32CubeIDE/plugins/com.st.stm32cube.ide.mcu.externaltools.gnu-tools-for-stm32.11.3.rel1.win32_1.1.1.202309131626/tools/bin/../lib/gcc/arm-none-eabi/11.3.1/thumb/v7e-m+fp/hard\libgcc.a(_arm_muldf3.o)
 .debug_frame   0x0000000000003944       0xac C:/ST/STM32CubeIDE_1.13.2/STM32CubeIDE/plugins/com.st.stm32cube.ide.mcu.externaltools.gnu-tools-for-stm32.11.3.rel1.win32_1.1.1.202309131626/tools/bin/../lib/gcc/arm-none-eabi/11.3.1/thumb/v7e-m+fp/hard\libgcc.a(_arm_addsubdf3.o)
 .debug_frame   0x00000000000039f0       0x24 C:/ST/STM32CubeIDE_1.13.2/STM32CubeIDE/plugins/com.st.stm32cube.ide.mcu.externaltools.gnu-tools-for-stm32.11.3.rel1.win32_1.1.1.202309131626/tools/bin/../lib/gcc/arm-none-eabi/11.3.1/thumb/v7e-m+fp/hard\libgcc.a(_arm_fixunsdfsi.o)
 .debug_frame   0x0000000000003a14       0x2c C:/ST/STM32CubeIDE_1.13.2/STM32CubeIDE/plugins/com.st.stm32cube.ide.mcu.externaltools.gnu-tools-for-stm32.11.3.rel1.win32_1.1.1.202309131626/tools/bin/../lib/gcc/arm-none-eabi/11.3.1/thumb/v7e-m+fp/hard\libgcc.a(_aeabi_uldivmod.o)
 .debug_frame   0x0000000000003a40       0x34 C:/ST/STM32CubeIDE_1.13.2/STM32CubeIDE/plugins/com.st.stm32cube.ide.mcu.externaltools.gnu-tools-for-stm32.11.3.rel1.win32_1.1.1.202309131626/tools/bin/../lib/gcc/arm-none-eabi/11.3.1/thumb/v7e-m+fp/hard\libgcc.a(_udivmoddi4.o)

.debug_line_str
                0x0000000000000000       0x52
 .debug_line_str
                0x0000000000000000       0x52 ./Core/Startup/startup_stm32f401retx.o
                                         0x6a (size before relaxing)
