Archive member included to satisfy reference by file (symbol)

/opt/st/stm32cubeide_1.13.2/plugins/com.st.stm32cube.ide.mcu.externaltools.gnu-tools-for-stm32.11.3.rel1.linux64_1.1.1.202309131626/tools/bin/../lib/gcc/arm-none-eabi/11.3.1/../../../../arm-none-eabi/lib/thumb/v7e-m+fp/hard/libc_nano.a(libc_a-calloc.o)
                              ./Core/Src/maze.o (calloc)
/opt/st/stm32cubeide_1.13.2/plugins/com.st.stm32cube.ide.mcu.externaltools.gnu-tools-for-stm32.11.3.rel1.linux64_1.1.1.202309131626/tools/bin/../lib/gcc/arm-none-eabi/11.3.1/../../../../arm-none-eabi/lib/thumb/v7e-m+fp/hard/libc_nano.a(libc_a-callocr.o)
                              /opt/st/stm32cubeide_1.13.2/plugins/com.st.stm32cube.ide.mcu.externaltools.gnu-tools-for-stm32.11.3.rel1.linux64_1.1.1.202309131626/tools/bin/../lib/gcc/arm-none-eabi/11.3.1/../../../../arm-none-eabi/lib/thumb/v7e-m+fp/hard/libc_nano.a(libc_a-calloc.o) (_calloc_r)
/opt/st/stm32cubeide_1.13.2/plugins/com.st.stm32cube.ide.mcu.externaltools.gnu-tools-for-stm32.11.3.rel1.linux64_1.1.1.202309131626/tools/bin/../lib/gcc/arm-none-eabi/11.3.1/../../../../arm-none-eabi/lib/thumb/v7e-m+fp/hard/libc_nano.a(libc_a-exit.o)
                              /opt/st/stm32cubeide_1.13.2/plugins/com.st.stm32cube.ide.mcu.externaltools.gnu-tools-for-stm32.11.3.rel1.linux64_1.1.1.202309131626/tools/bin/../lib/gcc/arm-none-eabi/11.3.1/../../../../arm-none-eabi/lib/thumb/v7e-m+fp/hard/crt0.o (exit)
/opt/st/stm32cubeide_1.13.2/plugins/com.st.stm32cube.ide.mcu.externaltools.gnu-tools-for-stm32.11.3.rel1.linux64_1.1.1.202309131626/tools/bin/../lib/gcc/arm-none-eabi/11.3.1/../../../../arm-none-eabi/lib/thumb/v7e-m+fp/hard/libc_nano.a(libc_a-malloc.o)
                              ./Core/Src/lookup_table.o (malloc)
/opt/st/stm32cubeide_1.13.2/plugins/com.st.stm32cube.ide.mcu.externaltools.gnu-tools-for-stm32.11.3.rel1.linux64_1.1.1.202309131626/tools/bin/../lib/gcc/arm-none-eabi/11.3.1/../../../../arm-none-eabi/lib/thumb/v7e-m+fp/hard/libc_nano.a(libc_a-mallocr.o)
                              /opt/st/stm32cubeide_1.13.2/plugins/com.st.stm32cube.ide.mcu.externaltools.gnu-tools-for-stm32.11.3.rel1.linux64_1.1.1.202309131626/tools/bin/../lib/gcc/arm-none-eabi/11.3.1/../../../../arm-none-eabi/lib/thumb/v7e-m+fp/hard/libc_nano.a(libc_a-callocr.o) (_malloc_r)
/opt/st/stm32cubeide_1.13.2/plugins/com.st.stm32cube.ide.mcu.externaltools.gnu-tools-for-stm32.11.3.rel1.linux64_1.1.1.202309131626/tools/bin/../lib/gcc/arm-none-eabi/11.3.1/../../../../arm-none-eabi/lib/thumb/v7e-m+fp/hard/libc_nano.a(libc_a-mlock.o)
                              /opt/st/stm32cubeide_1.13.2/plugins/com.st.stm32cube.ide.mcu.externaltools.gnu-tools-for-stm32.11.3.rel1.linux64_1.1.1.202309131626/tools/bin/../lib/gcc/arm-none-eabi/11.3.1/../../../../arm-none-eabi/lib/thumb/v7e-m+fp/hard/libc_nano.a(libc_a-mallocr.o) (__malloc_lock)
/opt/st/stm32cubeide_1.13.2/plugins/com.st.stm32cube.ide.mcu.externaltools.gnu-tools-for-stm32.11.3.rel1.linux64_1.1.1.202309131626/tools/bin/../lib/gcc/arm-none-eabi/11.3.1/../../../../arm-none-eabi/lib/thumb/v7e-m+fp/hard/libc_nano.a(libc_a-findfp.o)
                              /opt/st/stm32cubeide_1.13.2/plugins/com.st.stm32cube.ide.mcu.externaltools.gnu-tools-for-stm32.11.3.rel1.linux64_1.1.1.202309131626/tools/bin/../lib/gcc/arm-none-eabi/11.3.1/../../../../arm-none-eabi/lib/thumb/v7e-m+fp/hard/libc_nano.a(libc_a-exit.o) (__stdio_exit_handler)
/opt/st/stm32cubeide_1.13.2/plugins/com.st.stm32cube.ide.mcu.externaltools.gnu-tools-for-stm32.11.3.rel1.linux64_1.1.1.202309131626/tools/bin/../lib/gcc/arm-none-eabi/11.3.1/../../../../arm-none-eabi/lib/thumb/v7e-m+fp/hard/libc_nano.a(libc_a-fwalk.o)
                              /opt/st/stm32cubeide_1.13.2/plugins/com.st.stm32cube.ide.mcu.externaltools.gnu-tools-for-stm32.11.3.rel1.linux64_1.1.1.202309131626/tools/bin/../lib/gcc/arm-none-eabi/11.3.1/../../../../arm-none-eabi/lib/thumb/v7e-m+fp/hard/libc_nano.a(libc_a-findfp.o) (_fwalk_sglue)
/opt/st/stm32cubeide_1.13.2/plugins/com.st.stm32cube.ide.mcu.externaltools.gnu-tools-for-stm32.11.3.rel1.linux64_1.1.1.202309131626/tools/bin/../lib/gcc/arm-none-eabi/11.3.1/../../../../arm-none-eabi/lib/thumb/v7e-m+fp/hard/libc_nano.a(libc_a-stdio.o)
                              /opt/st/stm32cubeide_1.13.2/plugins/com.st.stm32cube.ide.mcu.externaltools.gnu-tools-for-stm32.11.3.rel1.linux64_1.1.1.202309131626/tools/bin/../lib/gcc/arm-none-eabi/11.3.1/../../../../arm-none-eabi/lib/thumb/v7e-m+fp/hard/libc_nano.a(libc_a-findfp.o) (__sread)
/opt/st/stm32cubeide_1.13.2/plugins/com.st.stm32cube.ide.mcu.externaltools.gnu-tools-for-stm32.11.3.rel1.linux64_1.1.1.202309131626/tools/bin/../lib/gcc/arm-none-eabi/11.3.1/../../../../arm-none-eabi/lib/thumb/v7e-m+fp/hard/libc_nano.a(libc_a-memset.o)
[...]
Memory Configuration

Name             Origin             Length             Attributes
RAM              0x0000000020000000 0x0000000000018000 xrw
FLASH            0x0000000008000000 0x0000000000080000 xr
*default*        0x0000000000000000 0xffffffffffffffff

Linker script and memory map

LOAD /opt/st/stm32cubeide_1.13.2/plugins/com.st.stm32cube.ide.mcu.externaltools.gnu-tools-for-stm32.11.3.rel1.linux64_1.1.1.202309131626/tools/bin/../lib/gcc/arm-none-eabi/11.3.1/thumb/v7e-m+fp/hard/crti.o
LOAD /opt/st/stm32cubeide_1.13.2/plugins/com.st.stm32cube.ide.mcu.externaltools.gnu-tools-for-stm32.11.3.rel1.linux64_1.1.1.202309131626/tools/bin/../lib/gcc/arm-none-eabi/11.3.1/thumb/v7e-m+fp/hard/crtbegin.o
LOAD /opt/st/stm32cubeide_1.13.2/plugins/com.st.stm32cube.ide.mcu.externaltools.gnu-tools-for-stm32.11.3.rel1.linux64_1.1.1.202309131626/tools/bin/../lib/gcc/arm-none-eabi/11.3.1/../../../../arm-none-eabi/lib/thumb/v7e-m+fp/hard/crt0.o
LOAD ./Core/Src/lookup_table.o
LOAD ./Core/Src/main.o
LOAD ./Core/Src/maze.o
LOAD ./Core/Src/numbers.o
LOAD ./Core/Src/prng.o
LOAD ./Core/Src/stm32f4xx_hal_msp.o
LOAD ./Core/Src/stm32f4xx_it.o
LOAD ./Core/Src/syscalls.o
LOAD ./Core/Src/sysmem.o
LOAD ./Core/Src/system_stm32f4xx.o
LOAD ./Core/Src/ws2812_SPI.o
LOAD ./Core/Startup/startup_stm32f401retx.o
LOAD ./Drivers/STM32F4xx_HAL_Driver/Src/stm32f4xx_hal.o
LOAD ./Drivers/STM32F4xx_HAL_Driver/Src/stm32f4xx_hal_cortex.o
LOAD ./Drivers/STM32F4xx_HAL_Driver/Src/stm32f4xx_hal_dma.o
LOAD ./Drivers/STM32F4xx_HAL_Driver/Src/stm32f4xx_hal_dma_ex.o
LOAD ./Drivers/STM32F4xx_HAL_Driver/Src/stm32f4xx_hal_exti.o
LOAD ./Drivers/STM32F4xx_HAL_Driver/Src/stm32f4xx_hal_flash.o
LOAD ./Drivers/STM32F4xx_HAL_Driver/Src/stm32f4xx_hal_flash_ex.o
LOAD ./Drivers/STM32F4xx_HAL_Driver/Src/stm32f4xx_hal_flash_ramfunc.o
LOAD ./Drivers/STM32F4xx_HAL_Driver/Src/stm32f4xx_hal_gpio.o
LOAD ./Drivers/STM32F4xx_HAL_Driver/Src/stm32f4xx_hal_pwr.o
LOAD ./Drivers/STM32F4xx_HAL_Driver/Src/stm32f4xx_hal_pwr_ex.o
LOAD ./Drivers/STM32F4xx_HAL_Driver/Src/stm32f4xx_hal_rcc.o
LOAD ./Drivers/STM32F4xx_HAL_Driver/Src/stm32f4xx_hal_rcc_ex.o
LOAD ./Drivers/STM32F4xx_HAL_Driver/Src/stm32f4xx_hal_spi.o
LOAD ./Drivers/STM32F4xx_HAL_Driver/Src/stm32f4xx_hal_tim.o
LOAD ./Drivers/STM32F4xx_HAL_Driver/Src/stm32f4xx_hal_tim_ex.o
LOAD ./Drivers/STM32F4xx_HAL_Driver/Src/stm32f4xx_hal_uart.o
START GROUP
LOAD /opt/st/stm32cubeide_1.13.2/plugins/com.st.stm32cube.ide.mcu.externaltools.gnu-tools-for-stm32.11.3.rel1.linux64_1.1.1.202309131626/tools/bin/../lib/gcc/arm-none-eabi/11.3.1/../../../../arm-none-eabi/lib/thumb/v7e-m+fp/hard/libc_nano.a
LOAD /opt/st/stm32cubeide_1.13.2/plugins/com.st.stm32cube.ide.mcu.externaltools.gnu-tools-for-stm32.11.3.rel1.linux64_1.1.1.202309131626/tools/bin/../lib/gcc/arm-none-eabi/11.3.1/../../../../arm-none-eabi/lib/thumb/v7e-m+fp/hard/libm.a
END GROUP
START GROUP
LOAD /opt/st/stm32cubeide_1.13.2/plugins/com.st.stm32cube.ide.mcu.externaltools.gnu-tools-for-stm32.11.3.rel1.linux64_1.1.1.202309131626/tools/bin/../lib/gcc/arm-none-eabi/11.3.1/thumb/v7e-m+fp/hard/libgcc.a
LOAD /opt/st/stm32cubeide_1.13.2/plugins/com.st.stm32cube.ide.mcu.externaltools.gnu-tools-for-stm32.11.3.rel1.linux64_1.1.1.202309131626/tools/bin/../lib/gcc/arm-none-eabi/11.3.1/../../../../arm-none-eabi/lib/thumb/v7e-m+fp/hard/libc_nano.a
END GROUP
START GROUP
LOAD /opt/st/stm32cubeide_1.13.2/plugins/com.st.stm32cube.ide.mcu.externaltools.gnu-tools-for-stm32.11.3.rel1.linux64_1.1.1.202309131626/tools/bin/../lib/gcc/arm-none-eabi/11.3.1/thumb/v7e-m+fp/hard/libgcc.a
LOAD /opt/st/stm32cubeide_1.13.2/plugins/com.st.stm32cube.ide.mcu.externaltools.gnu-tools-for-stm32.11.3.rel1.linux64_1.1.1.202309131626/tools/bin/../lib/gcc/arm-none-eabi/11.3.1/../../../../arm-none-eabi/lib/thumb/v7e-m+fp/hard/libc_nano.a
LOAD /opt/st/stm32cubeide_1.13.2/plugins/com.st.stm32cube.ide.mcu.externaltools.gnu-tools-for-stm32.11.3.rel1.linux64_1.1.1.202309131626/tools/bin/../lib/gcc/arm-none-eabi/11.3.1/../../../../arm-none-eabi/lib/thumb/v7e-m+fp/hard/libnosys.a
END GROUP
START GROUP
LOAD /opt/st/stm32cubeide_1.13.2/plugins/com.st.stm32cube.ide.mcu.externaltools.gnu-tools-for-stm32.11.3.rel1.linux64_1.1.1.202309131626/tools/bin/../lib/gcc/arm-none-eabi/11.3.1/thumb/v7e-m+fp/hard/libgcc.a
LOAD /opt/st/stm32cubeide_1.13.2/plugins/com.st.stm32cube.ide.mcu.externaltools.gnu-tools-for-stm32.11.3.rel1.linux64_1.1.1.202309131626/tools/bin/../lib/gcc/arm-none-eabi/11.3.1/../../../../arm-none-eabi/lib/thumb/v7e-m+fp/hard/libc_nano.a
LOAD /opt/st/stm32cubeide_1.13.2/plugins/com.st.stm32cube.ide.mcu.externaltools.gnu-tools-for-stm32.11.3.rel1.linux64_1.1.1.202309131626/tools/bin/../lib/gcc/arm-none-eabi/11.3.1/../../../../arm-none-eabi/lib/thumb/v7e-m+fp/hard/libnosys.a
END GROUP
LOAD /opt/st/stm32cubeide_1.13.2/plugins/com.st.stm32cube.ide.mcu.externaltools.gnu-tools-for-stm32.11.3.rel1.linux64_1.1.1.202309131626/tools/bin/../lib/gcc/arm-none-eabi/11.3.1/thumb/v7e-m+fp/hard/crtend.o
LOAD /opt/st/stm32cubeide_1.13.2/plugins/com.st.stm32cube.ide.mcu.externaltools.gnu-tools-for-stm32.11.3.rel1.linux64_1.1.1.202309131626/tools/bin/../lib/gcc/arm-none-eabi/11.3.1/thumb/v7e-m+fp/hard/crtn.o
                0x0000000020018000                _estack = (ORIGIN (RAM) + LENGTH (RAM))
                0x0000000000000200                _Min_Heap_Size = 0x200
                0x0000000000000400                _Min_Stack_Size = 0x400

.isr_vector     0x0000000008000000      0x194
                0x0000000008000000                . = ALIGN (0x4)
 *(.isr_vector)
 .isr_vector    0x0000000008000000      0x194 ./Core/Startup/startup_stm32f401retx.o
                0x0000000008000000                g_pfnVectors
                0x0000000008000194                . = ALIGN (0x4)

.text           0x0000000008000194     0x6d1c
                0x0000000008000194                . = ALIGN (0x4)
 *(.text)
 .text          0x0000000008000194       0x40 /opt/st/stm32cubeide_1.13.2/plugins/com.st.stm32cube.ide.mcu.externaltools.gnu-tools-for-stm32.11.3.rel1.linux64_1.1.1.202309131626/tools/bin/../lib/gcc/arm-none-eabi/11.3.1/thumb/v7e-m+fp/hard/crtbegin.o
 .text          0x00000000080001d4       0x30 /opt/st/stm32cubeide_1.13.2/plugins/com.st.stm32cube.ide.mcu.externaltools.gnu-tools-for-stm32.11.3.rel1.linux64_1.1.1.202309131626/tools/bin/../lib/gcc/arm-none-eabi/11.3.1/thumb/v7e-m+fp/hard/libgcc.a(_aeabi_uldivmod.o)
                0x00000000080001d4                __aeabi_uldivmod
 .text          0x0000000008000204      0x2c8 /opt/st/stm32cubeide_1.13.2/plugins/com.st.stm32cube.ide.mcu.externaltools.gnu-tools-for-stm32.11.3.rel1.linux64_1.1.1.202309131626/tools/bin/../lib/gcc/arm-none-eabi/11.3.1/thumb/v7e-m+fp/hard/libgcc.a(_udivmoddi4.o)
                0x0000000008000204                __udivmoddi4
 .text          0x00000000080004cc        0x4 /opt/st/stm32cubeide_1.13.2/plugins/com.st.stm32cube.ide.mcu.externaltools.gnu-tools-for-stm32.11.3.rel1.linux64_1.1.1.202309131626/tools/bin/../lib/gcc/arm-none-eabi/11.3.1/thumb/v7e-m+fp/hard/libgcc.a(_dvmd_tls.o)
                0x00000000080004cc                __aeabi_ldiv0
                0x00000000080004cc                __aeabi_idiv0
 *(.text*)
 .text.HAL_TIM_PWM_PulseFinishedCallback
                0x00000000080004d0       0x18 ./Core/Src/main.o
                0x00000000080004d0                HAL_TIM_PWM_PulseFinishedCallback
 .text.writeLEDs
                0x00000000080004e8       0x90 ./Core/Src/main.o
                0x00000000080004e8                writeLEDs
 .text.HAL_TIM_PeriodElapsedCallback
                0x0000000008000578       0x2c ./Core/Src/main.o
                0x0000000008000578                HAL_TIM_PeriodElapsedCallback
 .text.stateProcessing
                0x00000000080005a4       0x18 ./Core/Src/main.o
                0x00000000080005a4                stateProcessing
 .text.stateAwait
                0x00000000080005bc       0x18 ./Core/Src/main.o
                0x00000000080005bc                stateAwait
 .text.stateReceived
                0x00000000080005d4       0x18 ./Core/Src/main.o
                0x00000000080005d4                stateReceived
 .text.stateSent
                0x00000000080005ec       0x18 ./Core/Src/main.o
                0x00000000080005ec                stateSent
 .text.stateFailure
                0x0000000008000604       0x18 ./Core/Src/main.o
                0x0000000008000604                stateFailure
 .text.handleStore
                0x000000000800061c       0x7c ./Core/Src/main.o
                0x000000000800061c                handleStore
 .text.handleSend
                0x0000000008000698       0x7c ./Core/Src/main.o
                0x0000000008000698                handleSend
 .text.updateLager
                0x0000000008000714       0x40 ./Core/Src/main.o
                0x0000000008000714                updateLager
 .text.animateSend
                0x0000000008000754       0x98 ./Core/Src/main.o
                0x0000000008000754                animateSend
 .text.animateReceive
                0x00000000080007ec       0xa0 ./Core/Src/main.o
                0x00000000080007ec                animateReceive
 .text.animateCreate
                0x000000000800088c       0xac ./Core/Src/main.o
                0x000000000800088c                animateCreate
 .text.animateDeliver
                0x0000000008000938       0xa4 ./Core/Src/main.o
                0x0000000008000938                animateDeliver
 .text.pulse    0x00000000080009dc       0x78 ./Core/Src/main.o
                0x00000000080009dc                pulse
 .text.checkFailure
                0x0000000008000a54      0x170 ./Core/Src/main.o
                0x0000000008000a54                checkFailure
 .text.resetData
                0x0000000008000bc4       0x9c ./Core/Src/main.o
                0x0000000008000bc4                resetData
 .text.std      0x0000000008000c60      0x298 ./Core/Src/main.o
                0x0000000008000c60                std
 .text.pat      0x0000000008000ef8       0xd4 ./Core/Src/main.o
                0x0000000008000ef8                pat
 .text.main     0x0000000008000fcc       0xf4 ./Core/Src/main.o
                0x0000000008000fcc                main
 .text.SystemClock_Config
                0x00000000080010c0       0xd8 ./Core/Src/main.o
                0x00000000080010c0                SystemClock_Config
 .text.MX_SPI2_Init
                0x0000000008001198       0x6c ./Core/Src/main.o
 .text.MX_TIM2_Init
                0x0000000008001204       0xe8 ./Core/Src/main.o
 .text.MX_TIM3_Init
                0x00000000080012ec       0x9c ./Core/Src/main.o
 .text.MX_USART1_UART_Init
                0x0000000008001388       0x54 ./Core/Src/main.o
 .text.MX_USART2_UART_Init
                0x00000000080013dc       0x54 ./Core/Src/main.o
 .text.MX_DMA_Init
                0x0000000008001430       0x50 ./Core/Src/main.o
 .text.MX_GPIO_Init
                0x0000000008001480      0x198 ./Core/Src/main.o
 .text.HAL_UART_RxCpltCallback
                0x0000000008001618       0x60 ./Core/Src/main.o
                0x0000000008001618                HAL_UART_RxCpltCallback
 .text.HAL_UART_TxCpltCallback
                0x0000000008001678       0x20 ./Core/Src/main.o
                0x0000000008001678                HAL_UART_TxCpltCallback
 .text.HAL_GPIO_EXTI_Callback
                0x0000000008001698       0xc4 ./Core/Src/main.o
                0x0000000008001698                HAL_GPIO_EXTI_Callback
 .text.L1_receive
                0x000000000800175c       0x52 ./Core/Src/main.o
                0x000000000800175c                L1_receive
 *fill*         0x00000000080017ae        0x2 
 .text.L2_receive
                0x00000000080017b0       0x78 ./Core/Src/main.o
                0x00000000080017b0                L2_receive
 .text.L3_receive
                0x0000000008001828       0xcc ./Core/Src/main.o
                0x0000000008001828                L3_receive
 .text.L7_receive
                0x00000000080018f4      0x13c ./Core/Src/main.o
                0x00000000080018f4                L7_receive
 .text.L7_send  0x0000000008001a30       0x56 ./Core/Src/main.o
                0x0000000008001a30                L7_send
 *fill*         0x0000000008001a86        0x2 
 .text.L3_send  0x0000000008001a88       0x68 ./Core/Src/main.o
                0x0000000008001a88                L3_send
 .text.L2_send  0x0000000008001af0       0x64 ./Core/Src/main.o
                0x0000000008001af0                L2_send
 .text.L1_send  0x0000000008001b54       0x50 ./Core/Src/main.o
                0x0000000008001b54                L1_send
 .text.ApNr_42  0x0000000008001ba4       0x84 ./Core/Src/main.o
                0x0000000008001ba4                ApNr_42
 .text.ApNr_43  0x0000000008001c28       0x84 ./Core/Src/main.o
                0x0000000008001c28                ApNr_43
 .text.ApNr_50  0x0000000008001cac       0x7c ./Core/Src/main.o
                0x0000000008001cac                ApNr_50
 .text.ApNr_100
                0x0000000008001d28       0x5c ./Core/Src/main.o
                0x0000000008001d28                ApNr_100
 .text.ApNr_101
                0x0000000008001d84       0x28 ./Core/Src/main.o
                0x0000000008001d84                ApNr_101
 .text.ApNr_102
                0x0000000008001dac       0x2e ./Core/Src/main.o
                0x0000000008001dac                ApNr_102
 .text.ApNr_103
                0x0000000008001dda       0x1e ./Core/Src/main.o
                0x0000000008001dda                ApNr_103
 .text.crcSlow  0x0000000008001df8       0x70 ./Core/Src/main.o
                0x0000000008001df8                crcSlow
 .text.Error_Handler
                0x0000000008001e68        0xa ./Core/Src/main.o
                0x0000000008001e68                Error_Handler
 .text.initMaze
                0x0000000008001e72       0x9a ./Core/Src/maze.o
                0x0000000008001e72                initMaze
 .text.resetMaze
                0x0000000008001f0c      0x15e ./Core/Src/maze.o
                0x0000000008001f0c                resetMaze
 .text.initPath
                0x000000000800206a       0x3e ./Core/Src/maze.o
                0x000000000800206a                initPath
 .text.resetPath
                0x00000000080020a8       0x6c ./Core/Src/maze.o
                0x00000000080020a8                resetPath
 .text.initPRNG
                0x0000000008002114       0x2a ./Core/Src/prng.o
                0x0000000008002114                initPRNG
 *fill*         0x000000000800213e        0x2 
 .text.HAL_MspInit
                0x0000000008002140       0x50 ./Core/Src/stm32f4xx_hal_msp.o
                0x0000000008002140                HAL_MspInit
 .text.HAL_SPI_MspInit
                0x0000000008002190      0x148 ./Core/Src/stm32f4xx_hal_msp.o
                0x0000000008002190                HAL_SPI_MspInit
 .text.HAL_TIM_Base_MspInit
                0x00000000080022d8       0xec ./Core/Src/stm32f4xx_hal_msp.o
                0x00000000080022d8                HAL_TIM_Base_MspInit
 .text.HAL_TIM_MspPostInit
                0x00000000080023c4       0x70 ./Core/Src/stm32f4xx_hal_msp.o
                0x00000000080023c4                HAL_TIM_MspPostInit
 .text.HAL_UART_MspInit
                0x0000000008002434      0x118 ./Core/Src/stm32f4xx_hal_msp.o
                0x0000000008002434                HAL_UART_MspInit
 .text.NMI_Handler
                0x000000000800254c        0x6 ./Core/Src/stm32f4xx_it.o
                0x000000000800254c                NMI_Handler
 .text.HardFault_Handler
                0x0000000008002552        0x6 ./Core/Src/stm32f4xx_it.o
                0x0000000008002552                HardFault_Handler
 .text.MemManage_Handler
                0x0000000008002558        0x6 ./Core/Src/stm32f4xx_it.o
                0x0000000008002558                MemManage_Handler
 .text.BusFault_Handler
                0x000000000800255e        0x6 ./Core/Src/stm32f4xx_it.o
                0x000000000800255e                BusFault_Handler
 .text.UsageFault_Handler
                0x0000000008002564        0x6 ./Core/Src/stm32f4xx_it.o
                0x0000000008002564                UsageFault_Handler
 .text.SVC_Handler
                0x000000000800256a        0xe ./Core/Src/stm32f4xx_it.o
                0x000000000800256a                SVC_Handler
 .text.DebugMon_Handler
                0x0000000008002578        0xe ./Core/Src/stm32f4xx_it.o
                0x0000000008002578                DebugMon_Handler
 .text.PendSV_Handler
                0x0000000008002586        0xe ./Core/Src/stm32f4xx_it.o
                0x0000000008002586                PendSV_Handler
 .text.SysTick_Handler
                0x0000000008002594        0xc ./Core/Src/stm32f4xx_it.o
                0x0000000008002594                SysTick_Handler
 .text.EXTI0_IRQHandler
                0x00000000080025a0        0xe ./Core/Src/stm32f4xx_it.o
                0x00000000080025a0                EXTI0_IRQHandler
 .text.EXTI1_IRQHandler
                0x00000000080025ae        0xe ./Core/Src/stm32f4xx_it.o
                0x00000000080025ae                EXTI1_IRQHandler
 .text.EXTI2_IRQHandler
                0x00000000080025bc        0xe ./Core/Src/stm32f4xx_it.o
                0x00000000080025bc                EXTI2_IRQHandler
 *fill*         0x00000000080025ca        0x2 
 .text.DMA1_Stream1_IRQHandler
                0x00000000080025cc       0x14 ./Core/Src/stm32f4xx_it.o
                0x00000000080025cc                DMA1_Stream1_IRQHandler
 .text.DMA1_Stream4_IRQHandler
                0x00000000080025e0       0x14 ./Core/Src/stm32f4xx_it.o
                0x00000000080025e0                DMA1_Stream4_IRQHandler
 .text.TIM3_IRQHandler
                0x00000000080025f4       0x14 ./Core/Src/stm32f4xx_it.o
                0x00000000080025f4                TIM3_IRQHandler
 .text.SPI2_IRQHandler
                0x0000000008002608       0x14 ./Core/Src/stm32f4xx_it.o
                0x0000000008002608                SPI2_IRQHandler
 .text.USART1_IRQHandler
                0x000000000800261c       0x14 ./Core/Src/stm32f4xx_it.o
                0x000000000800261c                USART1_IRQHandler
 .text.USART2_IRQHandler
                0x0000000008002630       0x14 ./Core/Src/stm32f4xx_it.o
                0x0000000008002630                USART2_IRQHandler
 .text.EXTI15_10_IRQHandler
                0x0000000008002644       0x10 ./Core/Src/stm32f4xx_it.o
                0x0000000008002644                EXTI15_10_IRQHandler
 .text._kill    0x0000000008002654       0x20 ./Core/Src/syscalls.o
                0x0000000008002654                _kill
 .text._exit    0x0000000008002674       0x14 ./Core/Src/syscalls.o
                0x0000000008002674                _exit
 .text._sbrk    0x0000000008002688       0x6c ./Core/Src/sysmem.o
                0x0000000008002688                _sbrk
 .text.SystemInit
                0x00000000080026f4       0x24 ./Core/Src/system_stm32f4xx.o
                0x00000000080026f4                SystemInit
 .text.ws2812_init
                0x0000000008002718       0x3c ./Core/Src/ws2812_SPI.o
                0x0000000008002718                ws2812_init
 .text.ws2812_pixel_all
                0x0000000008002754       0xd4 ./Core/Src/ws2812_SPI.o
                0x0000000008002754                ws2812_pixel_all
 .text.HAL_SPI_TxCpltCallback
                0x0000000008002828       0x24 ./Core/Src/ws2812_SPI.o
                0x0000000008002828                HAL_SPI_TxCpltCallback
 .text.Reset_Handler
                0x000000000800284c       0x50 ./Core/Startup/startup_stm32f401retx.o
                0x000000000800284c                Reset_Handler
 .text.Default_Handler
                0x000000000800289c        0x2 ./Core/Startup/startup_stm32f401retx.o
                0x000000000800289c                RTC_Alarm_IRQHandler
                0x000000000800289c                SPI4_IRQHandler
                0x000000000800289c                TIM1_CC_IRQHandler
                0x000000000800289c                DMA2_Stream5_IRQHandler
                0x000000000800289c                DMA1_Stream5_IRQHandler
                0x000000000800289c                PVD_IRQHandler
                0x000000000800289c                SDIO_IRQHandler
                0x000000000800289c                TAMP_STAMP_IRQHandler
                0x000000000800289c                EXTI3_IRQHandler
                0x000000000800289c                TIM1_UP_TIM10_IRQHandler
                0x000000000800289c                I2C3_ER_IRQHandler
                0x000000000800289c                I2C2_EV_IRQHandler
                0x000000000800289c                DMA1_Stream2_IRQHandler
                0x000000000800289c                FPU_IRQHandler
                0x000000000800289c                DMA2_Stream2_IRQHandler
                0x000000000800289c                SPI1_IRQHandler
                0x000000000800289c                TIM1_BRK_TIM9_IRQHandler
                0x000000000800289c                DMA2_Stream3_IRQHandler
                0x000000000800289c                USART6_IRQHandler
                0x000000000800289c                DMA2_Stream0_IRQHandler
                0x000000000800289c                TIM4_IRQHandler
                0x000000000800289c                I2C1_EV_IRQHandler
                0x000000000800289c                DMA1_Stream6_IRQHandler
                0x000000000800289c                RCC_IRQHandler
                0x000000000800289c                Default_Handler
                0x000000000800289c                ADC_IRQHandler
                0x000000000800289c                DMA1_Stream7_IRQHandler
                0x000000000800289c                TIM5_IRQHandler
                0x000000000800289c                DMA2_Stream7_IRQHandler
                0x000000000800289c                I2C3_EV_IRQHandler
                0x000000000800289c                EXTI9_5_IRQHandler
                0x000000000800289c                RTC_WKUP_IRQHandler
                0x000000000800289c                DMA1_Stream0_IRQHandler
                0x000000000800289c                EXTI4_IRQHandler
                0x000000000800289c                WWDG_IRQHandler
                0x000000000800289c                TIM2_IRQHandler
                0x000000000800289c                OTG_FS_WKUP_IRQHandler
                0x000000000800289c                TIM1_TRG_COM_TIM11_IRQHandler
                0x000000000800289c                I2C2_ER_IRQHandler
                0x000000000800289c                DMA2_Stream1_IRQHandler
                0x000000000800289c                FLASH_IRQHandler
                0x000000000800289c                DMA2_Stream4_IRQHandler
                0x000000000800289c                OTG_FS_IRQHandler
                0x000000000800289c                SPI3_IRQHandler
                0x000000000800289c                I2C1_ER_IRQHandler
                0x000000000800289c                DMA2_Stream6_IRQHandler
                0x000000000800289c                DMA1_Stream3_IRQHandler
 *fill*         0x000000000800289e        0x2 
 .text.HAL_Init
                0x00000000080028a0       0x44 ./Drivers/STM32F4xx_HAL_Driver/Src/stm32f4xx_hal.o
                0x00000000080028a0                HAL_Init
 .text.HAL_InitTick
                0x00000000080028e4       0x60 ./Drivers/STM32F4xx_HAL_Driver/Src/stm32f4xx_hal.o
                0x00000000080028e4                HAL_InitTick
 .text.HAL_IncTick
                0x0000000008002944       0x28 ./Drivers/STM32F4xx_HAL_Driver/Src/stm32f4xx_hal.o
                0x0000000008002944                HAL_IncTick
 .text.HAL_GetTick
                0x000000000800296c       0x18 ./Drivers/STM32F4xx_HAL_Driver/Src/stm32f4xx_hal.o
                0x000000000800296c                HAL_GetTick
 .text.HAL_Delay
                0x0000000008002984       0x48 ./Drivers/STM32F4xx_HAL_Driver/Src/stm32f4xx_hal.o
                0x0000000008002984                HAL_Delay
 .text.HAL_GetUIDw0
                0x00000000080029cc       0x18 ./Drivers/STM32F4xx_HAL_Driver/Src/stm32f4xx_hal.o
                0x00000000080029cc                HAL_GetUIDw0
 .text.HAL_GetUIDw1
                0x00000000080029e4       0x18 ./Drivers/STM32F4xx_HAL_Driver/Src/stm32f4xx_hal.o
                0x00000000080029e4                HAL_GetUIDw1
 .text.HAL_GetUIDw2
                0x00000000080029fc       0x18 ./Drivers/STM32F4xx_HAL_Driver/Src/stm32f4xx_hal.o
                0x00000000080029fc                HAL_GetUIDw2
 .text.__NVIC_SetPriorityGrouping
                0x0000000008002a14       0x48 ./Drivers/STM32F4xx_HAL_Driver/Src/stm32f4xx_hal_cortex.o
 .text.__NVIC_GetPriorityGrouping
                0x0000000008002a5c       0x1c ./Drivers/STM32F4xx_HAL_Driver/Src/stm32f4xx_hal_cortex.o
 .text.__NVIC_EnableIRQ
                0x0000000008002a78       0x3c ./Drivers/STM32F4xx_HAL_Driver/Src/stm32f4xx_hal_cortex.o
 .text.__NVIC_SetPriority
                0x0000000008002ab4       0x54 ./Drivers/STM32F4xx_HAL_Driver/Src/stm32f4xx_hal_cortex.o
 .text.NVIC_EncodePriority
                0x0000000008002b08       0x66 ./Drivers/STM32F4xx_HAL_Driver/Src/stm32f4xx_hal_cortex.o
 *fill*         0x0000000008002b6e        0x2 
 .text.SysTick_Config
                0x0000000008002b70       0x44 ./Drivers/STM32F4xx_HAL_Driver/Src/stm32f4xx_hal_cortex.o
 .text.HAL_NVIC_SetPriorityGrouping
                0x0000000008002bb4       0x16 ./Drivers/STM32F4xx_HAL_Driver/Src/stm32f4xx_hal_cortex.o
                0x0000000008002bb4                HAL_NVIC_SetPriorityGrouping
 .text.HAL_NVIC_SetPriority
                0x0000000008002bca       0x38 ./Drivers/STM32F4xx_HAL_Driver/Src/stm32f4xx_hal_cortex.o
                0x0000000008002bca                HAL_NVIC_SetPriority
 .text.HAL_NVIC_EnableIRQ
                0x0000000008002c02       0x1c ./Drivers/STM32F4xx_HAL_Driver/Src/stm32f4xx_hal_cortex.o
                0x0000000008002c02                HAL_NVIC_EnableIRQ
 .text.HAL_SYSTICK_Config
                0x0000000008002c1e       0x18 ./Drivers/STM32F4xx_HAL_Driver/Src/stm32f4xx_hal_cortex.o
                0x0000000008002c1e                HAL_SYSTICK_Config
 *fill*         0x0000000008002c36        0x2 
 .text.HAL_DMA_Init
                0x0000000008002c38      0x15c ./Drivers/STM32F4xx_HAL_Driver/Src/stm32f4xx_hal_dma.o
                0x0000000008002c38                HAL_DMA_Init
 .text.HAL_DMA_Start_IT
                0x0000000008002d94       0xb0 ./Drivers/STM32F4xx_HAL_Driver/Src/stm32f4xx_hal_dma.o
                0x0000000008002d94                HAL_DMA_Start_IT
 .text.HAL_DMA_Abort
                0x0000000008002e44       0xe0 ./Drivers/STM32F4xx_HAL_Driver/Src/stm32f4xx_hal_dma.o
                0x0000000008002e44                HAL_DMA_Abort
 .text.HAL_DMA_Abort_IT
                0x0000000008002f24       0x44 ./Drivers/STM32F4xx_HAL_Driver/Src/stm32f4xx_hal_dma.o
                0x0000000008002f24                HAL_DMA_Abort_IT
 .text.HAL_DMA_IRQHandler
                0x0000000008002f68      0x314 ./Drivers/STM32F4xx_HAL_Driver/Src/stm32f4xx_hal_dma.o
                0x0000000008002f68                HAL_DMA_IRQHandler
 .text.DMA_SetConfig
                0x000000000800327c       0x5c ./Drivers/STM32F4xx_HAL_Driver/Src/stm32f4xx_hal_dma.o
 .text.DMA_CalcBaseAndBitshift
                0x00000000080032d8       0x6c ./Drivers/STM32F4xx_HAL_Driver/Src/stm32f4xx_hal_dma.o
 .text.DMA_CheckFifoParam
                0x0000000008003344       0xf8 ./Drivers/STM32F4xx_HAL_Driver/Src/stm32f4xx_hal_dma.o
 .text.HAL_GPIO_Init
                0x000000000800343c      0x308 ./Drivers/STM32F4xx_HAL_Driver/Src/stm32f4xx_hal_gpio.o
                0x000000000800343c                HAL_GPIO_Init
 .text.HAL_GPIO_ReadPin
                0x0000000008003744       0x30 ./Drivers/STM32F4xx_HAL_Driver/Src/stm32f4xx_hal_gpio.o
                0x0000000008003744                HAL_GPIO_ReadPin
 .text.HAL_GPIO_WritePin
                0x0000000008003774       0x32 ./Drivers/STM32F4xx_HAL_Driver/Src/stm32f4xx_hal_gpio.o
                0x0000000008003774                HAL_GPIO_WritePin
 *fill*         0x00000000080037a6        0x2 
 .text.HAL_GPIO_EXTI_IRQHandler
                0x00000000080037a8       0x30 ./Drivers/STM32F4xx_HAL_Driver/Src/stm32f4xx_hal_gpio.o
                0x00000000080037a8                HAL_GPIO_EXTI_IRQHandler
 .text.HAL_RCC_OscConfig
                0x00000000080037d8      0x4f0 ./Drivers/STM32F4xx_HAL_Driver/Src/stm32f4xx_hal_rcc.o
                0x00000000080037d8                HAL_RCC_OscConfig
 .text.HAL_RCC_ClockConfig
                0x0000000008003cc8      0x1cc ./Drivers/STM32F4xx_HAL_Driver/Src/stm32f4xx_hal_rcc.o
                0x0000000008003cc8                HAL_RCC_ClockConfig
 .text.HAL_RCC_GetSysClockFreq
                0x0000000008003e94      0x20c ./Drivers/STM32F4xx_HAL_Driver/Src/stm32f4xx_hal_rcc.o
                0x0000000008003e94                HAL_RCC_GetSysClockFreq
 .text.HAL_RCC_GetHCLKFreq
                0x00000000080040a0       0x18 ./Drivers/STM32F4xx_HAL_Driver/Src/stm32f4xx_hal_rcc.o
                0x00000000080040a0                HAL_RCC_GetHCLKFreq
 .text.HAL_RCC_GetPCLK1Freq
                0x00000000080040b8       0x28 ./Drivers/STM32F4xx_HAL_Driver/Src/stm32f4xx_hal_rcc.o
                0x00000000080040b8                HAL_RCC_GetPCLK1Freq
 .text.HAL_RCC_GetPCLK2Freq
                0x00000000080040e0       0x28 ./Drivers/STM32F4xx_HAL_Driver/Src/stm32f4xx_hal_rcc.o
                0x00000000080040e0                HAL_RCC_GetPCLK2Freq
 .text.HAL_SPI_Init
                0x0000000008004108      0x112 ./Drivers/STM32F4xx_HAL_Driver/Src/stm32f4xx_hal_spi.o
                0x0000000008004108                HAL_SPI_Init
 *fill*         0x000000000800421a        0x2 
 .text.HAL_SPI_Transmit_DMA
                0x000000000800421c      0x16c ./Drivers/STM32F4xx_HAL_Driver/Src/stm32f4xx_hal_spi.o
                0x000000000800421c                HAL_SPI_Transmit_DMA
 .text.HAL_SPI_IRQHandler
                0x0000000008004388      0x1e8 ./Drivers/STM32F4xx_HAL_Driver/Src/stm32f4xx_hal_spi.o
                0x0000000008004388                HAL_SPI_IRQHandler
 .text.HAL_SPI_TxHalfCpltCallback
                0x0000000008004570       0x14 ./Drivers/STM32F4xx_HAL_Driver/Src/stm32f4xx_hal_spi.o
                0x0000000008004570                HAL_SPI_TxHalfCpltCallback
 .text.HAL_SPI_ErrorCallback
                0x0000000008004584       0x14 ./Drivers/STM32F4xx_HAL_Driver/Src/stm32f4xx_hal_spi.o
                0x0000000008004584                HAL_SPI_ErrorCallback
 .text.SPI_DMATransmitCplt
                0x0000000008004598       0xa8 ./Drivers/STM32F4xx_HAL_Driver/Src/stm32f4xx_hal_spi.o
 .text.SPI_DMAHalfTransmitCplt
                0x0000000008004640       0x1c ./Drivers/STM32F4xx_HAL_Driver/Src/stm32f4xx_hal_spi.o
 .text.SPI_DMAError
                0x000000000800465c       0x40 ./Drivers/STM32F4xx_HAL_Driver/Src/stm32f4xx_hal_spi.o
 .text.SPI_DMAAbortOnError
                0x000000000800469c       0x28 ./Drivers/STM32F4xx_HAL_Driver/Src/stm32f4xx_hal_spi.o
 .text.SPI_WaitFlagStateUntilTimeout
                0x00000000080046c4      0x110 ./Drivers/STM32F4xx_HAL_Driver/Src/stm32f4xx_hal_spi.o
 .text.SPI_EndRxTxTransaction
                0x00000000080047d4       0x84 ./Drivers/STM32F4xx_HAL_Driver/Src/stm32f4xx_hal_spi.o
 .text.HAL_TIM_Base_Init
                0x0000000008004858       0x9e ./Drivers/STM32F4xx_HAL_Driver/Src/stm32f4xx_hal_tim.o
                0x0000000008004858                HAL_TIM_Base_Init
 *fill*         0x00000000080048f6        0x2 
 .text.HAL_TIM_Base_Start_IT
                0x00000000080048f8       0xc4 ./Drivers/STM32F4xx_HAL_Driver/Src/stm32f4xx_hal_tim.o
                0x00000000080048f8                HAL_TIM_Base_Start_IT
 .text.HAL_TIM_PWM_Init
                0x00000000080049bc       0x9e ./Drivers/STM32F4xx_HAL_Driver/Src/stm32f4xx_hal_tim.o
                0x00000000080049bc                HAL_TIM_PWM_Init
 .text.HAL_TIM_PWM_MspInit
                0x0000000008004a5a       0x14 ./Drivers/STM32F4xx_HAL_Driver/Src/stm32f4xx_hal_tim.o
                0x0000000008004a5a                HAL_TIM_PWM_MspInit
 *fill*         0x0000000008004a6e        0x2 
 .text.HAL_TIM_PWM_Start_DMA
                0x0000000008004a70      0x360 ./Drivers/STM32F4xx_HAL_Driver/Src/stm32f4xx_hal_tim.o
                0x0000000008004a70                HAL_TIM_PWM_Start_DMA
 .text.HAL_TIM_PWM_Stop_DMA
                0x0000000008004dd0      0x18c ./Drivers/STM32F4xx_HAL_Driver/Src/stm32f4xx_hal_tim.o
                0x0000000008004dd0                HAL_TIM_PWM_Stop_DMA
 .text.HAL_TIM_IRQHandler
                0x0000000008004f5c      0x210 ./Drivers/STM32F4xx_HAL_Driver/Src/stm32f4xx_hal_tim.o
                0x0000000008004f5c                HAL_TIM_IRQHandler
 .text.HAL_TIM_PWM_ConfigChannel
                0x000000000800516c      0x184 ./Drivers/STM32F4xx_HAL_Driver/Src/stm32f4xx_hal_tim.o
                0x000000000800516c                HAL_TIM_PWM_ConfigChannel
 .text.HAL_TIM_ConfigClockSource
                0x00000000080052f0      0x18e ./Drivers/STM32F4xx_HAL_Driver/Src/stm32f4xx_hal_tim.o
                0x00000000080052f0                HAL_TIM_ConfigClockSource
 .text.HAL_TIM_OC_DelayElapsedCallback
                0x000000000800547e       0x14 ./Drivers/STM32F4xx_HAL_Driver/Src/stm32f4xx_hal_tim.o
                0x000000000800547e                HAL_TIM_OC_DelayElapsedCallback
 .text.HAL_TIM_IC_CaptureCallback
                0x0000000008005492       0x14 ./Drivers/STM32F4xx_HAL_Driver/Src/stm32f4xx_hal_tim.o
                0x0000000008005492                HAL_TIM_IC_CaptureCallback
 .text.HAL_TIM_PWM_PulseFinishedHalfCpltCallback
                0x00000000080054a6       0x14 ./Drivers/STM32F4xx_HAL_Driver/Src/stm32f4xx_hal_tim.o
                0x00000000080054a6                HAL_TIM_PWM_PulseFinishedHalfCpltCallback
 .text.HAL_TIM_TriggerCallback
                0x00000000080054ba       0x14 ./Drivers/STM32F4xx_HAL_Driver/Src/stm32f4xx_hal_tim.o
                0x00000000080054ba                HAL_TIM_TriggerCallback
 .text.HAL_TIM_ErrorCallback
                0x00000000080054ce       0x14 ./Drivers/STM32F4xx_HAL_Driver/Src/stm32f4xx_hal_tim.o
                0x00000000080054ce                HAL_TIM_ErrorCallback
 .text.TIM_DMAError
                0x00000000080054e2       0x92 ./Drivers/STM32F4xx_HAL_Driver/Src/stm32f4xx_hal_tim.o
                0x00000000080054e2                TIM_DMAError
 .text.TIM_DMADelayPulseCplt
                0x0000000008005574       0xa8 ./Drivers/STM32F4xx_HAL_Driver/Src/stm32f4xx_hal_tim.o
 .text.TIM_DMADelayPulseHalfCplt
                0x000000000800561c       0x68 ./Drivers/STM32F4xx_HAL_Driver/Src/stm32f4xx_hal_tim.o
                0x000000000800561c                TIM_DMADelayPulseHalfCplt
 .text.TIM_Base_SetConfig
                0x0000000008005684      0x100 ./Drivers/STM32F4xx_HAL_Driver/Src/stm32f4xx_hal_tim.o
                0x0000000008005684                TIM_Base_SetConfig
 .text.TIM_OC1_SetConfig
                0x0000000008005784       0xcc ./Drivers/STM32F4xx_HAL_Driver/Src/stm32f4xx_hal_tim.o
 .text.TIM_OC2_SetConfig
                0x0000000008005850       0xd8 ./Drivers/STM32F4xx_HAL_Driver/Src/stm32f4xx_hal_tim.o
                0x0000000008005850                TIM_OC2_SetConfig
 .text.TIM_OC3_SetConfig
                0x0000000008005928       0xd4 ./Drivers/STM32F4xx_HAL_Driver/Src/stm32f4xx_hal_tim.o
 .text.TIM_OC4_SetConfig
                0x00000000080059fc       0xa0 ./Drivers/STM32F4xx_HAL_Driver/Src/stm32f4xx_hal_tim.o
 .text.TIM_TI1_ConfigInputStage
                0x0000000008005a9c       0x5e ./Drivers/STM32F4xx_HAL_Driver/Src/stm32f4xx_hal_tim.o
 .text.TIM_TI2_ConfigInputStage
                0x0000000008005afa       0x60 ./Drivers/STM32F4xx_HAL_Driver/Src/stm32f4xx_hal_tim.o
 .text.TIM_ITRx_SetConfig
                0x0000000008005b5a       0x36 ./Drivers/STM32F4xx_HAL_Driver/Src/stm32f4xx_hal_tim.o
 .text.TIM_ETR_SetConfig
                0x0000000008005b90       0x40 ./Drivers/STM32F4xx_HAL_Driver/Src/stm32f4xx_hal_tim.o
                0x0000000008005b90                TIM_ETR_SetConfig
 .text.TIM_CCxChannelCmd
                0x0000000008005bd0       0x4a ./Drivers/STM32F4xx_HAL_Driver/Src/stm32f4xx_hal_tim.o
                0x0000000008005bd0                TIM_CCxChannelCmd
 *fill*         0x0000000008005c1a        0x2 
 .text.HAL_TIMEx_MasterConfigSynchronization
                0x0000000008005c1c       0xdc ./Drivers/STM32F4xx_HAL_Driver/Src/stm32f4xx_hal_tim_ex.o
                0x0000000008005c1c                HAL_TIMEx_MasterConfigSynchronization
 .text.HAL_TIMEx_CommutCallback
                0x0000000008005cf8       0x14 ./Drivers/STM32F4xx_HAL_Driver/Src/stm32f4xx_hal_tim_ex.o
                0x0000000008005cf8                HAL_TIMEx_CommutCallback
 .text.HAL_TIMEx_BreakCallback
                0x0000000008005d0c       0x14 ./Drivers/STM32F4xx_HAL_Driver/Src/stm32f4xx_hal_tim_ex.o
                0x0000000008005d0c                HAL_TIMEx_BreakCallback
 .text.HAL_UART_Init
                0x0000000008005d20       0x9a ./Drivers/STM32F4xx_HAL_Driver/Src/stm32f4xx_hal_uart.o
                0x0000000008005d20                HAL_UART_Init
 .text.HAL_UART_Transmit_IT
                0x0000000008005dba       0x8a ./Drivers/STM32F4xx_HAL_Driver/Src/stm32f4xx_hal_uart.o
                0x0000000008005dba                HAL_UART_Transmit_IT
 .text.HAL_UART_Receive_IT
                0x0000000008005e44       0x60 ./Drivers/STM32F4xx_HAL_Driver/Src/stm32f4xx_hal_uart.o
                0x0000000008005e44                HAL_UART_Receive_IT
 .text.HAL_UART_IRQHandler
                0x0000000008005ea4      0x51c ./Drivers/STM32F4xx_HAL_Driver/Src/stm32f4xx_hal_uart.o
                0x0000000008005ea4                HAL_UART_IRQHandler
 .text.HAL_UART_ErrorCallback
                0x00000000080063c0       0x14 ./Drivers/STM32F4xx_HAL_Driver/Src/stm32f4xx_hal_uart.o
                0x00000000080063c0                HAL_UART_ErrorCallback
 .text.HAL_UARTEx_RxEventCallback
                0x00000000080063d4       0x18 ./Drivers/STM32F4xx_HAL_Driver/Src/stm32f4xx_hal_uart.o
                0x00000000080063d4                HAL_UARTEx_RxEventCallback
 .text.UART_Start_Receive_IT
                0x00000000080063ec       0x7c ./Drivers/STM32F4xx_HAL_Driver/Src/stm32f4xx_hal_uart.o
                0x00000000080063ec                UART_Start_Receive_IT
 .text.UART_EndRxTransfer
                0x0000000008006468       0xc6 ./Drivers/STM32F4xx_HAL_Driver/Src/stm32f4xx_hal_uart.o
 .text.UART_DMAAbortOnError
                0x000000000800652e       0x28 ./Drivers/STM32F4xx_HAL_Driver/Src/stm32f4xx_hal_uart.o
 .text.UART_Transmit_IT
                0x0000000008006556       0xa0 ./Drivers/STM32F4xx_HAL_Driver/Src/stm32f4xx_hal_uart.o
 .text.UART_EndTransmit_IT
                0x00000000080065f6       0x30 ./Drivers/STM32F4xx_HAL_Driver/Src/stm32f4xx_hal_uart.o
 .text.UART_Receive_IT
                0x0000000008006626      0x176 ./Drivers/STM32F4xx_HAL_Driver/Src/stm32f4xx_hal_uart.o
 .text.UART_SetConfig
                0x000000000800679c      0x4e8 ./Drivers/STM32F4xx_HAL_Driver/Src/stm32f4xx_hal_uart.o
 .text.exit     0x0000000008006c84       0x24 /opt/st/stm32cubeide_1.13.2/plugins/com.st.stm32cube.ide.mcu.externaltools.gnu-tools-for-stm32.11.3.rel1.linux64_1.1.1.202309131626/tools/bin/../lib/gcc/arm-none-eabi/11.3.1/../../../../arm-none-eabi/lib/thumb/v7e-m+fp/hard/libc_nano.a(libc_a-exit.o)
                0x0000000008006c84                exit
 .text.malloc   0x0000000008006ca8       0x10 /opt/st/stm32cubeide_1.13.2/plugins/com.st.stm32cube.ide.mcu.externaltools.gnu-tools-for-stm32.11.3.rel1.linux64_1.1.1.202309131626/tools/bin/../lib/gcc/arm-none-eabi/11.3.1/../../../../arm-none-eabi/lib/thumb/v7e-m+fp/hard/libc_nano.a(libc_a-malloc.o)
                0x0000000008006ca8                malloc
 .text.sbrk_aligned
                0x0000000008006cb8       0x40 /opt/st/stm32cubeide_1.13.2/plugins/com.st.stm32cube.ide.mcu.externaltools.gnu-tools-for-stm32.11.3.rel1.linux64_1.1.1.202309131626/tools/bin/../lib/gcc/arm-none-eabi/11.3.1/../../../../arm-none-eabi/lib/thumb/v7e-m+fp/hard/libc_nano.a(libc_a-mallocr.o)
 .text._malloc_r
                0x0000000008006cf8      0x100 /opt/st/stm32cubeide_1.13.2/plugins/com.st.stm32cube.ide.mcu.externaltools.gnu-tools-for-stm32.11.3.rel1.linux64_1.1.1.202309131626/tools/bin/../lib/gcc/arm-none-eabi/11.3.1/../../../../arm-none-eabi/lib/thumb/v7e-m+fp/hard/libc_nano.a(libc_a-mallocr.o)
                0x0000000008006cf8                _malloc_r
 .text.__malloc_lock
                0x0000000008006df8        0xc /opt/st/stm32cubeide_1.13.2/plugins/com.st.stm32cube.ide.mcu.externaltools.gnu-tools-for-stm32.11.3.rel1.linux64_1.1.1.202309131626/tools/bin/../lib/gcc/arm-none-eabi/11.3.1/../../../../arm-none-eabi/lib/thumb/v7e-m+fp/hard/libc_nano.a(libc_a-mlock.o)
                0x0000000008006df8                __malloc_lock
 .text.__malloc_unlock
                0x0000000008006e04        0xc /opt/st/stm32cubeide_1.13.2/plugins/com.st.stm32cube.ide.mcu.externaltools.gnu-tools-for-stm32.11.3.rel1.linux64_1.1.1.202309131626/tools/bin/../lib/gcc/arm-none-eabi/11.3.1/../../../../arm-none-eabi/lib/thumb/v7e-m+fp/hard/libc_nano.a(libc_a-mlock.o)
                0x0000000008006e04                __malloc_unlock
 .text.memset   0x0000000008006e10       0x10 /opt/st/stm32cubeide_1.13.2/plugins/com.st.stm32cube.ide.mcu.externaltools.gnu-tools-for-stm32.11.3.rel1.linux64_1.1.1.202309131626/tools/bin/../lib/gcc/arm-none-eabi/11.3.1/../../../../arm-none-eabi/lib/thumb/v7e-m+fp/hard/libc_nano.a(libc_a-memset.o)
                0x0000000008006e10                memset
 .text._sbrk_r  0x0000000008006e20       0x20 /opt/st/stm32cubeide_1.13.2/plugins/com.st.stm32cube.ide.mcu.externaltools.gnu-tools-for-stm32.11.3.rel1.linux64_1.1.1.202309131626/tools/bin/../lib/gcc/arm-none-eabi/11.3.1/../../../../arm-none-eabi/lib/thumb/v7e-m+fp/hard/libc_nano.a(libc_a-sbrkr.o)
                0x0000000008006e20                _sbrk_r
 .text.__errno  0x0000000008006e40        0xc /opt/st/stm32cubeide_1.13.2/plugins/com.st.stm32cube.ide.mcu.externaltools.gnu-tools-for-stm32.11.3.rel1.linux64_1.1.1.202309131626/tools/bin/../lib/gcc/arm-none-eabi/11.3.1/../../../../arm-none-eabi/lib/thumb/v7e-m+fp/hard/libc_nano.a(libc_a-errno.o)
                0x0000000008006e40                __errno
 .text.__libc_init_array
                0x0000000008006e4c       0x48 /opt/st/stm32cubeide_1.13.2/plugins/com.st.stm32cube.ide.mcu.externaltools.gnu-tools-for-stm32.11.3.rel1.linux64_1.1.1.202309131626/tools/bin/../lib/gcc/arm-none-eabi/11.3.1/../../../../arm-none-eabi/lib/thumb/v7e-m+fp/hard/libc_nano.a(libc_a-init.o)
                0x0000000008006e4c                __libc_init_array
 .text.__retarget_lock_acquire_recursive
                0x0000000008006e94        0x2 /opt/st/stm32cubeide_1.13.2/plugins/com.st.stm32cube.ide.mcu.externaltools.gnu-tools-for-stm32.11.3.rel1.linux64_1.1.1.202309131626/tools/bin/../lib/gcc/arm-none-eabi/11.3.1/../../../../arm-none-eabi/lib/thumb/v7e-m+fp/hard/libc_nano.a(libc_a-lock.o)
                0x0000000008006e94                __retarget_lock_acquire_recursive
 .text.__retarget_lock_release_recursive
                0x0000000008006e96        0x2 /opt/st/stm32cubeide_1.13.2/plugins/com.st.stm32cube.ide.mcu.externaltools.gnu-tools-for-stm32.11.3.rel1.linux64_1.1.1.202309131626/tools/bin/../lib/gcc/arm-none-eabi/11.3.1/../../../../arm-none-eabi/lib/thumb/v7e-m+fp/hard/libc_nano.a(libc_a-lock.o)
                0x0000000008006e96                __retarget_lock_release_recursive
 *(.glue_7)
 .glue_7        0x0000000008006e98        0x0 linker stubs
 *(.glue_7t)
 .glue_7t       0x0000000008006e98        0x0 linker stubs
 *(.eh_frame)
 .eh_frame      0x0000000008006e98        0x0 /opt/st/stm32cubeide_1.13.2/plugins/com.st.stm32cube.ide.mcu.externaltools.gnu-tools-for-stm32.11.3.rel1.linux64_1.1.1.202309131626/tools/bin/../lib/gcc/arm-none-eabi/11.3.1/thumb/v7e-m+fp/hard/crtbegin.o
 *(.init)
 .init          0x0000000008006e98        0x4 /opt/st/stm32cubeide_1.13.2/plugins/com.st.stm32cube.ide.mcu.externaltools.gnu-tools-for-stm32.11.3.rel1.linux64_1.1.1.202309131626/tools/bin/../lib/gcc/arm-none-eabi/11.3.1/thumb/v7e-m+fp/hard/crti.o
                0x0000000008006e98                _init
 .init          0x0000000008006e9c        0x8 /opt/st/stm32cubeide_1.13.2/plugins/com.st.stm32cube.ide.mcu.externaltools.gnu-tools-for-stm32.11.3.rel1.linux64_1.1.1.202309131626/tools/bin/../lib/gcc/arm-none-eabi/11.3.1/thumb/v7e-m+fp/hard/crtn.o
 *(.fini)
 .fini          0x0000000008006ea4        0x4 /opt/st/stm32cubeide_1.13.2/plugins/com.st.stm32cube.ide.mcu.externaltools.gnu-tools-for-stm32.11.3.rel1.linux64_1.1.1.202309131626/tools/bin/../lib/gcc/arm-none-eabi/11.3.1/thumb/v7e-m+fp/hard/crti.o
                0x0000000008006ea4                _fini
 .fini          0x0000000008006ea8        0x8 /opt/st/stm32cubeide_1.13.2/plugins/com.st.stm32cube.ide.mcu.externaltools.gnu-tools-for-stm32.11.3.rel1.linux64_1.1.1.202309131626/tools/bin/../lib/gcc/arm-none-eabi/11.3.1/thumb/v7e-m+fp/hard/crtn.o
                0x0000000008006eb0                . = ALIGN (0x4)
                0x0000000008006eb0                _etext = .

.vfp11_veneer   0x0000000008006eb0        0x0
 .vfp11_veneer  0x0000000008006eb0        0x0 linker stubs

.v4_bx          0x0000000008006eb0        0x0
 .v4_bx         0x0000000008006eb0        0x0 linker stubs

.iplt           0x0000000008006eb0        0x0
 .iplt          0x0000000008006eb0        0x0 /opt/st/stm32cubeide_1.13.2/plugins/com.st.stm32cube.ide.mcu.externaltools.gnu-tools-for-stm32.11.3.rel1.linux64_1.1.1.202309131626/tools/bin/../lib/gcc/arm-none-eabi/11.3.1/thumb/v7e-m+fp/hard/crtbegin.o

.rodata         0x0000000008006eb0       0x3c
                0x0000000008006eb0                . = ALIGN (0x4)
 *(.rodata)
 *(.rodata*)
 .rodata.neighbourSendPins
                0x0000000008006eb0        0x8 ./Core/Src/main.o
                0x0000000008006eb0                neighbourSendPins
 .rodata.neighbourReceivePins
                0x0000000008006eb8        0x8 ./Core/Src/main.o
                0x0000000008006eb8                neighbourReceivePins
 .rodata.neighbourReceivePorts
                0x0000000008006ec0        0x8 ./Core/Src/main.o
                0x0000000008006ec0                neighbourReceivePorts
 .rodata.neighbourIDs
                0x0000000008006ec8        0x4 ./Core/Src/main.o
                0x0000000008006ec8                neighbourIDs
 .rodata.AHBPrescTable
                0x0000000008006ecc       0x10 ./Core/Src/system_stm32f4xx.o
                0x0000000008006ecc                AHBPrescTable
 .rodata.APBPrescTable
                0x0000000008006edc        0x8 ./Core/Src/system_stm32f4xx.o
                0x0000000008006edc                APBPrescTable
 .rodata.flagBitshiftOffset.0
                0x0000000008006ee4        0x8 ./Drivers/STM32F4xx_HAL_Driver/Src/stm32f4xx_hal_dma.o
                0x0000000008006eec                . = ALIGN (0x4)

.ARM.extab      0x0000000008006eec        0x0
                0x0000000008006eec                . = ALIGN (0x4)
 *(.ARM.extab* .gnu.linkonce.armextab.*)
                0x0000000008006eec                . = ALIGN (0x4)

.ARM            0x0000000008006eec        0x8
                0x0000000008006eec                . = ALIGN (0x4)
                0x0000000008006eec                __exidx_start = .
 *(.ARM.exidx*)
 .ARM.exidx     0x0000000008006eec        0x8 /opt/st/stm32cubeide_1.13.2/plugins/com.st.stm32cube.ide.mcu.externaltools.gnu-tools-for-stm32.11.3.rel1.linux64_1.1.1.202309131626/tools/bin/../lib/gcc/arm-none-eabi/11.3.1/thumb/v7e-m+fp/hard/libgcc.a(_udivmoddi4.o)
                0x0000000008006ef4                __exidx_end = .
                0x0000000008006ef4                . = ALIGN (0x4)

.rel.dyn        0x0000000008006ef4        0x0
 .rel.iplt      0x0000000008006ef4        0x0 /opt/st/stm32cubeide_1.13.2/plugins/com.st.stm32cube.ide.mcu.externaltools.gnu-tools-for-stm32.11.3.rel1.linux64_1.1.1.202309131626/tools/bin/../lib/gcc/arm-none-eabi/11.3.1/thumb/v7e-m+fp/hard/crtbegin.o

.preinit_array  0x0000000008006ef4        0x0
                0x0000000008006ef4                . = ALIGN (0x4)
                0x0000000008006ef4                PROVIDE (__preinit_array_start = .)
 *(.preinit_array*)
                0x0000000008006ef4                PROVIDE (__preinit_array_end = .)
                0x0000000008006ef4                . = ALIGN (0x4)

.init_array     0x0000000008006ef4        0x4
                0x0000000008006ef4                . = ALIGN (0x4)
                0x0000000008006ef4                PROVIDE (__init_array_start = .)
 *(SORT_BY_NAME(.init_array.*))
 *(.init_array*)
 .init_array    0x0000000008006ef4        0x4 /opt/st/stm32cubeide_1.13.2/plugins/com.st.stm32cube.ide.mcu.externaltools.gnu-tools-for-stm32.11.3.rel1.linux64_1.1.1.202309131626/tools/bin/../lib/gcc/arm-none-eabi/11.3.1/thumb/v7e-m+fp/hard/crtbegin.o
                0x0000000008006ef8                PROVIDE (__init_array_end = .)
                0x0000000008006ef8                . = ALIGN (0x4)

.fini_array     0x0000000008006ef8        0x4
                0x0000000008006ef8                . = ALIGN (0x4)
                [!provide]                        PROVIDE (__fini_array_start = .)
 *(SORT_BY_NAME(.fini_array.*))
 *(.fini_array*)
 .fini_array    0x0000000008006ef8        0x4 /opt/st/stm32cubeide_1.13.2/plugins/com.st.stm32cube.ide.mcu.externaltools.gnu-tools-for-stm32.11.3.rel1.linux64_1.1.1.202309131626/tools/bin/../lib/gcc/arm-none-eabi/11.3.1/thumb/v7e-m+fp/hard/crtbegin.o
                [!provide]                        PROVIDE (__fini_array_end = .)
                0x0000000008006efc                . = ALIGN (0x4)
                0x0000000008006efc                _sidata = LOADADDR (.data)

.data           0x0000000020000000       0xa8 load address 0x0000000008006efc
                0x0000000020000000                . = ALIGN (0x4)
                0x0000000020000000                _sdata = .
 *(.data)
 *(.data*)
 .data.myAddress
                0x0000000020000000        0x1 ./Core/Src/main.o
                0x0000000020000000                myAddress
 *fill*         0x0000000020000001        0x3 
 .data.color    0x0000000020000004       0x44 ./Core/Src/main.o
                0x0000000020000004                color
 .data.numbers  0x0000000020000048        0x4 ./Core/Src/numbers.o
                0x0000000020000048                numbers
 .data.SystemCoreClock
                0x000000002000004c        0x4 ./Core/Src/system_stm32f4xx.o
                0x000000002000004c                SystemCoreClock
 .data.uwTickPrio
                0x0000000020000050        0x4 ./Drivers/STM32F4xx_HAL_Driver/Src/stm32f4xx_hal.o
                0x0000000020000050                uwTickPrio
 .data.uwTickFreq
                0x0000000020000054        0x1 ./Drivers/STM32F4xx_HAL_Driver/Src/stm32f4xx_hal.o
                0x0000000020000054                uwTickFreq
 *fill*         0x0000000020000055        0x3 
 .data._impure_data
                0x0000000020000058       0x4c /opt/st/stm32cubeide_1.13.2/plugins/com.st.stm32cube.ide.mcu.externaltools.gnu-tools-for-stm32.11.3.rel1.linux64_1.1.1.202309131626/tools/bin/../lib/gcc/arm-none-eabi/11.3.1/../../../../arm-none-eabi/lib/thumb/v7e-m+fp/hard/libc_nano.a(libc_a-impure.o)
                0x0000000020000058                _impure_data
 .data._impure_ptr
                0x00000000200000a4        0x4 /opt/st/stm32cubeide_1.13.2/plugins/com.st.stm32cube.ide.mcu.externaltools.gnu-tools-for-stm32.11.3.rel1.linux64_1.1.1.202309131626/tools/bin/../lib/gcc/arm-none-eabi/11.3.1/../../../../arm-none-eabi/lib/thumb/v7e-m+fp/hard/libc_nano.a(libc_a-impure.o)
                0x00000000200000a4                _impure_ptr
 *(.RamFunc)
 *(.RamFunc*)
                0x00000000200000a8                . = ALIGN (0x4)
                0x00000000200000a8                _edata = .

.igot.plt       0x00000000200000a8        0x0 load address 0x0000000008006fa4
 .igot.plt      0x00000000200000a8        0x0 /opt/st/stm32cubeide_1.13.2/plugins/com.st.stm32cube.ide.mcu.externaltools.gnu-tools-for-stm32.11.3.rel1.linux64_1.1.1.202309131626/tools/bin/../lib/gcc/arm-none-eabi/11.3.1/thumb/v7e-m+fp/hard/crtbegin.o
                0x00000000200000a8                . = ALIGN (0x4)

.bss            0x00000000200000a8     0x6194 load address 0x0000000008006fa4
                0x00000000200000a8                _sbss = .
                0x00000000200000a8                __bss_start__ = _sbss
 *(.bss)
 .bss           0x00000000200000a8       0x1c /opt/st/stm32cubeide_1.13.2/plugins/com.st.stm32cube.ide.mcu.externaltools.gnu-tools-for-stm32.11.3.rel1.linux64_1.1.1.202309131626/tools/bin/../lib/gcc/arm-none-eabi/11.3.1/thumb/v7e-m+fp/hard/crtbegin.o
 *(.bss*)
 .bss.hspi2     0x00000000200000c4       0x58 ./Core/Src/main.o
                0x00000000200000c4                hspi2
 .bss.hdma_spi2_tx
                0x000000002000011c       0x60 ./Core/Src/main.o
                0x000000002000011c                hdma_spi2_tx
 .bss.htim2     0x000000002000017c       0x48 ./Core/Src/main.o
                0x000000002000017c                htim2
 .bss.htim3     0x00000000200001c4       0x48 ./Core/Src/main.o
                0x00000000200001c4                htim3
 .bss.hdma_tim2_ch3_up
                0x000000002000020c       0x60 ./Core/Src/main.o
                0x000000002000020c                hdma_tim2_ch3_up
 .bss.huart1    0x000000002000026c       0x44 ./Core/Src/main.o
                0x000000002000026c                huart1
 .bss.huart2    0x00000000200002b0       0x44 ./Core/Src/main.o
                0x00000000200002b0                huart2
 .bss.tx_complete
                0x00000000200002f4        0x1 ./Core/Src/main.o
                0x00000000200002f4                tx_complete
 *fill*         0x00000000200002f5        0x3 
 .bss.rx_buf    0x00000000200002f8       0x10 ./Core/Src/main.o
                0x00000000200002f8                rx_buf
 .bss.L1_PDU    0x0000000020000308       0x10 ./Core/Src/main.o
                0x0000000020000308                L1_PDU
 .bss.cnt       0x0000000020000318        0x1 ./Core/Src/main.o
                0x0000000020000318                cnt
 *fill*         0x0000000020000319        0x3 
 .bss.millis    0x000000002000031c        0x4 ./Core/Src/main.o
                0x000000002000031c                millis
 .bss.lastPress
                0x0000000020000320        0x4 ./Core/Src/main.o
                0x0000000020000320                lastPress
 .bss.dmaBuffer
                0x0000000020000324      0x304 ./Core/Src/main.o
                0x0000000020000324                dmaBuffer
 .bss.pBuff     0x0000000020000628        0x4 ./Core/Src/main.o
                0x0000000020000628                pBuff
 .bss.pixels    0x000000002000062c       0x20 ./Core/Src/main.o
                0x000000002000062c                pixels
 .bss.timer_irq
                0x000000002000064c        0x1 ./Core/Src/main.o
                0x000000002000064c                timer_irq
 .bss.state     0x000000002000064d        0x1 ./Core/Src/main.o
                0x000000002000064d                state
 .bss.errorId   0x000000002000064e        0x1 ./Core/Src/main.o
                0x000000002000064e                errorId
 .bss.partnerId
                0x000000002000064f        0x1 ./Core/Src/main.o
                0x000000002000064f                partnerId
 .bss.packageId
                0x0000000020000650        0x1 ./Core/Src/main.o
                0x0000000020000650                packageId
 *fill*         0x0000000020000651        0x3 
 .bss.Lager     0x0000000020000654        0x6 ./Core/Src/main.o
                0x0000000020000654                Lager
 *fill*         0x000000002000065a        0x2 
 .bss.tempLager
                0x000000002000065c        0x6 ./Core/Src/main.o
                0x000000002000065c                tempLager
 .bss.ApNr      0x0000000020000662        0x1 ./Core/Src/main.o
                0x0000000020000662                ApNr
 .bss.receive   0x0000000020000663        0x1 ./Core/Src/main.o
                0x0000000020000663                receive
 .bss.passOn    0x0000000020000664        0x1 ./Core/Src/main.o
                0x0000000020000664                passOn
 .bss.create    0x0000000020000665        0x1 ./Core/Src/main.o
                0x0000000020000665                create
 .bss.deliver   0x0000000020000666        0x1 ./Core/Src/main.o
                0x0000000020000666                deliver
 .bss.poll      0x0000000020000667        0x1 ./Core/Src/main.o
                0x0000000020000667                poll
 .bss.await     0x0000000020000668        0x1 ./Core/Src/main.o
                0x0000000020000668                await
 .bss.finishedSend
                0x0000000020000669        0x1 ./Core/Src/main.o
                0x0000000020000669                finishedSend
 .bss.finishedStore
                0x000000002000066a        0x1 ./Core/Src/main.o
                0x000000002000066a                finishedStore
 .bss.failure   0x000000002000066b        0x1 ./Core/Src/main.o
                0x000000002000066b                failure
 .bss.receivedSDU
                0x000000002000066c        0x1 ./Core/Src/main.o
                0x000000002000066c                receivedSDU
 .bss.GPIO_neighbour_in
                0x000000002000066d        0x1 ./Core/Src/main.o
                0x000000002000066d                GPIO_neighbour_in
 .bss.zustand   0x000000002000066e        0x1 ./Core/Src/main.o
                0x000000002000066e                zustand
 .bss.aktion    0x000000002000066f        0x1 ./Core/Src/main.o
                0x000000002000066f                aktion
 .bss.maze      0x0000000020000670       0x28 ./Core/Src/maze.o
                0x0000000020000670                maze
 .bss.path      0x0000000020000698        0x8 ./Core/Src/maze.o
                0x0000000020000698                path
 .bss.rng       0x00000000200006a0        0xc ./Core/Src/prng.o
                0x00000000200006a0                rng
 .bss.__sbrk_heap_end
                0x00000000200006ac        0x4 ./Core/Src/sysmem.o
 .bss.ws2812_buffer
                0x00000000200006b0     0x5a3c ./Core/Src/ws2812_SPI.o
                0x00000000200006b0                ws2812_buffer
 .bss.uwTick    0x00000000200060ec        0x4 ./Drivers/STM32F4xx_HAL_Driver/Src/stm32f4xx_hal.o
                0x00000000200060ec                uwTick
 .bss.__malloc_free_list
                0x00000000200060f0        0x4 /opt/st/stm32cubeide_1.13.2/plugins/com.st.stm32cube.ide.mcu.externaltools.gnu-tools-for-stm32.11.3.rel1.linux64_1.1.1.202309131626/tools/bin/../lib/gcc/arm-none-eabi/11.3.1/../../../../arm-none-eabi/lib/thumb/v7e-m+fp/hard/libc_nano.a(libc_a-mallocr.o)
                0x00000000200060f0                __malloc_free_list
 .bss.__malloc_sbrk_start
                0x00000000200060f4        0x4 /opt/st/stm32cubeide_1.13.2/plugins/com.st.stm32cube.ide.mcu.externaltools.gnu-tools-for-stm32.11.3.rel1.linux64_1.1.1.202309131626/tools/bin/../lib/gcc/arm-none-eabi/11.3.1/../../../../arm-none-eabi/lib/thumb/v7e-m+fp/hard/libc_nano.a(libc_a-mallocr.o)
                0x00000000200060f4                __malloc_sbrk_start
 .bss.__sf      0x00000000200060f8      0x138 /opt/st/stm32cubeide_1.13.2/plugins/com.st.stm32cube.ide.mcu.externaltools.gnu-tools-for-stm32.11.3.rel1.linux64_1.1.1.202309131626/tools/bin/../lib/gcc/arm-none-eabi/11.3.1/../../../../arm-none-eabi/lib/thumb/v7e-m+fp/hard/libc_nano.a(libc_a-findfp.o)
                0x00000000200060f8                __sf
 .bss.__stdio_exit_handler
                0x0000000020006230        0x4 /opt/st/stm32cubeide_1.13.2/plugins/com.st.stm32cube.ide.mcu.externaltools.gnu-tools-for-stm32.11.3.rel1.linux64_1.1.1.202309131626/tools/bin/../lib/gcc/arm-none-eabi/11.3.1/../../../../arm-none-eabi/lib/thumb/v7e-m+fp/hard/libc_nano.a(libc_a-findfp.o)
                0x0000000020006230                __stdio_exit_handler
 .bss.errno     0x0000000020006234        0x4 /opt/st/stm32cubeide_1.13.2/plugins/com.st.stm32cube.ide.mcu.externaltools.gnu-tools-for-stm32.11.3.rel1.linux64_1.1.1.202309131626/tools/bin/../lib/gcc/arm-none-eabi/11.3.1/../../../../arm-none-eabi/lib/thumb/v7e-m+fp/hard/libc_nano.a(libc_a-reent.o)
                0x0000000020006234                errno
 .bss.__lock___malloc_recursive_mutex
                0x0000000020006238        0x1 /opt/st/stm32cubeide_1.13.2/plugins/com.st.stm32cube.ide.mcu.externaltools.gnu-tools-for-stm32.11.3.rel1.linux64_1.1.1.202309131626/tools/bin/../lib/gcc/arm-none-eabi/11.3.1/../../../../arm-none-eabi/lib/thumb/v7e-m+fp/hard/libc_nano.a(libc_a-lock.o)
                0x0000000020006238                __lock___malloc_recursive_mutex
 *(COMMON)
                0x000000002000623c                . = ALIGN (0x4)
 *fill*         0x0000000020006239        0x3 
                0x000000002000623c                _ebss = .
                0x000000002000623c                __bss_end__ = _ebss

._user_heap_stack
                0x000000002000623c      0x604 load address 0x0000000008006fa4
                0x0000000020006240                . = ALIGN (0x8)
 *fill*         0x000000002000623c        0x4 
                [!provide]                        PROVIDE (end = .)
                0x0000000020006240                PROVIDE (_end = .)
                0x0000000020006440                . = (. + _Min_Heap_Size)
 *fill*         0x0000000020006240      0x200 
                0x0000000020006840                . = (. + _Min_Stack_Size)
 *fill*         0x0000000020006440      0x400 
                0x0000000020006840                . = ALIGN (0x8)

/DISCARD/
 libc.a(*)
 libm.a(*)
 libgcc.a(*)

.ARM.attributes
                0x0000000000000000       0x30
 *(.ARM.attributes)
 .ARM.attributes
                0x0000000000000000       0x1e /opt/st/stm32cubeide_1.13.2/plugins/com.st.stm32cube.ide.mcu.externaltools.gnu-tools-for-stm32.11.3.rel1.linux64_1.1.1.202309131626/tools/bin/../lib/gcc/arm-none-eabi/11.3.1/thumb/v7e-m+fp/hard/crti.o
 .ARM.attributes
                0x000000000000001e       0x34 /opt/st/stm32cubeide_1.13.2/plugins/com.st.stm32cube.ide.mcu.externaltools.gnu-tools-for-stm32.11.3.rel1.linux64_1.1.1.202309131626/tools/bin/../lib/gcc/arm-none-eabi/11.3.1/thumb/v7e-m+fp/hard/crtbegin.o
 .ARM.attributes
                0x0000000000000052       0x34 ./Core/Src/main.o
 .ARM.attributes
                0x0000000000000086       0x34 ./Core/Src/maze.o
 .ARM.attributes
                0x00000000000000ba       0x34 ./Core/Src/numbers.o
 .ARM.attributes
                0x00000000000000ee       0x34 ./Core/Src/prng.o
 .ARM.attributes
                0x0000000000000122       0x34 ./Core/Src/stm32f4xx_hal_msp.o
 .ARM.attributes
                0x0000000000000156       0x34 ./Core/Src/stm32f4xx_it.o
 .ARM.attributes
                0x000000000000018a       0x34 ./Core/Src/syscalls.o
 .ARM.attributes
                0x00000000000001be       0x34 ./Core/Src/sysmem.o
 .ARM.attributes
                0x00000000000001f2       0x34 ./Core/Src/system_stm32f4xx.o
 .ARM.attributes
                0x0000000000000226       0x34 ./Core/Src/ws2812_SPI.o
 .ARM.attributes
                0x000000000000025a       0x21 ./Core/Startup/startup_stm32f401retx.o
 .ARM.attributes
                0x000000000000027b       0x34 ./Drivers/STM32F4xx_HAL_Driver/Src/stm32f4xx_hal.o
 .ARM.attributes
                0x00000000000002af       0x34 ./Drivers/STM32F4xx_HAL_Driver/Src/stm32f4xx_hal_cortex.o
 .ARM.attributes
                0x00000000000002e3       0x34 ./Drivers/STM32F4xx_HAL_Driver/Src/stm32f4xx_hal_dma.o
 .ARM.attributes
                0x0000000000000317       0x34 ./Drivers/STM32F4xx_HAL_Driver/Src/stm32f4xx_hal_gpio.o
 .ARM.attributes
                0x000000000000034b       0x34 ./Drivers/STM32F4xx_HAL_Driver/Src/stm32f4xx_hal_rcc.o
 .ARM.attributes
                0x000000000000037f       0x34 ./Drivers/STM32F4xx_HAL_Driver/Src/stm32f4xx_hal_spi.o
 .ARM.attributes
                0x00000000000003b3       0x34 ./Drivers/STM32F4xx_HAL_Driver/Src/stm32f4xx_hal_tim.o
 .ARM.attributes
                0x00000000000003e7       0x34 ./Drivers/STM32F4xx_HAL_Driver/Src/stm32f4xx_hal_tim_ex.o
 .ARM.attributes
                0x000000000000041b       0x34 ./Drivers/STM32F4xx_HAL_Driver/Src/stm32f4xx_hal_uart.o
 .ARM.attributes
                0x000000000000044f       0x34 /opt/st/stm32cubeide_1.13.2/plugins/com.st.stm32cube.ide.mcu.externaltools.gnu-tools-for-stm32.11.3.rel1.linux64_1.1.1.202309131626/tools/bin/../lib/gcc/arm-none-eabi/11.3.1/../../../../arm-none-eabi/lib/thumb/v7e-m+fp/hard/libc_nano.a(libc_a-exit.o)
 .ARM.attributes
                0x0000000000000483       0x34 /opt/st/stm32cubeide_1.13.2/plugins/com.st.stm32cube.ide.mcu.externaltools.gnu-tools-for-stm32.11.3.rel1.linux64_1.1.1.202309131626/tools/bin/../lib/gcc/arm-none-eabi/11.3.1/../../../../arm-none-eabi/lib/thumb/v7e-m+fp/hard/libc_nano.a(libc_a-malloc.o)
 .ARM.attributes
                0x00000000000004b7       0x34 /opt/st/stm32cubeide_1.13.2/plugins/com.st.stm32cube.ide.mcu.externaltools.gnu-tools-for-stm32.11.3.rel1.linux64_1.1.1.202309131626/tools/bin/../lib/gcc/arm-none-eabi/11.3.1/../../../../arm-none-eabi/lib/thumb/v7e-m+fp/hard/libc_nano.a(libc_a-mallocr.o)
 .ARM.attributes
                0x00000000000004eb       0x34 /opt/st/stm32cubeide_1.13.2/plugins/com.st.stm32cube.ide.mcu.externaltools.gnu-tools-for-stm32.11.3.rel1.linux64_1.1.1.202309131626/tools/bin/../lib/gcc/arm-none-eabi/11.3.1/../../../../arm-none-eabi/lib/thumb/v7e-m+fp/hard/libc_nano.a(libc_a-mlock.o)
 .ARM.attributes
                0x000000000000051f       0x34 /opt/st/stm32cubeide_1.13.2/plugins/com.st.stm32cube.ide.mcu.externaltools.gnu-tools-for-stm32.11.3.rel1.linux64_1.1.1.202309131626/tools/bin/../lib/gcc/arm-none-eabi/11.3.1/../../../../arm-none-eabi/lib/thumb/v7e-m+fp/hard/libc_nano.a(libc_a-findfp.o)
 .ARM.attributes
                0x0000000000000553       0x34 /opt/st/stm32cubeide_1.13.2/plugins/com.st.stm32cube.ide.mcu.externaltools.gnu-tools-for-stm32.11.3.rel1.linux64_1.1.1.202309131626/tools/bin/../lib/gcc/arm-none-eabi/11.3.1/../../../../arm-none-eabi/lib/thumb/v7e-m+fp/hard/libc_nano.a(libc_a-memset.o)
 .ARM.attributes
                0x0000000000000587       0x34 /opt/st/stm32cubeide_1.13.2/plugins/com.st.stm32cube.ide.mcu.externaltools.gnu-tools-for-stm32.11.3.rel1.linux64_1.1.1.202309131626/tools/bin/../lib/gcc/arm-none-eabi/11.3.1/../../../../arm-none-eabi/lib/thumb/v7e-m+fp/hard/libc_nano.a(libc_a-reent.o)
 .ARM.attributes
                0x00000000000005bb       0x34 /opt/st/stm32cubeide_1.13.2/plugins/com.st.stm32cube.ide.mcu.externaltools.gnu-tools-for-stm32.11.3.rel1.linux64_1.1.1.202309131626/tools/bin/../lib/gcc/arm-none-eabi/11.3.1/../../../../arm-none-eabi/lib/thumb/v7e-m+fp/hard/libc_nano.a(libc_a-impure.o)
 .ARM.attributes
                0x00000000000005ef       0x34 /opt/st/stm32cubeide_1.13.2/plugins/com.st.stm32cube.ide.mcu.externaltools.gnu-tools-for-stm32.11.3.rel1.linux64_1.1.1.202309131626/tools/bin/../lib/gcc/arm-none-eabi/11.3.1/../../../../arm-none-eabi/lib/thumb/v7e-m+fp/hard/libc_nano.a(libc_a-sbrkr.o)
 .ARM.attributes
                0x0000000000000623       0x34 /opt/st/stm32cubeide_1.13.2/plugins/com.st.stm32cube.ide.mcu.externaltools.gnu-tools-for-stm32.11.3.rel1.linux64_1.1.1.202309131626/tools/bin/../lib/gcc/arm-none-eabi/11.3.1/../../../../arm-none-eabi/lib/thumb/v7e-m+fp/hard/libc_nano.a(libc_a-errno.o)
 .ARM.attributes
                0x0000000000000657       0x34 /opt/st/stm32cubeide_1.13.2/plugins/com.st.stm32cube.ide.mcu.externaltools.gnu-tools-for-stm32.11.3.rel1.linux64_1.1.1.202309131626/tools/bin/../lib/gcc/arm-none-eabi/11.3.1/../../../../arm-none-eabi/lib/thumb/v7e-m+fp/hard/libc_nano.a(libc_a-init.o)
 .ARM.attributes
                0x000000000000068b       0x34 /opt/st/stm32cubeide_1.13.2/plugins/com.st.stm32cube.ide.mcu.externaltools.gnu-tools-for-stm32.11.3.rel1.linux64_1.1.1.202309131626/tools/bin/../lib/gcc/arm-none-eabi/11.3.1/../../../../arm-none-eabi/lib/thumb/v7e-m+fp/hard/libc_nano.a(libc_a-lock.o)
 .ARM.attributes
                0x00000000000006bf       0x1e /opt/st/stm32cubeide_1.13.2/plugins/com.st.stm32cube.ide.mcu.externaltools.gnu-tools-for-stm32.11.3.rel1.linux64_1.1.1.202309131626/tools/bin/../lib/gcc/arm-none-eabi/11.3.1/thumb/v7e-m+fp/hard/libgcc.a(_aeabi_uldivmod.o)
 .ARM.attributes
                0x00000000000006dd       0x34 /opt/st/stm32cubeide_1.13.2/plugins/com.st.stm32cube.ide.mcu.externaltools.gnu-tools-for-stm32.11.3.rel1.linux64_1.1.1.202309131626/tools/bin/../lib/gcc/arm-none-eabi/11.3.1/thumb/v7e-m+fp/hard/libgcc.a(_udivmoddi4.o)
 .ARM.attributes
                0x0000000000000711       0x1e /opt/st/stm32cubeide_1.13.2/plugins/com.st.stm32cube.ide.mcu.externaltools.gnu-tools-for-stm32.11.3.rel1.linux64_1.1.1.202309131626/tools/bin/../lib/gcc/arm-none-eabi/11.3.1/thumb/v7e-m+fp/hard/libgcc.a(_dvmd_tls.o)
 .ARM.attributes
                0x000000000000072f       0x1e /opt/st/stm32cubeide_1.13.2/plugins/com.st.stm32cube.ide.mcu.externaltools.gnu-tools-for-stm32.11.3.rel1.linux64_1.1.1.202309131626/tools/bin/../lib/gcc/arm-none-eabi/11.3.1/thumb/v7e-m+fp/hard/crtn.o
OUTPUT(es-project.elf elf32-littlearm)
LOAD linker stubs
LOAD /opt/st/stm32cubeide_1.13.2/plugins/com.st.stm32cube.ide.mcu.externaltools.gnu-tools-for-stm32.11.3.rel1.linux64_1.1.1.202309131626/tools/bin/../lib/gcc/arm-none-eabi/11.3.1/../../../../arm-none-eabi/lib/thumb/v7e-m+fp/hard/libc.a
LOAD /opt/st/stm32cubeide_1.13.2/plugins/com.st.stm32cube.ide.mcu.externaltools.gnu-tools-for-stm32.11.3.rel1.linux64_1.1.1.202309131626/tools/bin/../lib/gcc/arm-none-eabi/11.3.1/../../../../arm-none-eabi/lib/thumb/v7e-m+fp/hard/libm.a
LOAD /opt/st/stm32cubeide_1.13.2/plugins/com.st.stm32cube.ide.mcu.externaltools.gnu-tools-for-stm32.11.3.rel1.linux64_1.1.1.202309131626/tools/bin/../lib/gcc/arm-none-eabi/11.3.1/thumb/v7e-m+fp/hard/libgcc.a

.comment        0x0000000000000000       0x43
 .comment       0x0000000000000000       0x43 /opt/st/stm32cubeide_1.13.2/plugins/com.st.stm32cube.ide.mcu.externaltools.gnu-tools-for-stm32.11.3.rel1.linux64_1.1.1.202309131626/tools/bin/../lib/gcc/arm-none-eabi/11.3.1/thumb/v7e-m+fp/hard/crtbegin.o
                                         0x44 (size before relaxing)
 .comment       0x0000000000000043       0x44 ./Core/Src/main.o
 .comment       0x0000000000000043       0x44 ./Core/Src/maze.o
 .comment       0x0000000000000043       0x44 ./Core/Src/numbers.o
 .comment       0x0000000000000043       0x44 ./Core/Src/prng.o
 .comment       0x0000000000000043       0x44 ./Core/Src/stm32f4xx_hal_msp.o
 .comment       0x0000000000000043       0x44 ./Core/Src/stm32f4xx_it.o
 .comment       0x0000000000000043       0x44 ./Core/Src/syscalls.o
 .comment       0x0000000000000043       0x44 ./Core/Src/sysmem.o
 .comment       0x0000000000000043       0x44 ./Core/Src/system_stm32f4xx.o
 .comment       0x0000000000000043       0x44 ./Core/Src/ws2812_SPI.o
 .comment       0x0000000000000043       0x44 ./Drivers/STM32F4xx_HAL_Driver/Src/stm32f4xx_hal.o
 .comment       0x0000000000000043       0x44 ./Drivers/STM32F4xx_HAL_Driver/Src/stm32f4xx_hal_cortex.o
 .comment       0x0000000000000043       0x44 ./Drivers/STM32F4xx_HAL_Driver/Src/stm32f4xx_hal_dma.o
 .comment       0x0000000000000043       0x44 ./Drivers/STM32F4xx_HAL_Driver/Src/stm32f4xx_hal_gpio.o
 .comment       0x0000000000000043       0x44 ./Drivers/STM32F4xx_HAL_Driver/Src/stm32f4xx_hal_rcc.o
 .comment       0x0000000000000043       0x44 ./Drivers/STM32F4xx_HAL_Driver/Src/stm32f4xx_hal_spi.o
 .comment       0x0000000000000043       0x44 ./Drivers/STM32F4xx_HAL_Driver/Src/stm32f4xx_hal_tim.o
 .comment       0x0000000000000043       0x44 ./Drivers/STM32F4xx_HAL_Driver/Src/stm32f4xx_hal_tim_ex.o
 .comment       0x0000000000000043       0x44 ./Drivers/STM32F4xx_HAL_Driver/Src/stm32f4xx_hal_uart.o

.debug_info     0x0000000000000000    0x11639
 .debug_info    0x0000000000000000     0x268b ./Core/Src/main.o
 .debug_info    0x000000000000268b      0x5e8 ./Core/Src/maze.o
 .debug_info    0x0000000000002c73       0x6a ./Core/Src/numbers.o
 .debug_info    0x0000000000002cdd      0x151 ./Core/Src/prng.o
 .debug_info    0x0000000000002e2e     0x12e8 ./Core/Src/stm32f4xx_hal_msp.o
 .debug_info    0x0000000000004116      0xcce ./Core/Src/stm32f4xx_it.o
 .debug_info    0x0000000000004de4      0x6a3 ./Core/Src/syscalls.o
 .debug_info    0x0000000000005487      0x168 ./Core/Src/sysmem.o
 .debug_info    0x00000000000055ef      0x53e ./Core/Src/system_stm32f4xx.o
 .debug_info    0x0000000000005b2d      0x8ff ./Core/Src/ws2812_SPI.o
 .debug_info    0x000000000000642c       0x23 ./Core/Startup/startup_stm32f401retx.o
 .debug_info    0x000000000000644f      0x8bb ./Drivers/STM32F4xx_HAL_Driver/Src/stm32f4xx_hal.o
 .debug_info    0x0000000000006d0a      0xcb0 ./Drivers/STM32F4xx_HAL_Driver/Src/stm32f4xx_hal_cortex.o
 .debug_info    0x00000000000079ba      0x8e6 ./Drivers/STM32F4xx_HAL_Driver/Src/stm32f4xx_hal_dma.o
 .debug_info    0x00000000000082a0      0x6f9 ./Drivers/STM32F4xx_HAL_Driver/Src/stm32f4xx_hal_gpio.o
 .debug_info    0x0000000000008999      0x8f3 ./Drivers/STM32F4xx_HAL_Driver/Src/stm32f4xx_hal_rcc.o
 .debug_info    0x000000000000928c     0x1606 ./Drivers/STM32F4xx_HAL_Driver/Src/stm32f4xx_hal_spi.o
 .debug_info    0x000000000000a892     0x2941 ./Drivers/STM32F4xx_HAL_Driver/Src/stm32f4xx_hal_tim.o
 .debug_info    0x000000000000d1d3     0x14a7 ./Drivers/STM32F4xx_HAL_Driver/Src/stm32f4xx_hal_tim_ex.o
 .debug_info    0x000000000000e67a     0x2fbf ./Drivers/STM32F4xx_HAL_Driver/Src/stm32f4xx_hal_uart.o

.debug_abbrev   0x0000000000000000     0x2831
 .debug_abbrev  0x0000000000000000      0x3cc ./Core/Src/main.o
 .debug_abbrev  0x00000000000003cc      0x1ee ./Core/Src/maze.o
 .debug_abbrev  0x00000000000005ba       0x63 ./Core/Src/numbers.o
 .debug_abbrev  0x000000000000061d      0x105 ./Core/Src/prng.o
 .debug_abbrev  0x0000000000000722      0x260 ./Core/Src/stm32f4xx_hal_msp.o
 .debug_abbrev  0x0000000000000982      0x1dc ./Core/Src/stm32f4xx_it.o
 .debug_abbrev  0x0000000000000b5e      0x1b6 ./Core/Src/syscalls.o
 .debug_abbrev  0x0000000000000d14       0xbc ./Core/Src/sysmem.o
 .debug_abbrev  0x0000000000000dd0      0x11a ./Core/Src/system_stm32f4xx.o
 .debug_abbrev  0x0000000000000eea      0x26c ./Core/Src/ws2812_SPI.o
 .debug_abbrev  0x0000000000001156       0x12 ./Core/Startup/startup_stm32f401retx.o
 .debug_abbrev  0x0000000000001168      0x24b ./Drivers/STM32F4xx_HAL_Driver/Src/stm32f4xx_hal.o
 .debug_abbrev  0x00000000000013b3      0x327 ./Drivers/STM32F4xx_HAL_Driver/Src/stm32f4xx_hal_cortex.o
 .debug_abbrev  0x00000000000016da      0x221 ./Drivers/STM32F4xx_HAL_Driver/Src/stm32f4xx_hal_dma.o
 .debug_abbrev  0x00000000000018fb      0x1d3 ./Drivers/STM32F4xx_HAL_Driver/Src/stm32f4xx_hal_gpio.o
 .debug_abbrev  0x0000000000001ace      0x2b5 ./Drivers/STM32F4xx_HAL_Driver/Src/stm32f4xx_hal_rcc.o
 .debug_abbrev  0x0000000000001d83      0x280 ./Drivers/STM32F4xx_HAL_Driver/Src/stm32f4xx_hal_spi.o
 .debug_abbrev  0x0000000000002003      0x284 ./Drivers/STM32F4xx_HAL_Driver/Src/stm32f4xx_hal_tim.o
 .debug_abbrev  0x0000000000002287      0x28f ./Drivers/STM32F4xx_HAL_Driver/Src/stm32f4xx_hal_tim_ex.o
 .debug_abbrev  0x0000000000002516      0x31b ./Drivers/STM32F4xx_HAL_Driver/Src/stm32f4xx_hal_uart.o

.debug_aranges  0x0000000000000000     0x1120
 .debug_aranges
                0x0000000000000000      0x1a0 ./Core/Src/main.o
 .debug_aranges
                0x00000000000001a0       0x58 ./Core/Src/maze.o
 .debug_aranges
                0x00000000000001f8       0x18 ./Core/Src/numbers.o
 .debug_aranges
                0x0000000000000210       0x28 ./Core/Src/prng.o
 .debug_aranges
                0x0000000000000238       0x58 ./Core/Src/stm32f4xx_hal_msp.o
 .debug_aranges
                0x0000000000000290       0xb0 ./Core/Src/stm32f4xx_it.o
 .debug_aranges
                0x0000000000000340       0xa8 ./Core/Src/syscalls.o
 .debug_aranges
                0x00000000000003e8       0x20 ./Core/Src/sysmem.o
 .debug_aranges
                0x0000000000000408       0x28 ./Core/Src/system_stm32f4xx.o
 .debug_aranges
                0x0000000000000430       0x48 ./Core/Src/ws2812_SPI.o
 .debug_aranges
                0x0000000000000478       0x28 ./Core/Startup/startup_stm32f401retx.o
 .debug_aranges
                0x00000000000004a0       0xf0 ./Drivers/STM32F4xx_HAL_Driver/Src/stm32f4xx_hal.o
 .debug_aranges
                0x0000000000000590      0x118 ./Drivers/STM32F4xx_HAL_Driver/Src/stm32f4xx_hal_cortex.o
 .debug_aranges
                0x00000000000006a8       0x90 ./Drivers/STM32F4xx_HAL_Driver/Src/stm32f4xx_hal_dma.o
 .debug_aranges
                0x0000000000000738       0x58 ./Drivers/STM32F4xx_HAL_Driver/Src/stm32f4xx_hal_gpio.o
 .debug_aranges
                0x0000000000000790       0x88 ./Drivers/STM32F4xx_HAL_Driver/Src/stm32f4xx_hal_rcc.o
 .debug_aranges
                0x0000000000000818      0x1d0 ./Drivers/STM32F4xx_HAL_Driver/Src/stm32f4xx_hal_spi.o
 .debug_aranges
                0x00000000000009e8      0x3d0 ./Drivers/STM32F4xx_HAL_Driver/Src/stm32f4xx_hal_tim.o
 .debug_aranges
                0x0000000000000db8      0x168 ./Drivers/STM32F4xx_HAL_Driver/Src/stm32f4xx_hal_tim_ex.o
 .debug_aranges
                0x0000000000000f20      0x200 ./Drivers/STM32F4xx_HAL_Driver/Src/stm32f4xx_hal_uart.o

.debug_rnglists
                0x0000000000000000      0xd48
 .debug_rnglists
                0x0000000000000000      0x146 ./Core/Src/main.o
 .debug_rnglists
                0x0000000000000146       0x41 ./Core/Src/maze.o
 .debug_rnglists
                0x0000000000000187       0x19 ./Core/Src/prng.o
 .debug_rnglists
                0x00000000000001a0       0x40 ./Core/Src/stm32f4xx_hal_msp.o
 .debug_rnglists
                0x00000000000001e0       0x7f ./Core/Src/stm32f4xx_it.o
 .debug_rnglists
                0x000000000000025f       0x79 ./Core/Src/syscalls.o
 .debug_rnglists
                0x00000000000002d8       0x13 ./Core/Src/sysmem.o
 .debug_rnglists
                0x00000000000002eb       0x1a ./Core/Src/system_stm32f4xx.o
 .debug_rnglists
                0x0000000000000305       0x33 ./Core/Src/ws2812_SPI.o
 .debug_rnglists
                0x0000000000000338       0x19 ./Core/Startup/startup_stm32f401retx.o
 .debug_rnglists
                0x0000000000000351       0xaf ./Drivers/STM32F4xx_HAL_Driver/Src/stm32f4xx_hal.o
 .debug_rnglists
                0x0000000000000400       0xce ./Drivers/STM32F4xx_HAL_Driver/Src/stm32f4xx_hal_cortex.o
 .debug_rnglists
                0x00000000000004ce       0x70 ./Drivers/STM32F4xx_HAL_Driver/Src/stm32f4xx_hal_dma.o
 .debug_rnglists
                0x000000000000053e       0x3f ./Drivers/STM32F4xx_HAL_Driver/Src/stm32f4xx_hal_gpio.o
 .debug_rnglists
                0x000000000000057d       0x66 ./Drivers/STM32F4xx_HAL_Driver/Src/stm32f4xx_hal_rcc.o
 .debug_rnglists
                0x00000000000005e3      0x16f ./Drivers/STM32F4xx_HAL_Driver/Src/stm32f4xx_hal_spi.o
 .debug_rnglists
                0x0000000000000752      0x31a ./Drivers/STM32F4xx_HAL_Driver/Src/stm32f4xx_hal_tim.o
 .debug_rnglists
                0x0000000000000a6c      0x125 ./Drivers/STM32F4xx_HAL_Driver/Src/stm32f4xx_hal_tim_ex.o
 .debug_rnglists
                0x0000000000000b91      0x1b7 ./Drivers/STM32F4xx_HAL_Driver/Src/stm32f4xx_hal_uart.o

.debug_macro    0x0000000000000000    0x167b0
 .debug_macro   0x0000000000000000      0x439 ./Core/Src/main.o
 .debug_macro   0x0000000000000439      0x2a1 ./Core/Src/main.o
 .debug_macro   0x00000000000006da       0x2e ./Core/Src/main.o
 .debug_macro   0x0000000000000708       0x28 ./Core/Src/main.o
 .debug_macro   0x0000000000000730       0x1c ./Core/Src/main.o
 .debug_macro   0x000000000000074c       0x22 ./Core/Src/main.o
 .debug_macro   0x000000000000076e       0xd9 ./Core/Src/main.o
 .debug_macro   0x0000000000000847     0x102d ./Core/Src/main.o
 .debug_macro   0x0000000000001874      0x11f ./Core/Src/main.o
 .debug_macro   0x0000000000001993     0xb86c ./Core/Src/main.o
 .debug_macro   0x000000000000d1ff       0x6d ./Core/Src/main.o
 .debug_macro   0x000000000000d26c     0x367e ./Core/Src/main.o
 .debug_macro   0x00000000000108ea      0x174 ./Core/Src/main.o
 .debug_macro   0x0000000000010a5e       0x5c ./Core/Src/main.o
 .debug_macro   0x0000000000010aba      0x416 ./Core/Src/main.o
 .debug_macro   0x0000000000010ed0      0x9fe ./Core/Src/main.o
 .debug_macro   0x00000000000118ce      0x115 ./Core/Src/main.o
 .debug_macro   0x00000000000119e3       0xf8 ./Core/Src/main.o
 .debug_macro   0x0000000000011adb       0xa5 ./Core/Src/main.o
 .debug_macro   0x0000000000011b80      0x15f ./Core/Src/main.o
 .debug_macro   0x0000000000011cdf      0x287 ./Core/Src/main.o
 .debug_macro   0x0000000000011f66       0x5f ./Core/Src/main.o
 .debug_macro   0x0000000000011fc5      0x236 ./Core/Src/main.o
 .debug_macro   0x00000000000121fb      0x132 ./Core/Src/main.o
 .debug_macro   0x000000000001232d      0x264 ./Core/Src/main.o
 .debug_macro   0x0000000000012591       0x2e ./Core/Src/main.o
 .debug_macro   0x00000000000125bf      0x11a ./Core/Src/main.o
 .debug_macro   0x00000000000126d9       0x85 ./Core/Src/main.o
 .debug_macro   0x000000000001275e       0x89 ./Core/Src/main.o
 .debug_macro   0x00000000000127e7      0x225 ./Core/Src/main.o
 .debug_macro   0x0000000000012a0c      0x8e6 ./Core/Src/main.o
 .debug_macro   0x00000000000132f2       0x47 ./Core/Src/main.o
 .debug_macro   0x0000000000013339      0x295 ./Core/Src/main.o
 .debug_macro   0x00000000000135ce      0x126 ./Core/Src/main.o
 .debug_macro   0x00000000000136f4       0xd0 ./Core/Src/main.o
 .debug_macro   0x00000000000137c4       0x10 ./Core/Src/main.o
 .debug_macro   0x00000000000137d4       0x20 ./Core/Src/main.o
 .debug_macro   0x00000000000137f4       0x1c ./Core/Src/main.o
 .debug_macro   0x0000000000013810       0x1c ./Core/Src/main.o
 .debug_macro   0x000000000001382c       0x2e ./Core/Src/main.o
 .debug_macro   0x000000000001385a       0x4c ./Core/Src/main.o
 .debug_macro   0x00000000000138a6       0x10 ./Core/Src/main.o
 .debug_macro   0x00000000000138b6      0x349 ./Core/Src/maze.o
 .debug_macro   0x0000000000013bff       0x58 ./Core/Src/maze.o
 .debug_macro   0x0000000000013c57       0x16 ./Core/Src/maze.o
 .debug_macro   0x0000000000013c6d       0x56 ./Core/Src/maze.o
 .debug_macro   0x0000000000013cc3       0x1a ./Core/Src/numbers.o
 .debug_macro   0x0000000000013cdd      0x178 ./Core/Src/prng.o
 .debug_macro   0x0000000000013e55       0x5b ./Core/Src/prng.o
 .debug_macro   0x0000000000013eb0       0x94 ./Core/Src/prng.o
 .debug_macro   0x0000000000013f44       0x57 ./Core/Src/prng.o
 .debug_macro   0x0000000000013f9b      0x1e7 ./Core/Src/stm32f4xx_hal_msp.o
 .debug_macro   0x0000000000014182      0x1f1 ./Core/Src/stm32f4xx_it.o
 .debug_macro   0x0000000000014373      0x274 ./Core/Src/syscalls.o
 .debug_macro   0x00000000000145e7       0x10 ./Core/Src/syscalls.o
 .debug_macro   0x00000000000145f7       0x10 ./Core/Src/syscalls.o
 .debug_macro   0x0000000000014607       0x10 ./Core/Src/syscalls.o
 .debug_macro   0x0000000000014617       0x10 ./Core/Src/syscalls.o
 .debug_macro   0x0000000000014627       0x1c ./Core/Src/syscalls.o
 .debug_macro   0x0000000000014643       0x52 ./Core/Src/syscalls.o
 .debug_macro   0x0000000000014695       0x22 ./Core/Src/syscalls.o
 .debug_macro   0x00000000000146b7       0x10 ./Core/Src/syscalls.o
 .debug_macro   0x00000000000146c7       0x52 ./Core/Src/syscalls.o
 .debug_macro   0x0000000000014719       0xcf ./Core/Src/syscalls.o
 .debug_macro   0x00000000000147e8       0x1c ./Core/Src/syscalls.o
 .debug_macro   0x0000000000014804       0x3d ./Core/Src/syscalls.o
 .debug_macro   0x0000000000014841       0x35 ./Core/Src/syscalls.o
 .debug_macro   0x0000000000014876      0x12c ./Core/Src/syscalls.o
 .debug_macro   0x00000000000149a2       0x10 ./Core/Src/syscalls.o
 .debug_macro   0x00000000000149b2      0x242 ./Core/Src/syscalls.o
 .debug_macro   0x0000000000014bf4       0x10 ./Core/Src/syscalls.o
 .debug_macro   0x0000000000014c04      0x18a ./Core/Src/syscalls.o
 .debug_macro   0x0000000000014d8e       0x16 ./Core/Src/syscalls.o
 .debug_macro   0x0000000000014da4       0xce ./Core/Src/syscalls.o
 .debug_macro   0x0000000000014e72       0xff ./Core/Src/sysmem.o
 .debug_macro   0x0000000000014f71      0x23c ./Core/Src/sysmem.o
 .debug_macro   0x00000000000151ad      0x1d8 ./Core/Src/system_stm32f4xx.o
 .debug_macro   0x0000000000015385      0x2f2 ./Core/Src/ws2812_SPI.o
 .debug_macro   0x0000000000015677      0x238 ./Drivers/STM32F4xx_HAL_Driver/Src/stm32f4xx_hal.o
 .debug_macro   0x00000000000158af      0x1d8 ./Drivers/STM32F4xx_HAL_Driver/Src/stm32f4xx_hal_cortex.o
 .debug_macro   0x0000000000015a87      0x1de ./Drivers/STM32F4xx_HAL_Driver/Src/stm32f4xx_hal_dma.o
 .debug_macro   0x0000000000015c65      0x1de ./Drivers/STM32F4xx_HAL_Driver/Src/stm32f4xx_hal_gpio.o
 .debug_macro   0x0000000000015e43      0x1fc ./Drivers/STM32F4xx_HAL_Driver/Src/stm32f4xx_hal_rcc.o
 .debug_macro   0x000000000001603f      0x1e7 ./Drivers/STM32F4xx_HAL_Driver/Src/stm32f4xx_hal_spi.o
 .debug_macro   0x0000000000016226      0x1d9 ./Drivers/STM32F4xx_HAL_Driver/Src/stm32f4xx_hal_tim.o
 .debug_macro   0x00000000000163ff      0x1d8 ./Drivers/STM32F4xx_HAL_Driver/Src/stm32f4xx_hal_tim_ex.o
 .debug_macro   0x00000000000165d7      0x1d9 ./Drivers/STM32F4xx_HAL_Driver/Src/stm32f4xx_hal_uart.o

.debug_line     0x0000000000000000    0x12b5b
 .debug_line    0x0000000000000000     0x17ff ./Core/Src/main.o
 .debug_line    0x00000000000017ff      0xf63 ./Core/Src/maze.o
 .debug_line    0x0000000000002762       0x43 ./Core/Src/numbers.o
 .debug_line    0x00000000000027a5      0x4ff ./Core/Src/prng.o
 .debug_line    0x0000000000002ca4      0x864 ./Core/Src/stm32f4xx_hal_msp.o
 .debug_line    0x0000000000003508      0x855 ./Core/Src/stm32f4xx_it.o
 .debug_line    0x0000000000003d5d      0x7dd ./Core/Src/syscalls.o
 .debug_line    0x000000000000453a      0x4ae ./Core/Src/sysmem.o
 .debug_line    0x00000000000049e8      0x724 ./Core/Src/system_stm32f4xx.o
 .debug_line    0x000000000000510c      0x9a6 ./Core/Src/ws2812_SPI.o
 .debug_line    0x0000000000005ab2       0x7a ./Core/Startup/startup_stm32f401retx.o
 .debug_line    0x0000000000005b2c      0x98a ./Drivers/STM32F4xx_HAL_Driver/Src/stm32f4xx_hal.o
 .debug_line    0x00000000000064b6      0xc39 ./Drivers/STM32F4xx_HAL_Driver/Src/stm32f4xx_hal_cortex.o
 .debug_line    0x00000000000070ef      0xeee ./Drivers/STM32F4xx_HAL_Driver/Src/stm32f4xx_hal_dma.o
 .debug_line    0x0000000000007fdd      0xac2 ./Drivers/STM32F4xx_HAL_Driver/Src/stm32f4xx_hal_gpio.o
 .debug_line    0x0000000000008a9f      0xd03 ./Drivers/STM32F4xx_HAL_Driver/Src/stm32f4xx_hal_rcc.o
 .debug_line    0x00000000000097a2     0x1c1b ./Drivers/STM32F4xx_HAL_Driver/Src/stm32f4xx_hal_spi.o
 .debug_line    0x000000000000b3bd     0x3450 ./Drivers/STM32F4xx_HAL_Driver/Src/stm32f4xx_hal_tim.o
 .debug_line    0x000000000000e80d     0x1922 ./Drivers/STM32F4xx_HAL_Driver/Src/stm32f4xx_hal_tim_ex.o
 .debug_line    0x000000000001012f     0x2a2c ./Drivers/STM32F4xx_HAL_Driver/Src/stm32f4xx_hal_uart.o

.debug_str      0x0000000000000000    0x919fe
 .debug_str     0x0000000000000000    0x8c90f ./Core/Src/main.o
                                      0x8cdaa (size before relaxing)
 .debug_str     0x000000000008c90f       0xb1 ./Core/Src/maze.o
                                      0x8b283 (size before relaxing)
 .debug_str     0x000000000008c9c0       0x16 ./Core/Src/numbers.o
                                       0x2de8 (size before relaxing)
 .debug_str     0x000000000008c9d6       0x13 ./Core/Src/prng.o
                                       0x7853 (size before relaxing)
 .debug_str     0x000000000008c9e9      0x10a ./Core/Src/stm32f4xx_hal_msp.o
                                      0x88545 (size before relaxing)
 .debug_str     0x000000000008caf3      0x1eb ./Core/Src/stm32f4xx_it.o
                                      0x88092 (size before relaxing)
 .debug_str     0x000000000008ccde     0x1ff1 ./Core/Src/syscalls.o
                                       0x9894 (size before relaxing)
 .debug_str     0x000000000008eccf       0x6b ./Core/Src/sysmem.o
                                       0x604b (size before relaxing)
 .debug_str     0x000000000008ed3a       0xdb ./Core/Src/system_stm32f4xx.o
                                      0x874c5 (size before relaxing)
 .debug_str     0x000000000008ee15       0xaf ./Core/Src/ws2812_SPI.o
                                      0x8aed3 (size before relaxing)
 .debug_str     0x000000000008eec4       0x6a ./Core/Startup/startup_stm32f401retx.o
 .debug_str     0x000000000008ef2e      0x5ae ./Drivers/STM32F4xx_HAL_Driver/Src/stm32f4xx_hal.o
                                      0x87ee7 (size before relaxing)
 .debug_str     0x000000000008f4dc      0x326 ./Drivers/STM32F4xx_HAL_Driver/Src/stm32f4xx_hal_cortex.o
                                      0x87c08 (size before relaxing)
 .debug_str     0x000000000008f802      0x2e6 ./Drivers/STM32F4xx_HAL_Driver/Src/stm32f4xx_hal_dma.o
                                      0x878cd (size before relaxing)
 .debug_str     0x000000000008fae8       0xd7 ./Drivers/STM32F4xx_HAL_Driver/Src/stm32f4xx_hal_gpio.o
                                      0x87640 (size before relaxing)
 .debug_str     0x000000000008fbbf      0x233 ./Drivers/STM32F4xx_HAL_Driver/Src/stm32f4xx_hal_rcc.o
                                      0x878f9 (size before relaxing)
 .debug_str     0x000000000008fdf2      0x52e ./Drivers/STM32F4xx_HAL_Driver/Src/stm32f4xx_hal_spi.o
                                      0x87d77 (size before relaxing)
 .debug_str     0x0000000000090320      0xcca ./Drivers/STM32F4xx_HAL_Driver/Src/stm32f4xx_hal_tim.o
                                      0x8882d (size before relaxing)
 .debug_str     0x0000000000090fea      0x493 ./Drivers/STM32F4xx_HAL_Driver/Src/stm32f4xx_hal_tim_ex.o
                                      0x88049 (size before relaxing)
 .debug_str     0x000000000009147d      0x581 ./Drivers/STM32F4xx_HAL_Driver/Src/stm32f4xx_hal_uart.o
                                      0x87e86 (size before relaxing)

.debug_frame    0x0000000000000000     0x4ac8
 .debug_frame   0x0000000000000000      0x6d8 ./Core/Src/main.o
 .debug_frame   0x00000000000006d8      0x140 ./Core/Src/maze.o
 .debug_frame   0x0000000000000818       0x60 ./Core/Src/prng.o
 .debug_frame   0x0000000000000878      0x130 ./Core/Src/stm32f4xx_hal_msp.o
 .debug_frame   0x00000000000009a8      0x21c ./Core/Src/stm32f4xx_it.o
 .debug_frame   0x0000000000000bc4      0x2ac ./Core/Src/syscalls.o
 .debug_frame   0x0000000000000e70       0x34 ./Core/Src/sysmem.o
 .debug_frame   0x0000000000000ea4       0x58 ./Core/Src/system_stm32f4xx.o
 .debug_frame   0x0000000000000efc       0xf0 ./Core/Src/ws2812_SPI.o
 .debug_frame   0x0000000000000fec      0x374 ./Drivers/STM32F4xx_HAL_Driver/Src/stm32f4xx_hal.o
 .debug_frame   0x0000000000001360      0x498 ./Drivers/STM32F4xx_HAL_Driver/Src/stm32f4xx_hal_cortex.o
 .debug_frame   0x00000000000017f8      0x250 ./Drivers/STM32F4xx_HAL_Driver/Src/stm32f4xx_hal_dma.o
 .debug_frame   0x0000000000001a48      0x14c ./Drivers/STM32F4xx_HAL_Driver/Src/stm32f4xx_hal_gpio.o
 .debug_frame   0x0000000000001b94      0x1f4 ./Drivers/STM32F4xx_HAL_Driver/Src/stm32f4xx_hal_rcc.o
 .debug_frame   0x0000000000001d88      0x824 ./Drivers/STM32F4xx_HAL_Driver/Src/stm32f4xx_hal_spi.o
 .debug_frame   0x00000000000025ac     0x11bc ./Drivers/STM32F4xx_HAL_Driver/Src/stm32f4xx_hal_tim.o
 .debug_frame   0x0000000000003768      0x638 ./Drivers/STM32F4xx_HAL_Driver/Src/stm32f4xx_hal_tim_ex.o
 .debug_frame   0x0000000000003da0      0x92c ./Drivers/STM32F4xx_HAL_Driver/Src/stm32f4xx_hal_uart.o
 .debug_frame   0x00000000000046cc       0x28 /opt/st/stm32cubeide_1.13.2/plugins/com.st.stm32cube.ide.mcu.externaltools.gnu-tools-for-stm32.11.3.rel1.linux64_1.1.1.202309131626/tools/bin/../lib/gcc/arm-none-eabi/11.3.1/../../../../arm-none-eabi/lib/thumb/v7e-m+fp/hard/libc_nano.a(libc_a-exit.o)
 .debug_frame   0x00000000000046f4       0x30 /opt/st/stm32cubeide_1.13.2/plugins/com.st.stm32cube.ide.mcu.externaltools.gnu-tools-for-stm32.11.3.rel1.linux64_1.1.1.202309131626/tools/bin/../lib/gcc/arm-none-eabi/11.3.1/../../../../arm-none-eabi/lib/thumb/v7e-m+fp/hard/libc_nano.a(libc_a-malloc.o)
 .debug_frame   0x0000000000004724       0x50 /opt/st/stm32cubeide_1.13.2/plugins/com.st.stm32cube.ide.mcu.externaltools.gnu-tools-for-stm32.11.3.rel1.linux64_1.1.1.202309131626/tools/bin/../lib/gcc/arm-none-eabi/11.3.1/../../../../arm-none-eabi/lib/thumb/v7e-m+fp/hard/libc_nano.a(libc_a-mallocr.o)
 .debug_frame   0x0000000000004774       0x30 /opt/st/stm32cubeide_1.13.2/plugins/com.st.stm32cube.ide.mcu.externaltools.gnu-tools-for-stm32.11.3.rel1.linux64_1.1.1.202309131626/tools/bin/../lib/gcc/arm-none-eabi/11.3.1/../../../../arm-none-eabi/lib/thumb/v7e-m+fp/hard/libc_nano.a(libc_a-mlock.o)
 .debug_frame   0x00000000000047a4      0x144 /opt/st/stm32cubeide_1.13.2/plugins/com.st.stm32cube.ide.mcu.externaltools.gnu-tools-for-stm32.11.3.rel1.linux64_1.1.1.202309131626/tools/bin/../lib/gcc/arm-none-eabi/11.3.1/../../../../arm-none-eabi/lib/thumb/v7e-m+fp/hard/libc_nano.a(libc_a-findfp.o)
 .debug_frame   0x00000000000048e8       0x20 /opt/st/stm32cubeide_1.13.2/plugins/com.st.stm32cube.ide.mcu.externaltools.gnu-tools-for-stm32.11.3.rel1.linux64_1.1.1.202309131626/tools/bin/../lib/gcc/arm-none-eabi/11.3.1/../../../../arm-none-eabi/lib/thumb/v7e-m+fp/hard/libc_nano.a(libc_a-memset.o)
 .debug_frame   0x0000000000004908       0x38 /opt/st/stm32cubeide_1.13.2/plugins/com.st.stm32cube.ide.mcu.externaltools.gnu-tools-for-stm32.11.3.rel1.linux64_1.1.1.202309131626/tools/bin/../lib/gcc/arm-none-eabi/11.3.1/../../../../arm-none-eabi/lib/thumb/v7e-m+fp/hard/libc_nano.a(libc_a-reent.o)
 .debug_frame   0x0000000000004940       0x2c /opt/st/stm32cubeide_1.13.2/plugins/com.st.stm32cube.ide.mcu.externaltools.gnu-tools-for-stm32.11.3.rel1.linux64_1.1.1.202309131626/tools/bin/../lib/gcc/arm-none-eabi/11.3.1/../../../../arm-none-eabi/lib/thumb/v7e-m+fp/hard/libc_nano.a(libc_a-sbrkr.o)