../Drivers/CMSIS/Include/core_cm4.h:2064:26:ITM_SendChar	16	static,ignoring_inline_asm
../Core/Src/main.c:82:5:_write	32	static
../Core/Src/main.c:95:5:main	104	static
../Core/Src/main.c:214:6:SystemClock_Config	88	static
../Core/Src/main.c:261:13:MX_SPI2_Init	8	static
../Core/Src/main.c:299:13:MX_TIM2_Init	64	static
../Core/Src/main.c:358:13:MX_TIM3_Init	32	static
../Core/Src/main.c:403:13:MX_USART2_UART_Init	8	static
../Core/Src/main.c:434:13:MX_DMA_Init	16	static
../Core/Src/main.c:455:13:MX_GPIO_Init	48	static
../Core/Src/main.c:495:6:Error_Handler	4	static,ignoring_inline_asm
