../Core/Src/main.c:78:6:HAL_TIM_PWM_PulseFinishedCallback	16	static
../Core/Src/main.c:83:6:writeLEDs	24	static
../Core/Src/main.c:107:6:writeBuffer	24	static
../Core/Src/main.c:125:6:writeBufferToLEDs	8	static
../Core/Src/main.c:135:5:main	3872	static
../Core/Src/main.c:280:6:SystemClock_Config	88	static
../Core/Src/main.c:327:13:MX_TIM2_Init	64	static
../Core/Src/main.c:390:13:MX_USART2_UART_Init	8	static
../Core/Src/main.c:421:13:MX_DMA_Init	16	static
../Core/Src/main.c:442:13:MX_GPIO_Init	48	static
../Core/Src/main.c:482:6:Error_Handler	4	static,ignoring_inline_asm
