../Core/Src/main_backup.c:237:6:HAL_TIM_PWM_PulseFinishedCallback	16	static
../Core/Src/main_backup.c:242:6:writeLEDs	24	static
../Core/Src/main_backup.c:265:6:HAL_TIM_PeriodElapsedCallback	16	static
../Core/Src/main_backup.c:272:6:stateProcessing	4	static
../Core/Src/main_backup.c:275:6:stateAwait	4	static
../Core/Src/main_backup.c:278:6:stateReceived	4	static
../Core/Src/main_backup.c:281:6:stateSent	4	static
../Core/Src/main_backup.c:284:6:stateFailure	4	static
../Core/Src/main_backup.c:287:6:handleStore	16	static
../Core/Src/main_backup.c:306:6:handleSend	16	static
../Core/Src/main_backup.c:325:6:updateLager	16	static
../Core/Src/main_backup.c:333:6:animateSend	24	static
../Core/Src/main_backup.c:386:6:animateReceive	24	static
../Core/Src/main_backup.c:423:6:animateCreate	24	static
../Core/Src/main_backup.c:470:6:animateDeliver	24	static
../Core/Src/main_backup.c:516:6:pulse	16	static
../Core/Src/main_backup.c:533:6:checkFailure	24	static
../Core/Src/main_backup.c:611:6:resetData	4	static
../Core/Src/main_backup.c:630:6:std	4	static
../Core/Src/main_backup.c:748:6:pat	16	static
../Core/Src/main_backup.c:821:5:main	16	static
../Core/Src/main_backup.c:912:6:SystemClock_Config	88	static
../Core/Src/main_backup.c:959:13:MX_SPI2_Init	8	static
../Core/Src/main_backup.c:997:13:MX_TIM2_Init	64	static
../Core/Src/main_backup.c:1056:13:MX_TIM3_Init	32	static
../Core/Src/main_backup.c:1101:13:MX_USART1_UART_Init	8	static
../Core/Src/main_backup.c:1134:13:MX_USART2_UART_Init	8	static
../Core/Src/main_backup.c:1165:13:MX_DMA_Init	16	static
../Core/Src/main_backup.c:1186:13:MX_GPIO_Init	48	static
../Core/Src/main_backup.c:1253:6:HAL_UART_RxCpltCallback	24	static
../Core/Src/main_backup.c:1265:6:HAL_UART_TxCpltCallback	16	static
../Core/Src/main_backup.c:1271:6:HAL_GPIO_EXTI_Callback	16	static
../Core/Src/main_backup.c:1304:6:L1_receive	40	static
../Core/Src/main_backup.c:1314:6:L2_receive	40	static
../Core/Src/main_backup.c:1329:6:L3_receive	32	static
../Core/Src/main_backup.c:1349:6:L7_receive	40	static
../Core/Src/main_backup.c:1416:6:L7_send	32	static
../Core/Src/main_backup.c:1428:6:L3_send	40	static
../Core/Src/main_backup.c:1442:6:L2_send	40	static
../Core/Src/main_backup.c:1457:6:L1_send	24	static
../Core/Src/main_backup.c:1471:6:ApNr_42	24	static
../Core/Src/main_backup.c:1492:6:ApNr_43	24	static
../Core/Src/main_backup.c:1512:6:ApNr_50	24	static
../Core/Src/main_backup.c:1529:6:ApNr_100	24	static
../Core/Src/main_backup.c:1544:6:ApNr_101	16	static
../Core/Src/main_backup.c:1551:6:ApNr_102	24	static
../Core/Src/main_backup.c:1561:6:ApNr_103	24	static
../Core/Src/main_backup.c:1569:5:crcSlow	32	static
../Core/Src/main_backup.c:1598:6:Error_Handler	4	static,ignoring_inline_asm
