../Core/Src/main.c:237:6:HAL_TIM_PWM_PulseFinishedCallback	16	static
../Core/Src/main.c:242:6:writeLEDs	24	static
../Core/Src/main.c:265:6:HAL_TIM_PeriodElapsedCallback	16	static
../Core/Src/main.c:272:6:stateProcessing	4	static
../Core/Src/main.c:275:6:stateAwait	4	static
../Core/Src/main.c:278:6:stateReceived	4	static
../Core/Src/main.c:281:6:stateSent	4	static
../Core/Src/main.c:284:6:stateFailure	4	static
../Core/Src/main.c:287:6:handleStore	16	static
../Core/Src/main.c:306:6:handleSend	16	static
../Core/Src/main.c:325:6:updateLager	16	static
../Core/Src/main.c:333:6:animateSend	24	static
../Core/Src/main.c:386:6:animateReceive	24	static
../Core/Src/main.c:423:6:animateCreate	24	static
../Core/Src/main.c:470:6:animateDeliver	24	static
../Core/Src/main.c:516:6:pulse	16	static
../Core/Src/main.c:533:6:checkFailure	24	static
../Core/Src/main.c:611:6:resetData	4	static
../Core/Src/main.c:630:6:std	4	static
../Core/Src/main.c:737:6:pat	16	static
../Core/Src/main.c:810:5:main	16	static
../Core/Src/main.c:890:6:SystemClock_Config	88	static
../Core/Src/main.c:937:13:MX_SPI2_Init	8	static
../Core/Src/main.c:975:13:MX_TIM2_Init	64	static
../Core/Src/main.c:1034:13:MX_TIM3_Init	32	static
../Core/Src/main.c:1079:13:MX_USART1_UART_Init	8	static
../Core/Src/main.c:1112:13:MX_USART2_UART_Init	8	static
../Core/Src/main.c:1143:13:MX_DMA_Init	16	static
../Core/Src/main.c:1164:13:MX_GPIO_Init	48	static
../Core/Src/main.c:1231:6:HAL_UART_RxCpltCallback	24	static
../Core/Src/main.c:1243:6:HAL_UART_TxCpltCallback	16	static
../Core/Src/main.c:1249:6:HAL_GPIO_EXTI_Callback	16	static
../Core/Src/main.c:1282:6:L1_receive	40	static
../Core/Src/main.c:1292:6:L2_receive	40	static
../Core/Src/main.c:1307:6:L3_receive	32	static
../Core/Src/main.c:1327:6:L7_receive	40	static
../Core/Src/main.c:1394:6:L7_send	32	static
../Core/Src/main.c:1406:6:L3_send	40	static
../Core/Src/main.c:1420:6:L2_send	40	static
../Core/Src/main.c:1435:6:L1_send	24	static
../Core/Src/main.c:1449:6:ApNr_42	24	static
../Core/Src/main.c:1470:6:ApNr_43	24	static
../Core/Src/main.c:1490:6:ApNr_50	24	static
../Core/Src/main.c:1507:6:ApNr_100	24	static
../Core/Src/main.c:1522:6:ApNr_101	16	static
../Core/Src/main.c:1529:6:ApNr_102	24	static
../Core/Src/main.c:1539:6:ApNr_103	24	static
../Core/Src/main.c:1547:5:crcSlow	32	static
../Core/Src/main.c:1576:6:Error_Handler	4	static,ignoring_inline_asm
