../Core/Src/main.c:235:6:HAL_TIM_PWM_PulseFinishedCallback	16	static
../Core/Src/main.c:240:6:writeLEDs	24	static
../Core/Src/main.c:263:6:HAL_TIM_PeriodElapsedCallback	16	static
../Core/Src/main.c:270:6:stateProcessing	4	static
../Core/Src/main.c:273:6:stateAwait	4	static
../Core/Src/main.c:276:6:stateReceived	4	static
../Core/Src/main.c:279:6:stateSent	4	static
../Core/Src/main.c:282:6:stateFailure	4	static
../Core/Src/main.c:285:6:handleStore	16	static
../Core/Src/main.c:304:6:handleSend	16	static
../Core/Src/main.c:323:6:updateLager	16	static
../Core/Src/main.c:331:6:animateSend	24	static
../Core/Src/main.c:384:6:animateReceive	24	static
../Core/Src/main.c:421:6:animateCreate	24	static
../Core/Src/main.c:453:6:animateDeliver	24	static
../Core/Src/main.c:499:6:pulse	16	static
../Core/Src/main.c:516:6:checkFailure	24	static
../Core/Src/main.c:594:6:resetData	4	static
../Core/Src/main.c:612:6:std	4	static
../Core/Src/main.c:730:6:pat	8	static
../Core/Src/main.c:795:5:main	16	static
../Core/Src/main.c:859:6:SystemClock_Config	88	static
../Core/Src/main.c:906:13:MX_SPI2_Init	8	static
../Core/Src/main.c:944:13:MX_TIM2_Init	64	static
../Core/Src/main.c:1003:13:MX_TIM3_Init	32	static
../Core/Src/main.c:1048:13:MX_USART1_UART_Init	8	static
../Core/Src/main.c:1081:13:MX_USART2_UART_Init	8	static
../Core/Src/main.c:1112:13:MX_DMA_Init	16	static
../Core/Src/main.c:1133:13:MX_GPIO_Init	48	static
../Core/Src/main.c:1209:6:HAL_UART_RxCpltCallback	24	static
../Core/Src/main.c:1221:6:HAL_UART_TxCpltCallback	16	static
../Core/Src/main.c:1227:6:HAL_GPIO_EXTI_Callback	16	static
../Core/Src/main.c:1260:6:L1_receive	40	static
../Core/Src/main.c:1270:6:L2_receive	40	static
../Core/Src/main.c:1285:6:L3_receive	32	static
../Core/Src/main.c:1305:6:L7_receive	40	static
../Core/Src/main.c:1372:6:L7_send	32	static
../Core/Src/main.c:1384:6:L3_send	40	static
../Core/Src/main.c:1398:6:L2_send	40	static
../Core/Src/main.c:1413:6:L1_send	24	static
../Core/Src/main.c:1427:6:ApNr_42	24	static
../Core/Src/main.c:1448:6:ApNr_43	24	static
../Core/Src/main.c:1468:6:ApNr_50	24	static
../Core/Src/main.c:1485:6:ApNr_100	24	static
../Core/Src/main.c:1500:6:ApNr_101	16	static
../Core/Src/main.c:1507:6:ApNr_102	24	static
../Core/Src/main.c:1517:6:ApNr_103	24	static
../Core/Src/main.c:1525:5:crcSlow	32	static
../Core/Src/main.c:1554:6:Error_Handler	4	static,ignoring_inline_asm
