../Core/Src/main.c:308:6:HAL_TIM_PWM_PulseFinishedCallback	16	static
../Core/Src/main.c:313:6:writeLEDs	24	static
../Core/Src/main.c:336:6:HAL_TIM_PeriodElapsedCallback	16	static
../Core/Src/main.c:343:6:stateProcessing	4	static
../Core/Src/main.c:346:6:stateAwait	4	static
../Core/Src/main.c:349:6:stateReceived	4	static
../Core/Src/main.c:352:6:stateSent	4	static
../Core/Src/main.c:355:6:stateFailure	4	static
../Core/Src/main.c:358:6:handleStore	16	static
../Core/Src/main.c:377:6:handleSend	16	static
../Core/Src/main.c:396:6:updateLager	16	static
../Core/Src/main.c:404:6:animateSend	40	static
../Core/Src/main.c:503:6:animateReceive	40	static
../Core/Src/main.c:590:6:animateCreate	24	static
../Core/Src/main.c:637:6:animateDeliver	24	static
../Core/Src/main.c:683:6:pulse	16	static
../Core/Src/main.c:700:6:checkFailure	24	static
../Core/Src/main.c:778:6:resetData	4	static
../Core/Src/main.c:797:6:std	4	static
../Core/Src/main.c:904:6:pat	8	static
../Core/Src/main.c:977:5:main	32	static
../Core/Src/main.c:1045:6:SystemClock_Config	88	static
../Core/Src/main.c:1092:13:MX_SPI2_Init	8	static
../Core/Src/main.c:1130:13:MX_TIM2_Init	64	static
../Core/Src/main.c:1189:13:MX_TIM3_Init	32	static
../Core/Src/main.c:1234:13:MX_USART1_UART_Init	8	static
../Core/Src/main.c:1267:13:MX_USART2_UART_Init	8	static
../Core/Src/main.c:1298:13:MX_DMA_Init	16	static
../Core/Src/main.c:1319:13:MX_GPIO_Init	48	static
../Core/Src/main.c:1386:6:HAL_UART_RxCpltCallback	24	static
../Core/Src/main.c:1398:6:HAL_UART_TxCpltCallback	16	static
../Core/Src/main.c:1404:6:HAL_GPIO_EXTI_Callback	16	static
../Core/Src/main.c:1437:6:L1_receive	40	static
../Core/Src/main.c:1447:6:L2_receive	40	static
../Core/Src/main.c:1462:6:L3_receive	32	static
../Core/Src/main.c:1482:6:L7_receive	40	static
../Core/Src/main.c:1549:6:L7_send	32	static
../Core/Src/main.c:1561:6:L3_send	40	static
../Core/Src/main.c:1575:6:L2_send	40	static
../Core/Src/main.c:1590:6:L1_send	24	static
../Core/Src/main.c:1604:6:ApNr_42	24	static
../Core/Src/main.c:1625:6:ApNr_43	24	static
../Core/Src/main.c:1645:6:ApNr_50	24	static
../Core/Src/main.c:1662:6:ApNr_100	24	static
../Core/Src/main.c:1677:6:ApNr_101	16	static
../Core/Src/main.c:1684:6:ApNr_102	24	static
../Core/Src/main.c:1694:6:ApNr_103	24	static
../Core/Src/main.c:1702:5:crcSlow	32	static
../Core/Src/main.c:1731:6:Error_Handler	4	static,ignoring_inline_asm
