Archive member included to satisfy reference by file (symbol)

/opt/st/stm32cubeide_1.13.2/plugins/com.st.stm32cube.ide.mcu.externaltools.gnu-tools-for-stm32.11.3.rel1.linux64_1.1.1.202309131626/tools/bin/../lib/gcc/arm-none-eabi/11.3.1/../../../../arm-none-eabi/lib/thumb/v7e-m+fp/hard/libc_nano.a(libc_a-calloc.o)
                              ./Core/Src/maze.o (calloc)
/opt/st/stm32cubeide_1.13.2/plugins/com.st.stm32cube.ide.mcu.externaltools.gnu-tools-for-stm32.11.3.rel1.linux64_1.1.1.202309131626/tools/bin/../lib/gcc/arm-none-eabi/11.3.1/../../../../arm-none-eabi/lib/thumb/v7e-m+fp/hard/libc_nano.a(libc_a-callocr.o)
                              /opt/st/stm32cubeide_1.13.2/plugins/com.st.stm32cube.ide.mcu.externaltools.gnu-tools-for-stm32.11.3.rel1.linux64_1.1.1.202309131626/tools/bin/../lib/gcc/arm-none-eabi/11.3.1/../../../../arm-none-eabi/lib/thumb/v7e-m+fp/hard/libc_nano.a(libc_a-calloc.o) (_calloc_r)
/opt/st/stm32cubeide_1.13.2/plugins/com.st.stm32cube.ide.mcu.externaltools.gnu-tools-for-stm32.11.3.rel1.linux64_1.1.1.202309131626/tools/bin/../lib/gcc/arm-none-eabi/11.3.1/../../../../arm-none-eabi/lib/thumb/v7e-m+fp/hard/libc_nano.a(libc_a-exit.o)
                              /opt/st/stm32cubeide_1.13.2/plugins/com.st.stm32cube.ide.mcu.externaltools.gnu-tools-for-stm32.11.3.rel1.linux64_1.1.1.202309131626/tools/bin/../lib/gcc/arm-none-eabi/11.3.1/../../../../arm-none-eabi/lib/thumb/v7e-m+fp/hard/crt0.o (exit)
/opt/st/stm32cubeide_1.13.2/plugins/com.st.stm32cube.ide.mcu.externaltools.gnu-tools-for-stm32.11.3.rel1.linux64_1.1.1.202309131626/tools/bin/../lib/gcc/arm-none-eabi/11.3.1/../../../../arm-none-eabi/lib/thumb/v7e-m+fp/hard/libc_nano.a(libc_a-malloc.o)
                              ./Core/Src/lookup_table.o (malloc)
/opt/st/stm32cubeide_1.13.2/plugins/com.st.stm32cube.ide.mcu.externaltools.gnu-tools-for-stm32.11.3.rel1.linux64_1.1.1.202309131626/tools/bin/../lib/gcc/arm-none-eabi/11.3.1/../../../../arm-none-eabi/lib/thumb/v7e-m+fp/hard/libc_nano.a(libc_a-mallocr.o)
                              /opt/st/stm32cubeide_1.13.2/plugins/com.st.stm32cube.ide.mcu.externaltools.gnu-tools-for-stm32.11.3.rel1.linux64_1.1.1.202309131626/tools/bin/../lib/gcc/arm-none-eabi/11.3.1/../../../../arm-none-eabi/lib/thumb/v7e-m+fp/hard/libc_nano.a(libc_a-callocr.o) (_malloc_r)
/opt/st/stm32cubeide_1.13.2/plugins/com.st.stm32cube.ide.mcu.externaltools.gnu-tools-for-stm32.11.3.rel1.linux64_1.1.1.202309131626/tools/bin/../lib/gcc/arm-none-eabi/11.3.1/../../../../arm-none-eabi/lib/thumb/v7e-m+fp/hard/libc_nano.a(libc_a-mlock.o)
                              /opt/st/stm32cubeide_1.13.2/plugins/com.st.stm32cube.ide.mcu.externaltools.gnu-tools-for-stm32.11.3.rel1.linux64_1.1.1.202309131626/tools/bin/../lib/gcc/arm-none-eabi/11.3.1/../../../../arm-none-eabi/lib/thumb/v7e-m+fp/hard/libc_nano.a(libc_a-mallocr.o) (__malloc_lock)
/opt/st/stm32cubeide_1.13.2/plugins/com.st.stm32cube.ide.mcu.externaltools.gnu-tools-for-stm32.11.3.rel1.linux64_1.1.1.202309131626/tools/bin/../lib/gcc/arm-none-eabi/11.3.1/../../../../arm-none-eabi/lib/thumb/v7e-m+fp/hard/libc_nano.a(libc_a-findfp.o)
                              /opt/st/stm32cubeide_1.13.2/plugins/com.st.stm32cube.ide.mcu.externaltools.gnu-tools-for-stm32.11.3.rel1.linux64_1.1.1.202309131626/tools/bin/../lib/gcc/arm-none-eabi/11.3.1/../../../../arm-none-eabi/lib/thumb/v7e-m+fp/hard/libc_nano.a(libc_a-exit.o) (__stdio_exit_handler)
/opt/st/stm32cubeide_1.13.2/plugins/com.st.stm32cube.ide.mcu.externaltools.gnu-tools-for-stm32.11.3.rel1.linux64_1.1.1.202309131626/tools/bin/../lib/gcc/arm-none-eabi/11.3.1/../../../../arm-none-eabi/lib/thumb/v7e-m+fp/hard/libc_nano.a(libc_a-fwalk.o)
                              /opt/st/stm32cubeide_1.13.2/plugins/com.st.stm32cube.ide.mcu.externaltools.gnu-tools-for-stm32.11.3.rel1.linux64_1.1.1.202309131626/tools/bin/../lib/gcc/arm-none-eabi/11.3.1/../../../../arm-none-eabi/lib/thumb/v7e-m+fp/hard/libc_nano.a(libc_a-findfp.o) (_fwalk_sglue)
/opt/st/stm32cubeide_1.13.2/plugins/com.st.stm32cube.ide.mcu.externaltools.gnu-tools-for-stm32.11.3.rel1.linux64_1.1.1.202309131626/tools/bin/../lib/gcc/arm-none-eabi/11.3.1/../../../../arm-none-eabi/lib/thumb/v7e-m+fp/hard/libc_nano.a(libc_a-stdio.o)
                              /opt/st/stm32cubeide_1.13.2/plugins/com.st.stm32cube.ide.mcu.externaltools.gnu-tools-for-stm32.11.3.rel1.linux64_1.1.1.202309131626/tools/bin/../lib/gcc/arm-none-eabi/11.3.1/../../../../arm-none-eabi/lib/thumb/v7e-m+fp/hard/libc_nano.a(libc_a-findfp.o) (__sread)
/opt/st/stm32cubeide_1.13.2/plugins/com.st.stm32cube.ide.mcu.externaltools.gnu-tools-for-stm32.11.3.rel1.linux64_1.1.1.202309131626/tools/bin/../lib/gcc/arm-none-eabi/11.3.1/../../../../arm-none-eabi/lib/thumb/v7e-m+fp/hard/libc_nano.a(libc_a-memset.o)
[...]
Memory Configuration

Name             Origin             Length             Attributes
RAM              0x0000000020000000 0x0000000000018000 xrw
FLASH            0x0000000008000000 0x0000000000080000 xr
*default*        0x0000000000000000 0xffffffffffffffff

Linker script and memory map

LOAD /opt/st/stm32cubeide_1.13.2/plugins/com.st.stm32cube.ide.mcu.externaltools.gnu-tools-for-stm32.11.3.rel1.linux64_1.1.1.202309131626/tools/bin/../lib/gcc/arm-none-eabi/11.3.1/thumb/v7e-m+fp/hard/crti.o
LOAD /opt/st/stm32cubeide_1.13.2/plugins/com.st.stm32cube.ide.mcu.externaltools.gnu-tools-for-stm32.11.3.rel1.linux64_1.1.1.202309131626/tools/bin/../lib/gcc/arm-none-eabi/11.3.1/thumb/v7e-m+fp/hard/crtbegin.o
LOAD /opt/st/stm32cubeide_1.13.2/plugins/com.st.stm32cube.ide.mcu.externaltools.gnu-tools-for-stm32.11.3.rel1.linux64_1.1.1.202309131626/tools/bin/../lib/gcc/arm-none-eabi/11.3.1/../../../../arm-none-eabi/lib/thumb/v7e-m+fp/hard/crt0.o
LOAD ./Core/Src/lookup_table.o
LOAD ./Core/Src/main.o
LOAD ./Core/Src/maze.o
LOAD ./Core/Src/numbers.o
LOAD ./Core/Src/prng.o
LOAD ./Core/Src/ram_usage.o
LOAD ./Core/Src/stm32f4xx_hal_msp.o
LOAD ./Core/Src/stm32f4xx_it.o
LOAD ./Core/Src/syscalls.o
LOAD ./Core/Src/sysmem.o
LOAD ./Core/Src/system_stm32f4xx.o
LOAD ./Core/Src/ws2812_SPI.o
LOAD ./Core/Startup/startup_stm32f401retx.o
LOAD ./Drivers/STM32F4xx_HAL_Driver/Src/stm32f4xx_hal.o
LOAD ./Drivers/STM32F4xx_HAL_Driver/Src/stm32f4xx_hal_cortex.o
LOAD ./Drivers/STM32F4xx_HAL_Driver/Src/stm32f4xx_hal_dma.o
LOAD ./Drivers/STM32F4xx_HAL_Driver/Src/stm32f4xx_hal_dma_ex.o
LOAD ./Drivers/STM32F4xx_HAL_Driver/Src/stm32f4xx_hal_exti.o
LOAD ./Drivers/STM32F4xx_HAL_Driver/Src/stm32f4xx_hal_flash.o
LOAD ./Drivers/STM32F4xx_HAL_Driver/Src/stm32f4xx_hal_flash_ex.o
LOAD ./Drivers/STM32F4xx_HAL_Driver/Src/stm32f4xx_hal_flash_ramfunc.o
LOAD ./Drivers/STM32F4xx_HAL_Driver/Src/stm32f4xx_hal_gpio.o
LOAD ./Drivers/STM32F4xx_HAL_Driver/Src/stm32f4xx_hal_pwr.o
LOAD ./Drivers/STM32F4xx_HAL_Driver/Src/stm32f4xx_hal_pwr_ex.o
LOAD ./Drivers/STM32F4xx_HAL_Driver/Src/stm32f4xx_hal_rcc.o
LOAD ./Drivers/STM32F4xx_HAL_Driver/Src/stm32f4xx_hal_rcc_ex.o
LOAD ./Drivers/STM32F4xx_HAL_Driver/Src/stm32f4xx_hal_spi.o
LOAD ./Drivers/STM32F4xx_HAL_Driver/Src/stm32f4xx_hal_tim.o
LOAD ./Drivers/STM32F4xx_HAL_Driver/Src/stm32f4xx_hal_tim_ex.o
LOAD ./Drivers/STM32F4xx_HAL_Driver/Src/stm32f4xx_hal_uart.o
START GROUP
LOAD /opt/st/stm32cubeide_1.13.2/plugins/com.st.stm32cube.ide.mcu.externaltools.gnu-tools-for-stm32.11.3.rel1.linux64_1.1.1.202309131626/tools/bin/../lib/gcc/arm-none-eabi/11.3.1/../../../../arm-none-eabi/lib/thumb/v7e-m+fp/hard/libc_nano.a
LOAD /opt/st/stm32cubeide_1.13.2/plugins/com.st.stm32cube.ide.mcu.externaltools.gnu-tools-for-stm32.11.3.rel1.linux64_1.1.1.202309131626/tools/bin/../lib/gcc/arm-none-eabi/11.3.1/../../../../arm-none-eabi/lib/thumb/v7e-m+fp/hard/libm.a
END GROUP
START GROUP
LOAD /opt/st/stm32cubeide_1.13.2/plugins/com.st.stm32cube.ide.mcu.externaltools.gnu-tools-for-stm32.11.3.rel1.linux64_1.1.1.202309131626/tools/bin/../lib/gcc/arm-none-eabi/11.3.1/thumb/v7e-m+fp/hard/libgcc.a
LOAD /opt/st/stm32cubeide_1.13.2/plugins/com.st.stm32cube.ide.mcu.externaltools.gnu-tools-for-stm32.11.3.rel1.linux64_1.1.1.202309131626/tools/bin/../lib/gcc/arm-none-eabi/11.3.1/../../../../arm-none-eabi/lib/thumb/v7e-m+fp/hard/libc_nano.a
END GROUP
START GROUP
LOAD /opt/st/stm32cubeide_1.13.2/plugins/com.st.stm32cube.ide.mcu.externaltools.gnu-tools-for-stm32.11.3.rel1.linux64_1.1.1.202309131626/tools/bin/../lib/gcc/arm-none-eabi/11.3.1/thumb/v7e-m+fp/hard/libgcc.a
LOAD /opt/st/stm32cubeide_1.13.2/plugins/com.st.stm32cube.ide.mcu.externaltools.gnu-tools-for-stm32.11.3.rel1.linux64_1.1.1.202309131626/tools/bin/../lib/gcc/arm-none-eabi/11.3.1/../../../../arm-none-eabi/lib/thumb/v7e-m+fp/hard/libc_nano.a
LOAD /opt/st/stm32cubeide_1.13.2/plugins/com.st.stm32cube.ide.mcu.externaltools.gnu-tools-for-stm32.11.3.rel1.linux64_1.1.1.202309131626/tools/bin/../lib/gcc/arm-none-eabi/11.3.1/../../../../arm-none-eabi/lib/thumb/v7e-m+fp/hard/libnosys.a
END GROUP
START GROUP
LOAD /opt/st/stm32cubeide_1.13.2/plugins/com.st.stm32cube.ide.mcu.externaltools.gnu-tools-for-stm32.11.3.rel1.linux64_1.1.1.202309131626/tools/bin/../lib/gcc/arm-none-eabi/11.3.1/thumb/v7e-m+fp/hard/libgcc.a
LOAD /opt/st/stm32cubeide_1.13.2/plugins/com.st.stm32cube.ide.mcu.externaltools.gnu-tools-for-stm32.11.3.rel1.linux64_1.1.1.202309131626/tools/bin/../lib/gcc/arm-none-eabi/11.3.1/../../../../arm-none-eabi/lib/thumb/v7e-m+fp/hard/libc_nano.a
LOAD /opt/st/stm32cubeide_1.13.2/plugins/com.st.stm32cube.ide.mcu.externaltools.gnu-tools-for-stm32.11.3.rel1.linux64_1.1.1.202309131626/tools/bin/../lib/gcc/arm-none-eabi/11.3.1/../../../../arm-none-eabi/lib/thumb/v7e-m+fp/hard/libnosys.a
END GROUP
LOAD /opt/st/stm32cubeide_1.13.2/plugins/com.st.stm32cube.ide.mcu.externaltools.gnu-tools-for-stm32.11.3.rel1.linux64_1.1.1.202309131626/tools/bin/../lib/gcc/arm-none-eabi/11.3.1/thumb/v7e-m+fp/hard/crtend.o
LOAD /opt/st/stm32cubeide_1.13.2/plugins/com.st.stm32cube.ide.mcu.externaltools.gnu-tools-for-stm32.11.3.rel1.linux64_1.1.1.202309131626/tools/bin/../lib/gcc/arm-none-eabi/11.3.1/thumb/v7e-m+fp/hard/crtn.o
                0x0000000020018000                _estack = (ORIGIN (RAM) + LENGTH (RAM))
                0x0000000000000200                _Min_Heap_Size = 0x200
                0x0000000000000400                _Min_Stack_Size = 0x400

.isr_vector     0x0000000008000000      0x194
                0x0000000008000000                . = ALIGN (0x4)
 *(.isr_vector)
 .isr_vector    0x0000000008000000      0x194 ./Core/Startup/startup_stm32f401retx.o
                0x0000000008000000                g_pfnVectors
                0x0000000008000194                . = ALIGN (0x4)

.text           0x0000000008000194     0x4ccc
                0x0000000008000194                . = ALIGN (0x4)
 *(.text)
 .text          0x0000000008000194       0x40 /opt/st/stm32cubeide_1.13.2/plugins/com.st.stm32cube.ide.mcu.externaltools.gnu-tools-for-stm32.11.3.rel1.linux64_1.1.1.202309131626/tools/bin/../lib/gcc/arm-none-eabi/11.3.1/thumb/v7e-m+fp/hard/crtbegin.o
 .text          0x00000000080001d4       0x30 /opt/st/stm32cubeide_1.13.2/plugins/com.st.stm32cube.ide.mcu.externaltools.gnu-tools-for-stm32.11.3.rel1.linux64_1.1.1.202309131626/tools/bin/../lib/gcc/arm-none-eabi/11.3.1/thumb/v7e-m+fp/hard/libgcc.a(_aeabi_uldivmod.o)
                0x00000000080001d4                __aeabi_uldivmod
 .text          0x0000000008000204      0x2c8 /opt/st/stm32cubeide_1.13.2/plugins/com.st.stm32cube.ide.mcu.externaltools.gnu-tools-for-stm32.11.3.rel1.linux64_1.1.1.202309131626/tools/bin/../lib/gcc/arm-none-eabi/11.3.1/thumb/v7e-m+fp/hard/libgcc.a(_udivmoddi4.o)
                0x0000000008000204                __udivmoddi4
 .text          0x00000000080004cc        0x4 /opt/st/stm32cubeide_1.13.2/plugins/com.st.stm32cube.ide.mcu.externaltools.gnu-tools-for-stm32.11.3.rel1.linux64_1.1.1.202309131626/tools/bin/../lib/gcc/arm-none-eabi/11.3.1/thumb/v7e-m+fp/hard/libgcc.a(_dvmd_tls.o)
                0x00000000080004cc                __aeabi_ldiv0
                0x00000000080004cc                __aeabi_idiv0
 *(.text*)
 .text.initLookupTable
                0x00000000080004d0       0xba ./Core/Src/lookup_table.o
                0x00000000080004d0                initLookupTable
 *fill*         0x000000000800058a        0x2 
 .text.main     0x000000000800058c      0x25c ./Core/Src/main.o
                0x000000000800058c                main
 .text.SystemClock_Config
                0x00000000080007e8       0xd8 ./Core/Src/main.o
                0x00000000080007e8                SystemClock_Config
 .text.MX_SPI2_Init
                0x00000000080008c0       0x6c ./Core/Src/main.o
 .text.MX_TIM2_Init
                0x000000000800092c       0xe8 ./Core/Src/main.o
 .text.MX_TIM3_Init
                0x0000000008000a14       0x9c ./Core/Src/main.o
 .text.MX_USART2_UART_Init
                0x0000000008000ab0       0x54 ./Core/Src/main.o
 .text.MX_DMA_Init
                0x0000000008000b04       0x50 ./Core/Src/main.o
 .text.MX_GPIO_Init
                0x0000000008000b54       0xdc ./Core/Src/main.o
 .text.Error_Handler
                0x0000000008000c30        0xa ./Core/Src/main.o
                0x0000000008000c30                Error_Handler
 .text.initMaze
                0x0000000008000c3a       0x9a ./Core/Src/maze.o
                0x0000000008000c3a                initMaze
 .text.resetMaze
                0x0000000008000cd4      0x15e ./Core/Src/maze.o
                0x0000000008000cd4                resetMaze
 .text.initPath
                0x0000000008000e32       0x3e ./Core/Src/maze.o
                0x0000000008000e32                initPath
 .text.resetPath
                0x0000000008000e70       0x6c ./Core/Src/maze.o
                0x0000000008000e70                resetPath
 .text.pathPush
                0x0000000008000edc       0x46 ./Core/Src/maze.o
                0x0000000008000edc                pathPush
 *fill*         0x0000000008000f22        0x2 
 .text.carveMaze
                0x0000000008000f24      0x160 ./Core/Src/maze.o
                0x0000000008000f24                carveMaze
 .text.generateMaze
                0x0000000008001084       0x78 ./Core/Src/maze.o
                0x0000000008001084                generateMaze
 .text.solveMaze
                0x00000000080010fc      0x3dc ./Core/Src/maze.o
                0x00000000080010fc                solveMaze
 .text.initPRNG
                0x00000000080014d8       0x2a ./Core/Src/prng.o
                0x00000000080014d8                initPRNG
 .text.getRand  0x0000000008001502       0x3a ./Core/Src/prng.o
                0x0000000008001502                getRand
 .text.HAL_MspInit
                0x000000000800153c       0x50 ./Core/Src/stm32f4xx_hal_msp.o
                0x000000000800153c                HAL_MspInit
 .text.HAL_SPI_MspInit
                0x000000000800158c      0x148 ./Core/Src/stm32f4xx_hal_msp.o
                0x000000000800158c                HAL_SPI_MspInit
 .text.HAL_TIM_Base_MspInit
                0x00000000080016d4      0x130 ./Core/Src/stm32f4xx_hal_msp.o
                0x00000000080016d4                HAL_TIM_Base_MspInit
 .text.HAL_TIM_MspPostInit
                0x0000000008001804       0x70 ./Core/Src/stm32f4xx_hal_msp.o
                0x0000000008001804                HAL_TIM_MspPostInit
 .text.HAL_UART_MspInit
                0x0000000008001874       0x90 ./Core/Src/stm32f4xx_hal_msp.o
                0x0000000008001874                HAL_UART_MspInit
 .text.NMI_Handler
                0x0000000008001904        0x6 ./Core/Src/stm32f4xx_it.o
                0x0000000008001904                NMI_Handler
 .text.HardFault_Handler
                0x000000000800190a        0x6 ./Core/Src/stm32f4xx_it.o
                0x000000000800190a                HardFault_Handler
 .text.MemManage_Handler
                0x0000000008001910        0x6 ./Core/Src/stm32f4xx_it.o
                0x0000000008001910                MemManage_Handler
 .text.BusFault_Handler
                0x0000000008001916        0x6 ./Core/Src/stm32f4xx_it.o
                0x0000000008001916                BusFault_Handler
 .text.UsageFault_Handler
                0x000000000800191c        0x6 ./Core/Src/stm32f4xx_it.o
                0x000000000800191c                UsageFault_Handler
 .text.SVC_Handler
                0x0000000008001922        0xe ./Core/Src/stm32f4xx_it.o
                0x0000000008001922                SVC_Handler
 .text.DebugMon_Handler
                0x0000000008001930        0xe ./Core/Src/stm32f4xx_it.o
                0x0000000008001930                DebugMon_Handler
 .text.PendSV_Handler
                0x000000000800193e        0xe ./Core/Src/stm32f4xx_it.o
                0x000000000800193e                PendSV_Handler
 .text.SysTick_Handler
                0x000000000800194c        0xc ./Core/Src/stm32f4xx_it.o
                0x000000000800194c                SysTick_Handler
 .text.DMA1_Stream1_IRQHandler
                0x0000000008001958       0x14 ./Core/Src/stm32f4xx_it.o
                0x0000000008001958                DMA1_Stream1_IRQHandler
 .text.DMA1_Stream4_IRQHandler
                0x000000000800196c       0x14 ./Core/Src/stm32f4xx_it.o
                0x000000000800196c                DMA1_Stream4_IRQHandler
 .text.SPI2_IRQHandler
                0x0000000008001980       0x14 ./Core/Src/stm32f4xx_it.o
                0x0000000008001980                SPI2_IRQHandler
 .text._kill    0x0000000008001994       0x20 ./Core/Src/syscalls.o
                0x0000000008001994                _kill
 .text._exit    0x00000000080019b4       0x14 ./Core/Src/syscalls.o
                0x00000000080019b4                _exit
 .text._sbrk    0x00000000080019c8       0x6c ./Core/Src/sysmem.o
                0x00000000080019c8                _sbrk
 .text.SystemInit
                0x0000000008001a34       0x24 ./Core/Src/system_stm32f4xx.o
                0x0000000008001a34                SystemInit
 .text.ws2812_init
                0x0000000008001a58       0x44 ./Core/Src/ws2812_SPI.o
                0x0000000008001a58                ws2812_init
 .text.ws2812_pixel
                0x0000000008001a9c       0xe0 ./Core/Src/ws2812_SPI.o
                0x0000000008001a9c                ws2812_pixel
 .text.ws2812_pixel_all
                0x0000000008001b7c       0xd4 ./Core/Src/ws2812_SPI.o
                0x0000000008001b7c                ws2812_pixel_all
 .text.HAL_SPI_TxCpltCallback
                0x0000000008001c50       0x24 ./Core/Src/ws2812_SPI.o
                0x0000000008001c50                HAL_SPI_TxCpltCallback
 .text.coord2Index
                0x0000000008001c74       0x48 ./Core/Src/ws2812_SPI.o
                0x0000000008001c74                coord2Index
 .text.Reset_Handler
                0x0000000008001cbc       0x50 ./Core/Startup/startup_stm32f401retx.o
                0x0000000008001cbc                Reset_Handler
 .text.Default_Handler
                0x0000000008001d0c        0x2 ./Core/Startup/startup_stm32f401retx.o
                0x0000000008001d0c                RTC_Alarm_IRQHandler
                0x0000000008001d0c                EXTI2_IRQHandler
                0x0000000008001d0c                SPI4_IRQHandler
                0x0000000008001d0c                TIM1_CC_IRQHandler
                0x0000000008001d0c                DMA2_Stream5_IRQHandler
                0x0000000008001d0c                DMA1_Stream5_IRQHandler
                0x0000000008001d0c                PVD_IRQHandler
                0x0000000008001d0c                SDIO_IRQHandler
                0x0000000008001d0c                TAMP_STAMP_IRQHandler
                0x0000000008001d0c                EXTI3_IRQHandler
                0x0000000008001d0c                TIM1_UP_TIM10_IRQHandler
                0x0000000008001d0c                I2C3_ER_IRQHandler
                0x0000000008001d0c                EXTI0_IRQHandler
                0x0000000008001d0c                I2C2_EV_IRQHandler
                0x0000000008001d0c                DMA1_Stream2_IRQHandler
                0x0000000008001d0c                FPU_IRQHandler
                0x0000000008001d0c                DMA2_Stream2_IRQHandler
                0x0000000008001d0c                SPI1_IRQHandler
                0x0000000008001d0c                TIM1_BRK_TIM9_IRQHandler
                0x0000000008001d0c                DMA2_Stream3_IRQHandler
                0x0000000008001d0c                USART6_IRQHandler
                0x0000000008001d0c                DMA2_Stream0_IRQHandler
                0x0000000008001d0c                TIM4_IRQHandler
                0x0000000008001d0c                I2C1_EV_IRQHandler
                0x0000000008001d0c                DMA1_Stream6_IRQHandler
                0x0000000008001d0c                TIM3_IRQHandler
                0x0000000008001d0c                RCC_IRQHandler
                0x0000000008001d0c                Default_Handler
                0x0000000008001d0c                EXTI15_10_IRQHandler
                0x0000000008001d0c                ADC_IRQHandler
                0x0000000008001d0c                DMA1_Stream7_IRQHandler
                0x0000000008001d0c                TIM5_IRQHandler
                0x0000000008001d0c                DMA2_Stream7_IRQHandler
                0x0000000008001d0c                I2C3_EV_IRQHandler
                0x0000000008001d0c                EXTI9_5_IRQHandler
                0x0000000008001d0c                RTC_WKUP_IRQHandler
                0x0000000008001d0c                DMA1_Stream0_IRQHandler
                0x0000000008001d0c                EXTI4_IRQHandler
                0x0000000008001d0c                WWDG_IRQHandler
                0x0000000008001d0c                TIM2_IRQHandler
                0x0000000008001d0c                OTG_FS_WKUP_IRQHandler
                0x0000000008001d0c                TIM1_TRG_COM_TIM11_IRQHandler
                0x0000000008001d0c                EXTI1_IRQHandler
                0x0000000008001d0c                USART2_IRQHandler
                0x0000000008001d0c                I2C2_ER_IRQHandler
                0x0000000008001d0c                DMA2_Stream1_IRQHandler
                0x0000000008001d0c                FLASH_IRQHandler
                0x0000000008001d0c                DMA2_Stream4_IRQHandler
                0x0000000008001d0c                USART1_IRQHandler
                0x0000000008001d0c                OTG_FS_IRQHandler
                0x0000000008001d0c                SPI3_IRQHandler
                0x0000000008001d0c                I2C1_ER_IRQHandler
                0x0000000008001d0c                DMA2_Stream6_IRQHandler
                0x0000000008001d0c                DMA1_Stream3_IRQHandler
 *fill*         0x0000000008001d0e        0x2 
 .text.HAL_Init
                0x0000000008001d10       0x44 ./Drivers/STM32F4xx_HAL_Driver/Src/stm32f4xx_hal.o
                0x0000000008001d10                HAL_Init
 .text.HAL_InitTick
                0x0000000008001d54       0x60 ./Drivers/STM32F4xx_HAL_Driver/Src/stm32f4xx_hal.o
                0x0000000008001d54                HAL_InitTick
 .text.HAL_IncTick
                0x0000000008001db4       0x28 ./Drivers/STM32F4xx_HAL_Driver/Src/stm32f4xx_hal.o
                0x0000000008001db4                HAL_IncTick
 .text.HAL_GetTick
                0x0000000008001ddc       0x18 ./Drivers/STM32F4xx_HAL_Driver/Src/stm32f4xx_hal.o
                0x0000000008001ddc                HAL_GetTick
 .text.HAL_Delay
                0x0000000008001df4       0x48 ./Drivers/STM32F4xx_HAL_Driver/Src/stm32f4xx_hal.o
                0x0000000008001df4                HAL_Delay
 .text.__NVIC_SetPriorityGrouping
                0x0000000008001e3c       0x48 ./Drivers/STM32F4xx_HAL_Driver/Src/stm32f4xx_hal_cortex.o
 .text.__NVIC_GetPriorityGrouping
                0x0000000008001e84       0x1c ./Drivers/STM32F4xx_HAL_Driver/Src/stm32f4xx_hal_cortex.o
 .text.__NVIC_EnableIRQ
                0x0000000008001ea0       0x3c ./Drivers/STM32F4xx_HAL_Driver/Src/stm32f4xx_hal_cortex.o
 .text.__NVIC_SetPriority
                0x0000000008001edc       0x54 ./Drivers/STM32F4xx_HAL_Driver/Src/stm32f4xx_hal_cortex.o
 .text.NVIC_EncodePriority
                0x0000000008001f30       0x66 ./Drivers/STM32F4xx_HAL_Driver/Src/stm32f4xx_hal_cortex.o
 *fill*         0x0000000008001f96        0x2 
 .text.SysTick_Config
                0x0000000008001f98       0x44 ./Drivers/STM32F4xx_HAL_Driver/Src/stm32f4xx_hal_cortex.o
 .text.HAL_NVIC_SetPriorityGrouping
                0x0000000008001fdc       0x16 ./Drivers/STM32F4xx_HAL_Driver/Src/stm32f4xx_hal_cortex.o
                0x0000000008001fdc                HAL_NVIC_SetPriorityGrouping
 .text.HAL_NVIC_SetPriority
                0x0000000008001ff2       0x38 ./Drivers/STM32F4xx_HAL_Driver/Src/stm32f4xx_hal_cortex.o
                0x0000000008001ff2                HAL_NVIC_SetPriority
 .text.HAL_NVIC_EnableIRQ
                0x000000000800202a       0x1c ./Drivers/STM32F4xx_HAL_Driver/Src/stm32f4xx_hal_cortex.o
                0x000000000800202a                HAL_NVIC_EnableIRQ
 .text.HAL_SYSTICK_Config
                0x0000000008002046       0x18 ./Drivers/STM32F4xx_HAL_Driver/Src/stm32f4xx_hal_cortex.o
                0x0000000008002046                HAL_SYSTICK_Config
 *fill*         0x000000000800205e        0x2 
 .text.HAL_DMA_Init
                0x0000000008002060      0x15c ./Drivers/STM32F4xx_HAL_Driver/Src/stm32f4xx_hal_dma.o
                0x0000000008002060                HAL_DMA_Init
 .text.HAL_DMA_Start_IT
                0x00000000080021bc       0xb0 ./Drivers/STM32F4xx_HAL_Driver/Src/stm32f4xx_hal_dma.o
                0x00000000080021bc                HAL_DMA_Start_IT
 .text.HAL_DMA_Abort_IT
                0x000000000800226c       0x44 ./Drivers/STM32F4xx_HAL_Driver/Src/stm32f4xx_hal_dma.o
                0x000000000800226c                HAL_DMA_Abort_IT
 .text.HAL_DMA_IRQHandler
                0x00000000080022b0      0x314 ./Drivers/STM32F4xx_HAL_Driver/Src/stm32f4xx_hal_dma.o
                0x00000000080022b0                HAL_DMA_IRQHandler
 .text.DMA_SetConfig
                0x00000000080025c4       0x5c ./Drivers/STM32F4xx_HAL_Driver/Src/stm32f4xx_hal_dma.o
 .text.DMA_CalcBaseAndBitshift
                0x0000000008002620       0x6c ./Drivers/STM32F4xx_HAL_Driver/Src/stm32f4xx_hal_dma.o
 .text.DMA_CheckFifoParam
                0x000000000800268c       0xf8 ./Drivers/STM32F4xx_HAL_Driver/Src/stm32f4xx_hal_dma.o
 .text.HAL_GPIO_Init
                0x0000000008002784      0x308 ./Drivers/STM32F4xx_HAL_Driver/Src/stm32f4xx_hal_gpio.o
                0x0000000008002784                HAL_GPIO_Init
 .text.HAL_GPIO_WritePin
                0x0000000008002a8c       0x32 ./Drivers/STM32F4xx_HAL_Driver/Src/stm32f4xx_hal_gpio.o
                0x0000000008002a8c                HAL_GPIO_WritePin
 *fill*         0x0000000008002abe        0x2 
 .text.HAL_RCC_OscConfig
                0x0000000008002ac0      0x4f0 ./Drivers/STM32F4xx_HAL_Driver/Src/stm32f4xx_hal_rcc.o
                0x0000000008002ac0                HAL_RCC_OscConfig
 .text.HAL_RCC_ClockConfig
                0x0000000008002fb0      0x1cc ./Drivers/STM32F4xx_HAL_Driver/Src/stm32f4xx_hal_rcc.o
                0x0000000008002fb0                HAL_RCC_ClockConfig
 .text.HAL_RCC_GetSysClockFreq
                0x000000000800317c      0x20c ./Drivers/STM32F4xx_HAL_Driver/Src/stm32f4xx_hal_rcc.o
                0x000000000800317c                HAL_RCC_GetSysClockFreq
 .text.HAL_RCC_GetHCLKFreq
                0x0000000008003388       0x18 ./Drivers/STM32F4xx_HAL_Driver/Src/stm32f4xx_hal_rcc.o
                0x0000000008003388                HAL_RCC_GetHCLKFreq
 .text.HAL_RCC_GetPCLK1Freq
                0x00000000080033a0       0x28 ./Drivers/STM32F4xx_HAL_Driver/Src/stm32f4xx_hal_rcc.o
                0x00000000080033a0                HAL_RCC_GetPCLK1Freq
 .text.HAL_RCC_GetPCLK2Freq
                0x00000000080033c8       0x28 ./Drivers/STM32F4xx_HAL_Driver/Src/stm32f4xx_hal_rcc.o
                0x00000000080033c8                HAL_RCC_GetPCLK2Freq
 .text.HAL_SPI_Init
                0x00000000080033f0      0x112 ./Drivers/STM32F4xx_HAL_Driver/Src/stm32f4xx_hal_spi.o
                0x00000000080033f0                HAL_SPI_Init
 *fill*         0x0000000008003502        0x2 
 .text.HAL_SPI_Transmit_DMA
                0x0000000008003504      0x16c ./Drivers/STM32F4xx_HAL_Driver/Src/stm32f4xx_hal_spi.o
                0x0000000008003504                HAL_SPI_Transmit_DMA
 .text.HAL_SPI_IRQHandler
                0x0000000008003670      0x1e8 ./Drivers/STM32F4xx_HAL_Driver/Src/stm32f4xx_hal_spi.o
                0x0000000008003670                HAL_SPI_IRQHandler
 .text.HAL_SPI_TxHalfCpltCallback
                0x0000000008003858       0x14 ./Drivers/STM32F4xx_HAL_Driver/Src/stm32f4xx_hal_spi.o
                0x0000000008003858                HAL_SPI_TxHalfCpltCallback
 .text.HAL_SPI_ErrorCallback
                0x000000000800386c       0x14 ./Drivers/STM32F4xx_HAL_Driver/Src/stm32f4xx_hal_spi.o
                0x000000000800386c                HAL_SPI_ErrorCallback
 .text.SPI_DMATransmitCplt
                0x0000000008003880       0xa8 ./Drivers/STM32F4xx_HAL_Driver/Src/stm32f4xx_hal_spi.o
 .text.SPI_DMAHalfTransmitCplt
                0x0000000008003928       0x1c ./Drivers/STM32F4xx_HAL_Driver/Src/stm32f4xx_hal_spi.o
 .text.SPI_DMAError
                0x0000000008003944       0x40 ./Drivers/STM32F4xx_HAL_Driver/Src/stm32f4xx_hal_spi.o
 .text.SPI_DMAAbortOnError
                0x0000000008003984       0x28 ./Drivers/STM32F4xx_HAL_Driver/Src/stm32f4xx_hal_spi.o
 .text.SPI_WaitFlagStateUntilTimeout
                0x00000000080039ac      0x110 ./Drivers/STM32F4xx_HAL_Driver/Src/stm32f4xx_hal_spi.o
 .text.SPI_EndRxTxTransaction
                0x0000000008003abc       0x84 ./Drivers/STM32F4xx_HAL_Driver/Src/stm32f4xx_hal_spi.o
 .text.HAL_TIM_Base_Init
                0x0000000008003b40       0x9e ./Drivers/STM32F4xx_HAL_Driver/Src/stm32f4xx_hal_tim.o
                0x0000000008003b40                HAL_TIM_Base_Init
 .text.HAL_TIM_PWM_Init
                0x0000000008003bde       0x9e ./Drivers/STM32F4xx_HAL_Driver/Src/stm32f4xx_hal_tim.o
                0x0000000008003bde                HAL_TIM_PWM_Init
 .text.HAL_TIM_PWM_MspInit
                0x0000000008003c7c       0x14 ./Drivers/STM32F4xx_HAL_Driver/Src/stm32f4xx_hal_tim.o
                0x0000000008003c7c                HAL_TIM_PWM_MspInit
 .text.HAL_TIM_PWM_ConfigChannel
                0x0000000008003c90      0x184 ./Drivers/STM32F4xx_HAL_Driver/Src/stm32f4xx_hal_tim.o
                0x0000000008003c90                HAL_TIM_PWM_ConfigChannel
 .text.HAL_TIM_ConfigClockSource
                0x0000000008003e14      0x18e ./Drivers/STM32F4xx_HAL_Driver/Src/stm32f4xx_hal_tim.o
                0x0000000008003e14                HAL_TIM_ConfigClockSource
 *fill*         0x0000000008003fa2        0x2 
 .text.TIM_Base_SetConfig
                0x0000000008003fa4      0x100 ./Drivers/STM32F4xx_HAL_Driver/Src/stm32f4xx_hal_tim.o
                0x0000000008003fa4                TIM_Base_SetConfig
 .text.TIM_OC1_SetConfig
                0x00000000080040a4       0xcc ./Drivers/STM32F4xx_HAL_Driver/Src/stm32f4xx_hal_tim.o
 .text.TIM_OC2_SetConfig
                0x0000000008004170       0xd8 ./Drivers/STM32F4xx_HAL_Driver/Src/stm32f4xx_hal_tim.o
                0x0000000008004170                TIM_OC2_SetConfig
 .text.TIM_OC3_SetConfig
                0x0000000008004248       0xd4 ./Drivers/STM32F4xx_HAL_Driver/Src/stm32f4xx_hal_tim.o
 .text.TIM_OC4_SetConfig
                0x000000000800431c       0xa0 ./Drivers/STM32F4xx_HAL_Driver/Src/stm32f4xx_hal_tim.o
 .text.TIM_TI1_ConfigInputStage
                0x00000000080043bc       0x5e ./Drivers/STM32F4xx_HAL_Driver/Src/stm32f4xx_hal_tim.o
 .text.TIM_TI2_ConfigInputStage
                0x000000000800441a       0x60 ./Drivers/STM32F4xx_HAL_Driver/Src/stm32f4xx_hal_tim.o
 .text.TIM_ITRx_SetConfig
                0x000000000800447a       0x36 ./Drivers/STM32F4xx_HAL_Driver/Src/stm32f4xx_hal_tim.o
 .text.TIM_ETR_SetConfig
                0x00000000080044b0       0x40 ./Drivers/STM32F4xx_HAL_Driver/Src/stm32f4xx_hal_tim.o
                0x00000000080044b0                TIM_ETR_SetConfig
 .text.HAL_TIMEx_MasterConfigSynchronization
                0x00000000080044f0       0xdc ./Drivers/STM32F4xx_HAL_Driver/Src/stm32f4xx_hal_tim_ex.o
                0x00000000080044f0                HAL_TIMEx_MasterConfigSynchronization
 .text.HAL_UART_Init
                0x00000000080045cc       0x9a ./Drivers/STM32F4xx_HAL_Driver/Src/stm32f4xx_hal_uart.o
                0x00000000080045cc                HAL_UART_Init
 *fill*         0x0000000008004666        0x2 
 .text.UART_SetConfig
                0x0000000008004668      0x4e8 ./Drivers/STM32F4xx_HAL_Driver/Src/stm32f4xx_hal_uart.o
 .text.calloc   0x0000000008004b50       0x10 /opt/st/stm32cubeide_1.13.2/plugins/com.st.stm32cube.ide.mcu.externaltools.gnu-tools-for-stm32.11.3.rel1.linux64_1.1.1.202309131626/tools/bin/../lib/gcc/arm-none-eabi/11.3.1/../../../../arm-none-eabi/lib/thumb/v7e-m+fp/hard/libc_nano.a(libc_a-calloc.o)
                0x0000000008004b50                calloc
 .text._calloc_r
                0x0000000008004b60       0x2c /opt/st/stm32cubeide_1.13.2/plugins/com.st.stm32cube.ide.mcu.externaltools.gnu-tools-for-stm32.11.3.rel1.linux64_1.1.1.202309131626/tools/bin/../lib/gcc/arm-none-eabi/11.3.1/../../../../arm-none-eabi/lib/thumb/v7e-m+fp/hard/libc_nano.a(libc_a-callocr.o)
                0x0000000008004b60                _calloc_r
 .text.exit     0x0000000008004b8c       0x24 /opt/st/stm32cubeide_1.13.2/plugins/com.st.stm32cube.ide.mcu.externaltools.gnu-tools-for-stm32.11.3.rel1.linux64_1.1.1.202309131626/tools/bin/../lib/gcc/arm-none-eabi/11.3.1/../../../../arm-none-eabi/lib/thumb/v7e-m+fp/hard/libc_nano.a(libc_a-exit.o)
                0x0000000008004b8c                exit
 .text.malloc   0x0000000008004bb0       0x10 /opt/st/stm32cubeide_1.13.2/plugins/com.st.stm32cube.ide.mcu.externaltools.gnu-tools-for-stm32.11.3.rel1.linux64_1.1.1.202309131626/tools/bin/../lib/gcc/arm-none-eabi/11.3.1/../../../../arm-none-eabi/lib/thumb/v7e-m+fp/hard/libc_nano.a(libc_a-malloc.o)
                0x0000000008004bb0                malloc
 .text.free     0x0000000008004bc0       0x10 /opt/st/stm32cubeide_1.13.2/plugins/com.st.stm32cube.ide.mcu.externaltools.gnu-tools-for-stm32.11.3.rel1.linux64_1.1.1.202309131626/tools/bin/../lib/gcc/arm-none-eabi/11.3.1/../../../../arm-none-eabi/lib/thumb/v7e-m+fp/hard/libc_nano.a(libc_a-malloc.o)
                0x0000000008004bc0                free
 .text.sbrk_aligned
                0x0000000008004bd0       0x40 /opt/st/stm32cubeide_1.13.2/plugins/com.st.stm32cube.ide.mcu.externaltools.gnu-tools-for-stm32.11.3.rel1.linux64_1.1.1.202309131626/tools/bin/../lib/gcc/arm-none-eabi/11.3.1/../../../../arm-none-eabi/lib/thumb/v7e-m+fp/hard/libc_nano.a(libc_a-mallocr.o)
 .text._malloc_r
                0x0000000008004c10      0x100 /opt/st/stm32cubeide_1.13.2/plugins/com.st.stm32cube.ide.mcu.externaltools.gnu-tools-for-stm32.11.3.rel1.linux64_1.1.1.202309131626/tools/bin/../lib/gcc/arm-none-eabi/11.3.1/../../../../arm-none-eabi/lib/thumb/v7e-m+fp/hard/libc_nano.a(libc_a-mallocr.o)
                0x0000000008004c10                _malloc_r
 .text.__malloc_lock
                0x0000000008004d10        0xc /opt/st/stm32cubeide_1.13.2/plugins/com.st.stm32cube.ide.mcu.externaltools.gnu-tools-for-stm32.11.3.rel1.linux64_1.1.1.202309131626/tools/bin/../lib/gcc/arm-none-eabi/11.3.1/../../../../arm-none-eabi/lib/thumb/v7e-m+fp/hard/libc_nano.a(libc_a-mlock.o)
                0x0000000008004d10                __malloc_lock
 .text.__malloc_unlock
                0x0000000008004d1c        0xc /opt/st/stm32cubeide_1.13.2/plugins/com.st.stm32cube.ide.mcu.externaltools.gnu-tools-for-stm32.11.3.rel1.linux64_1.1.1.202309131626/tools/bin/../lib/gcc/arm-none-eabi/11.3.1/../../../../arm-none-eabi/lib/thumb/v7e-m+fp/hard/libc_nano.a(libc_a-mlock.o)
                0x0000000008004d1c                __malloc_unlock
 .text.memset   0x0000000008004d28       0x10 /opt/st/stm32cubeide_1.13.2/plugins/com.st.stm32cube.ide.mcu.externaltools.gnu-tools-for-stm32.11.3.rel1.linux64_1.1.1.202309131626/tools/bin/../lib/gcc/arm-none-eabi/11.3.1/../../../../arm-none-eabi/lib/thumb/v7e-m+fp/hard/libc_nano.a(libc_a-memset.o)
                0x0000000008004d28                memset
 .text._sbrk_r  0x0000000008004d38       0x20 /opt/st/stm32cubeide_1.13.2/plugins/com.st.stm32cube.ide.mcu.externaltools.gnu-tools-for-stm32.11.3.rel1.linux64_1.1.1.202309131626/tools/bin/../lib/gcc/arm-none-eabi/11.3.1/../../../../arm-none-eabi/lib/thumb/v7e-m+fp/hard/libc_nano.a(libc_a-sbrkr.o)
                0x0000000008004d38                _sbrk_r
 .text.__errno  0x0000000008004d58        0xc /opt/st/stm32cubeide_1.13.2/plugins/com.st.stm32cube.ide.mcu.externaltools.gnu-tools-for-stm32.11.3.rel1.linux64_1.1.1.202309131626/tools/bin/../lib/gcc/arm-none-eabi/11.3.1/../../../../arm-none-eabi/lib/thumb/v7e-m+fp/hard/libc_nano.a(libc_a-errno.o)
                0x0000000008004d58                __errno
 .text.__libc_init_array
                0x0000000008004d64       0x48 /opt/st/stm32cubeide_1.13.2/plugins/com.st.stm32cube.ide.mcu.externaltools.gnu-tools-for-stm32.11.3.rel1.linux64_1.1.1.202309131626/tools/bin/../lib/gcc/arm-none-eabi/11.3.1/../../../../arm-none-eabi/lib/thumb/v7e-m+fp/hard/libc_nano.a(libc_a-init.o)
                0x0000000008004d64                __libc_init_array
 .text.__retarget_lock_acquire_recursive
                0x0000000008004dac        0x2 /opt/st/stm32cubeide_1.13.2/plugins/com.st.stm32cube.ide.mcu.externaltools.gnu-tools-for-stm32.11.3.rel1.linux64_1.1.1.202309131626/tools/bin/../lib/gcc/arm-none-eabi/11.3.1/../../../../arm-none-eabi/lib/thumb/v7e-m+fp/hard/libc_nano.a(libc_a-lock.o)
                0x0000000008004dac                __retarget_lock_acquire_recursive
 .text.__retarget_lock_release_recursive
                0x0000000008004dae        0x2 /opt/st/stm32cubeide_1.13.2/plugins/com.st.stm32cube.ide.mcu.externaltools.gnu-tools-for-stm32.11.3.rel1.linux64_1.1.1.202309131626/tools/bin/../lib/gcc/arm-none-eabi/11.3.1/../../../../arm-none-eabi/lib/thumb/v7e-m+fp/hard/libc_nano.a(libc_a-lock.o)
                0x0000000008004dae                __retarget_lock_release_recursive
 .text._free_r  0x0000000008004db0       0x98 /opt/st/stm32cubeide_1.13.2/plugins/com.st.stm32cube.ide.mcu.externaltools.gnu-tools-for-stm32.11.3.rel1.linux64_1.1.1.202309131626/tools/bin/../lib/gcc/arm-none-eabi/11.3.1/../../../../arm-none-eabi/lib/thumb/v7e-m+fp/hard/libc_nano.a(libc_a-freer.o)
                0x0000000008004db0                _free_r
 *(.glue_7)
 .glue_7        0x0000000008004e48        0x0 linker stubs
 *(.glue_7t)
 .glue_7t       0x0000000008004e48        0x0 linker stubs
 *(.eh_frame)
 .eh_frame      0x0000000008004e48        0x0 /opt/st/stm32cubeide_1.13.2/plugins/com.st.stm32cube.ide.mcu.externaltools.gnu-tools-for-stm32.11.3.rel1.linux64_1.1.1.202309131626/tools/bin/../lib/gcc/arm-none-eabi/11.3.1/thumb/v7e-m+fp/hard/crtbegin.o
 *(.init)
 .init          0x0000000008004e48        0x4 /opt/st/stm32cubeide_1.13.2/plugins/com.st.stm32cube.ide.mcu.externaltools.gnu-tools-for-stm32.11.3.rel1.linux64_1.1.1.202309131626/tools/bin/../lib/gcc/arm-none-eabi/11.3.1/thumb/v7e-m+fp/hard/crti.o
                0x0000000008004e48                _init
 .init          0x0000000008004e4c        0x8 /opt/st/stm32cubeide_1.13.2/plugins/com.st.stm32cube.ide.mcu.externaltools.gnu-tools-for-stm32.11.3.rel1.linux64_1.1.1.202309131626/tools/bin/../lib/gcc/arm-none-eabi/11.3.1/thumb/v7e-m+fp/hard/crtn.o
 *(.fini)
 .fini          0x0000000008004e54        0x4 /opt/st/stm32cubeide_1.13.2/plugins/com.st.stm32cube.ide.mcu.externaltools.gnu-tools-for-stm32.11.3.rel1.linux64_1.1.1.202309131626/tools/bin/../lib/gcc/arm-none-eabi/11.3.1/thumb/v7e-m+fp/hard/crti.o
                0x0000000008004e54                _fini
 .fini          0x0000000008004e58        0x8 /opt/st/stm32cubeide_1.13.2/plugins/com.st.stm32cube.ide.mcu.externaltools.gnu-tools-for-stm32.11.3.rel1.linux64_1.1.1.202309131626/tools/bin/../lib/gcc/arm-none-eabi/11.3.1/thumb/v7e-m+fp/hard/crtn.o
                0x0000000008004e60                . = ALIGN (0x4)
                0x0000000008004e60                _etext = .

.vfp11_veneer   0x0000000008004e60        0x0
 .vfp11_veneer  0x0000000008004e60        0x0 linker stubs

.v4_bx          0x0000000008004e60        0x0
 .v4_bx         0x0000000008004e60        0x0 linker stubs

.iplt           0x0000000008004e60        0x0
 .iplt          0x0000000008004e60        0x0 /opt/st/stm32cubeide_1.13.2/plugins/com.st.stm32cube.ide.mcu.externaltools.gnu-tools-for-stm32.11.3.rel1.linux64_1.1.1.202309131626/tools/bin/../lib/gcc/arm-none-eabi/11.3.1/thumb/v7e-m+fp/hard/crtbegin.o

.rodata         0x0000000008004e60      0x7d8
                0x0000000008004e60                . = ALIGN (0x4)
 *(.rodata)
 .rodata        0x0000000008004e60       0x37 ./Core/Src/main.o
 *(.rodata*)
 *fill*         0x0000000008004e97        0x1 
 .rodata.AHBPrescTable
                0x0000000008004e98       0x10 ./Core/Src/system_stm32f4xx.o
                0x0000000008004e98                AHBPrescTable
 .rodata.APBPrescTable
                0x0000000008004ea8        0x8 ./Core/Src/system_stm32f4xx.o
                0x0000000008004ea8                APBPrescTable
 .rodata.lookup_table.0
                0x0000000008004eb0      0x780 ./Core/Src/ws2812_SPI.o
 .rodata.flagBitshiftOffset.0
                0x0000000008005630        0x8 ./Drivers/STM32F4xx_HAL_Driver/Src/stm32f4xx_hal_dma.o
                0x0000000008005638                . = ALIGN (0x4)

.ARM.extab      0x0000000008005638        0x0
                0x0000000008005638                . = ALIGN (0x4)
 *(.ARM.extab* .gnu.linkonce.armextab.*)
                0x0000000008005638                . = ALIGN (0x4)

.ARM            0x0000000008005638        0x8
                0x0000000008005638                . = ALIGN (0x4)
                0x0000000008005638                __exidx_start = .
 *(.ARM.exidx*)
 .ARM.exidx     0x0000000008005638        0x8 /opt/st/stm32cubeide_1.13.2/plugins/com.st.stm32cube.ide.mcu.externaltools.gnu-tools-for-stm32.11.3.rel1.linux64_1.1.1.202309131626/tools/bin/../lib/gcc/arm-none-eabi/11.3.1/thumb/v7e-m+fp/hard/libgcc.a(_udivmoddi4.o)
                0x0000000008005640                __exidx_end = .
                0x0000000008005640                . = ALIGN (0x4)

.rel.dyn        0x0000000008005640        0x0
 .rel.iplt      0x0000000008005640        0x0 /opt/st/stm32cubeide_1.13.2/plugins/com.st.stm32cube.ide.mcu.externaltools.gnu-tools-for-stm32.11.3.rel1.linux64_1.1.1.202309131626/tools/bin/../lib/gcc/arm-none-eabi/11.3.1/thumb/v7e-m+fp/hard/crtbegin.o

.preinit_array  0x0000000008005640        0x0
                0x0000000008005640                . = ALIGN (0x4)
                0x0000000008005640                PROVIDE (__preinit_array_start = .)
 *(.preinit_array*)
                0x0000000008005640                PROVIDE (__preinit_array_end = .)
                0x0000000008005640                . = ALIGN (0x4)

.init_array     0x0000000008005640        0x4
                0x0000000008005640                . = ALIGN (0x4)
                0x0000000008005640                PROVIDE (__init_array_start = .)
 *(SORT_BY_NAME(.init_array.*))
 *(.init_array*)
 .init_array    0x0000000008005640        0x4 /opt/st/stm32cubeide_1.13.2/plugins/com.st.stm32cube.ide.mcu.externaltools.gnu-tools-for-stm32.11.3.rel1.linux64_1.1.1.202309131626/tools/bin/../lib/gcc/arm-none-eabi/11.3.1/thumb/v7e-m+fp/hard/crtbegin.o
                0x0000000008005644                PROVIDE (__init_array_end = .)
                0x0000000008005644                . = ALIGN (0x4)

.fini_array     0x0000000008005644        0x4
                0x0000000008005644                . = ALIGN (0x4)
                [!provide]                        PROVIDE (__fini_array_start = .)
 *(SORT_BY_NAME(.fini_array.*))
 *(.fini_array*)
 .fini_array    0x0000000008005644        0x4 /opt/st/stm32cubeide_1.13.2/plugins/com.st.stm32cube.ide.mcu.externaltools.gnu-tools-for-stm32.11.3.rel1.linux64_1.1.1.202309131626/tools/bin/../lib/gcc/arm-none-eabi/11.3.1/thumb/v7e-m+fp/hard/crtbegin.o
                [!provide]                        PROVIDE (__fini_array_end = .)
                0x0000000008005648                . = ALIGN (0x4)
                0x0000000008005648                _sidata = LOADADDR (.data)

.data           0x0000000020000000      0xff8 load address 0x0000000008005648
                0x0000000020000000                . = ALIGN (0x4)
                0x0000000020000000                _sdata = .
 *(.data)
 *(.data*)
 .data.numbers  0x0000000020000000      0xf9c ./Core/Src/numbers.o
                0x0000000020000000                numbers
 .data.SystemCoreClock
                0x0000000020000f9c        0x4 ./Core/Src/system_stm32f4xx.o
                0x0000000020000f9c                SystemCoreClock
 .data.uwTickPrio
                0x0000000020000fa0        0x4 ./Drivers/STM32F4xx_HAL_Driver/Src/stm32f4xx_hal.o
                0x0000000020000fa0                uwTickPrio
 .data.uwTickFreq
                0x0000000020000fa4        0x1 ./Drivers/STM32F4xx_HAL_Driver/Src/stm32f4xx_hal.o
                0x0000000020000fa4                uwTickFreq
 *fill*         0x0000000020000fa5        0x3 
 .data._impure_data
                0x0000000020000fa8       0x4c /opt/st/stm32cubeide_1.13.2/plugins/com.st.stm32cube.ide.mcu.externaltools.gnu-tools-for-stm32.11.3.rel1.linux64_1.1.1.202309131626/tools/bin/../lib/gcc/arm-none-eabi/11.3.1/../../../../arm-none-eabi/lib/thumb/v7e-m+fp/hard/libc_nano.a(libc_a-impure.o)
                0x0000000020000fa8                _impure_data
 .data._impure_ptr
                0x0000000020000ff4        0x4 /opt/st/stm32cubeide_1.13.2/plugins/com.st.stm32cube.ide.mcu.externaltools.gnu-tools-for-stm32.11.3.rel1.linux64_1.1.1.202309131626/tools/bin/../lib/gcc/arm-none-eabi/11.3.1/../../../../arm-none-eabi/lib/thumb/v7e-m+fp/hard/libc_nano.a(libc_a-impure.o)
                0x0000000020000ff4                _impure_ptr
 *(.RamFunc)
 *(.RamFunc*)
                0x0000000020000ff8                . = ALIGN (0x4)
                0x0000000020000ff8                _edata = .

.igot.plt       0x0000000020000ff8        0x0 load address 0x0000000008006640
 .igot.plt      0x0000000020000ff8        0x0 /opt/st/stm32cubeide_1.13.2/plugins/com.st.stm32cube.ide.mcu.externaltools.gnu-tools-for-stm32.11.3.rel1.linux64_1.1.1.202309131626/tools/bin/../lib/gcc/arm-none-eabi/11.3.1/thumb/v7e-m+fp/hard/crtbegin.o
                0x0000000020000ff8                . = ALIGN (0x4)

.bss            0x0000000020000ff8     0x5ddc load address 0x0000000008006640
                0x0000000020000ff8                _sbss = .
                0x0000000020000ff8                __bss_start__ = _sbss
 *(.bss)
 .bss           0x0000000020000ff8       0x1c /opt/st/stm32cubeide_1.13.2/plugins/com.st.stm32cube.ide.mcu.externaltools.gnu-tools-for-stm32.11.3.rel1.linux64_1.1.1.202309131626/tools/bin/../lib/gcc/arm-none-eabi/11.3.1/thumb/v7e-m+fp/hard/crtbegin.o
 *(.bss*)
 .bss.lookupTable
                0x0000000020001014        0x8 ./Core/Src/lookup_table.o
                0x0000000020001014                lookupTable
 .bss.hspi2     0x000000002000101c       0x58 ./Core/Src/main.o
                0x000000002000101c                hspi2
 .bss.hdma_spi2_tx
                0x0000000020001074       0x60 ./Core/Src/main.o
                0x0000000020001074                hdma_spi2_tx
 .bss.htim2     0x00000000200010d4       0x48 ./Core/Src/main.o
                0x00000000200010d4                htim2
 .bss.htim3     0x000000002000111c       0x48 ./Core/Src/main.o
                0x000000002000111c                htim3
 .bss.hdma_tim2_ch3_up
                0x0000000020001164       0x60 ./Core/Src/main.o
                0x0000000020001164                hdma_tim2_ch3_up
 .bss.huart2    0x00000000200011c4       0x44 ./Core/Src/main.o
                0x00000000200011c4                huart2
 .bss.maze      0x0000000020001208       0x28 ./Core/Src/maze.o
                0x0000000020001208                maze
 .bss.path      0x0000000020001230        0x8 ./Core/Src/maze.o
                0x0000000020001230                path
 .bss.rng       0x0000000020001238        0xc ./Core/Src/prng.o
                0x0000000020001238                rng
 .bss.__sbrk_heap_end
                0x0000000020001244        0x4 ./Core/Src/sysmem.o
 .bss.ws2812_buffer
                0x0000000020001248     0x5a3c ./Core/Src/ws2812_SPI.o
                0x0000000020001248                ws2812_buffer
 .bss.uwTick    0x0000000020006c84        0x4 ./Drivers/STM32F4xx_HAL_Driver/Src/stm32f4xx_hal.o
                0x0000000020006c84                uwTick
 .bss.__malloc_free_list
                0x0000000020006c88        0x4 /opt/st/stm32cubeide_1.13.2/plugins/com.st.stm32cube.ide.mcu.externaltools.gnu-tools-for-stm32.11.3.rel1.linux64_1.1.1.202309131626/tools/bin/../lib/gcc/arm-none-eabi/11.3.1/../../../../arm-none-eabi/lib/thumb/v7e-m+fp/hard/libc_nano.a(libc_a-mallocr.o)
                0x0000000020006c88                __malloc_free_list
 .bss.__malloc_sbrk_start
                0x0000000020006c8c        0x4 /opt/st/stm32cubeide_1.13.2/plugins/com.st.stm32cube.ide.mcu.externaltools.gnu-tools-for-stm32.11.3.rel1.linux64_1.1.1.202309131626/tools/bin/../lib/gcc/arm-none-eabi/11.3.1/../../../../arm-none-eabi/lib/thumb/v7e-m+fp/hard/libc_nano.a(libc_a-mallocr.o)
                0x0000000020006c8c                __malloc_sbrk_start
 .bss.__sf      0x0000000020006c90      0x138 /opt/st/stm32cubeide_1.13.2/plugins/com.st.stm32cube.ide.mcu.externaltools.gnu-tools-for-stm32.11.3.rel1.linux64_1.1.1.202309131626/tools/bin/../lib/gcc/arm-none-eabi/11.3.1/../../../../arm-none-eabi/lib/thumb/v7e-m+fp/hard/libc_nano.a(libc_a-findfp.o)
                0x0000000020006c90                __sf
 .bss.__stdio_exit_handler
                0x0000000020006dc8        0x4 /opt/st/stm32cubeide_1.13.2/plugins/com.st.stm32cube.ide.mcu.externaltools.gnu-tools-for-stm32.11.3.rel1.linux64_1.1.1.202309131626/tools/bin/../lib/gcc/arm-none-eabi/11.3.1/../../../../arm-none-eabi/lib/thumb/v7e-m+fp/hard/libc_nano.a(libc_a-findfp.o)
                0x0000000020006dc8                __stdio_exit_handler
 .bss.errno     0x0000000020006dcc        0x4 /opt/st/stm32cubeide_1.13.2/plugins/com.st.stm32cube.ide.mcu.externaltools.gnu-tools-for-stm32.11.3.rel1.linux64_1.1.1.202309131626/tools/bin/../lib/gcc/arm-none-eabi/11.3.1/../../../../arm-none-eabi/lib/thumb/v7e-m+fp/hard/libc_nano.a(libc_a-reent.o)
                0x0000000020006dcc                errno
 .bss.__lock___malloc_recursive_mutex
                0x0000000020006dd0        0x1 /opt/st/stm32cubeide_1.13.2/plugins/com.st.stm32cube.ide.mcu.externaltools.gnu-tools-for-stm32.11.3.rel1.linux64_1.1.1.202309131626/tools/bin/../lib/gcc/arm-none-eabi/11.3.1/../../../../arm-none-eabi/lib/thumb/v7e-m+fp/hard/libc_nano.a(libc_a-lock.o)
                0x0000000020006dd0                __lock___malloc_recursive_mutex
 *(COMMON)
                0x0000000020006dd4                . = ALIGN (0x4)
 *fill*         0x0000000020006dd1        0x3 
                0x0000000020006dd4                _ebss = .
                0x0000000020006dd4                __bss_end__ = _ebss

._user_heap_stack
                0x0000000020006dd4      0x604 load address 0x0000000008006640
                0x0000000020006dd8                . = ALIGN (0x8)
 *fill*         0x0000000020006dd4        0x4 
                [!provide]                        PROVIDE (end = .)
                0x0000000020006dd8                PROVIDE (_end = .)
                0x0000000020006fd8                . = (. + _Min_Heap_Size)
 *fill*         0x0000000020006dd8      0x200 
                0x00000000200073d8                . = (. + _Min_Stack_Size)
 *fill*         0x0000000020006fd8      0x400 
                0x00000000200073d8                . = ALIGN (0x8)

/DISCARD/
 libc.a(*)
 libm.a(*)
 libgcc.a(*)

.ARM.attributes
                0x0000000000000000       0x30
 *(.ARM.attributes)
 .ARM.attributes
                0x0000000000000000       0x1e /opt/st/stm32cubeide_1.13.2/plugins/com.st.stm32cube.ide.mcu.externaltools.gnu-tools-for-stm32.11.3.rel1.linux64_1.1.1.202309131626/tools/bin/../lib/gcc/arm-none-eabi/11.3.1/thumb/v7e-m+fp/hard/crti.o
 .ARM.attributes
                0x000000000000001e       0x34 /opt/st/stm32cubeide_1.13.2/plugins/com.st.stm32cube.ide.mcu.externaltools.gnu-tools-for-stm32.11.3.rel1.linux64_1.1.1.202309131626/tools/bin/../lib/gcc/arm-none-eabi/11.3.1/thumb/v7e-m+fp/hard/crtbegin.o
 .ARM.attributes
                0x0000000000000052       0x34 ./Core/Src/lookup_table.o
 .ARM.attributes
                0x0000000000000086       0x34 ./Core/Src/main.o
 .ARM.attributes
                0x00000000000000ba       0x34 ./Core/Src/maze.o
 .ARM.attributes
                0x00000000000000ee       0x34 ./Core/Src/numbers.o
 .ARM.attributes
                0x0000000000000122       0x34 ./Core/Src/prng.o
 .ARM.attributes
                0x0000000000000156       0x34 ./Core/Src/stm32f4xx_hal_msp.o
 .ARM.attributes
                0x000000000000018a       0x34 ./Core/Src/stm32f4xx_it.o
 .ARM.attributes
                0x00000000000001be       0x34 ./Core/Src/syscalls.o
 .ARM.attributes
                0x00000000000001f2       0x34 ./Core/Src/sysmem.o
 .ARM.attributes
                0x0000000000000226       0x34 ./Core/Src/system_stm32f4xx.o
 .ARM.attributes
                0x000000000000025a       0x34 ./Core/Src/ws2812_SPI.o
 .ARM.attributes
                0x000000000000028e       0x21 ./Core/Startup/startup_stm32f401retx.o
 .ARM.attributes
                0x00000000000002af       0x34 ./Drivers/STM32F4xx_HAL_Driver/Src/stm32f4xx_hal.o
 .ARM.attributes
                0x00000000000002e3       0x34 ./Drivers/STM32F4xx_HAL_Driver/Src/stm32f4xx_hal_cortex.o
 .ARM.attributes
                0x0000000000000317       0x34 ./Drivers/STM32F4xx_HAL_Driver/Src/stm32f4xx_hal_dma.o
 .ARM.attributes
                0x000000000000034b       0x34 ./Drivers/STM32F4xx_HAL_Driver/Src/stm32f4xx_hal_gpio.o
 .ARM.attributes
                0x000000000000037f       0x34 ./Drivers/STM32F4xx_HAL_Driver/Src/stm32f4xx_hal_rcc.o
 .ARM.attributes
                0x00000000000003b3       0x34 ./Drivers/STM32F4xx_HAL_Driver/Src/stm32f4xx_hal_spi.o
 .ARM.attributes
                0x00000000000003e7       0x34 ./Drivers/STM32F4xx_HAL_Driver/Src/stm32f4xx_hal_tim.o
 .ARM.attributes
                0x000000000000041b       0x34 ./Drivers/STM32F4xx_HAL_Driver/Src/stm32f4xx_hal_tim_ex.o
 .ARM.attributes
                0x000000000000044f       0x34 ./Drivers/STM32F4xx_HAL_Driver/Src/stm32f4xx_hal_uart.o
 .ARM.attributes
                0x0000000000000483       0x34 /opt/st/stm32cubeide_1.13.2/plugins/com.st.stm32cube.ide.mcu.externaltools.gnu-tools-for-stm32.11.3.rel1.linux64_1.1.1.202309131626/tools/bin/../lib/gcc/arm-none-eabi/11.3.1/../../../../arm-none-eabi/lib/thumb/v7e-m+fp/hard/libc_nano.a(libc_a-calloc.o)
 .ARM.attributes
                0x00000000000004b7       0x34 /opt/st/stm32cubeide_1.13.2/plugins/com.st.stm32cube.ide.mcu.externaltools.gnu-tools-for-stm32.11.3.rel1.linux64_1.1.1.202309131626/tools/bin/../lib/gcc/arm-none-eabi/11.3.1/../../../../arm-none-eabi/lib/thumb/v7e-m+fp/hard/libc_nano.a(libc_a-callocr.o)
 .ARM.attributes
                0x00000000000004eb       0x34 /opt/st/stm32cubeide_1.13.2/plugins/com.st.stm32cube.ide.mcu.externaltools.gnu-tools-for-stm32.11.3.rel1.linux64_1.1.1.202309131626/tools/bin/../lib/gcc/arm-none-eabi/11.3.1/../../../../arm-none-eabi/lib/thumb/v7e-m+fp/hard/libc_nano.a(libc_a-exit.o)
 .ARM.attributes
                0x000000000000051f       0x34 /opt/st/stm32cubeide_1.13.2/plugins/com.st.stm32cube.ide.mcu.externaltools.gnu-tools-for-stm32.11.3.rel1.linux64_1.1.1.202309131626/tools/bin/../lib/gcc/arm-none-eabi/11.3.1/../../../../arm-none-eabi/lib/thumb/v7e-m+fp/hard/libc_nano.a(libc_a-malloc.o)
 .ARM.attributes
                0x0000000000000553       0x34 /opt/st/stm32cubeide_1.13.2/plugins/com.st.stm32cube.ide.mcu.externaltools.gnu-tools-for-stm32.11.3.rel1.linux64_1.1.1.202309131626/tools/bin/../lib/gcc/arm-none-eabi/11.3.1/../../../../arm-none-eabi/lib/thumb/v7e-m+fp/hard/libc_nano.a(libc_a-mallocr.o)
 .ARM.attributes
                0x0000000000000587       0x34 /opt/st/stm32cubeide_1.13.2/plugins/com.st.stm32cube.ide.mcu.externaltools.gnu-tools-for-stm32.11.3.rel1.linux64_1.1.1.202309131626/tools/bin/../lib/gcc/arm-none-eabi/11.3.1/../../../../arm-none-eabi/lib/thumb/v7e-m+fp/hard/libc_nano.a(libc_a-mlock.o)
 .ARM.attributes
                0x00000000000005bb       0x34 /opt/st/stm32cubeide_1.13.2/plugins/com.st.stm32cube.ide.mcu.externaltools.gnu-tools-for-stm32.11.3.rel1.linux64_1.1.1.202309131626/tools/bin/../lib/gcc/arm-none-eabi/11.3.1/../../../../arm-none-eabi/lib/thumb/v7e-m+fp/hard/libc_nano.a(libc_a-findfp.o)
 .ARM.attributes
                0x00000000000005ef       0x34 /opt/st/stm32cubeide_1.13.2/plugins/com.st.stm32cube.ide.mcu.externaltools.gnu-tools-for-stm32.11.3.rel1.linux64_1.1.1.202309131626/tools/bin/../lib/gcc/arm-none-eabi/11.3.1/../../../../arm-none-eabi/lib/thumb/v7e-m+fp/hard/libc_nano.a(libc_a-memset.o)
 .ARM.attributes
                0x0000000000000623       0x34 /opt/st/stm32cubeide_1.13.2/plugins/com.st.stm32cube.ide.mcu.externaltools.gnu-tools-for-stm32.11.3.rel1.linux64_1.1.1.202309131626/tools/bin/../lib/gcc/arm-none-eabi/11.3.1/../../../../arm-none-eabi/lib/thumb/v7e-m+fp/hard/libc_nano.a(libc_a-reent.o)
 .ARM.attributes
                0x0000000000000657       0x34 /opt/st/stm32cubeide_1.13.2/plugins/com.st.stm32cube.ide.mcu.externaltools.gnu-tools-for-stm32.11.3.rel1.linux64_1.1.1.202309131626/tools/bin/../lib/gcc/arm-none-eabi/11.3.1/../../../../arm-none-eabi/lib/thumb/v7e-m+fp/hard/libc_nano.a(libc_a-impure.o)
 .ARM.attributes
                0x000000000000068b       0x34 /opt/st/stm32cubeide_1.13.2/plugins/com.st.stm32cube.ide.mcu.externaltools.gnu-tools-for-stm32.11.3.rel1.linux64_1.1.1.202309131626/tools/bin/../lib/gcc/arm-none-eabi/11.3.1/../../../../arm-none-eabi/lib/thumb/v7e-m+fp/hard/libc_nano.a(libc_a-sbrkr.o)
 .ARM.attributes
                0x00000000000006bf       0x34 /opt/st/stm32cubeide_1.13.2/plugins/com.st.stm32cube.ide.mcu.externaltools.gnu-tools-for-stm32.11.3.rel1.linux64_1.1.1.202309131626/tools/bin/../lib/gcc/arm-none-eabi/11.3.1/../../../../arm-none-eabi/lib/thumb/v7e-m+fp/hard/libc_nano.a(libc_a-errno.o)
 .ARM.attributes
                0x00000000000006f3       0x34 /opt/st/stm32cubeide_1.13.2/plugins/com.st.stm32cube.ide.mcu.externaltools.gnu-tools-for-stm32.11.3.rel1.linux64_1.1.1.202309131626/tools/bin/../lib/gcc/arm-none-eabi/11.3.1/../../../../arm-none-eabi/lib/thumb/v7e-m+fp/hard/libc_nano.a(libc_a-init.o)
 .ARM.attributes
                0x0000000000000727       0x34 /opt/st/stm32cubeide_1.13.2/plugins/com.st.stm32cube.ide.mcu.externaltools.gnu-tools-for-stm32.11.3.rel1.linux64_1.1.1.202309131626/tools/bin/../lib/gcc/arm-none-eabi/11.3.1/../../../../arm-none-eabi/lib/thumb/v7e-m+fp/hard/libc_nano.a(libc_a-lock.o)
 .ARM.attributes
                0x000000000000075b       0x34 /opt/st/stm32cubeide_1.13.2/plugins/com.st.stm32cube.ide.mcu.externaltools.gnu-tools-for-stm32.11.3.rel1.linux64_1.1.1.202309131626/tools/bin/../lib/gcc/arm-none-eabi/11.3.1/../../../../arm-none-eabi/lib/thumb/v7e-m+fp/hard/libc_nano.a(libc_a-freer.o)
 .ARM.attributes
                0x000000000000078f       0x1e /opt/st/stm32cubeide_1.13.2/plugins/com.st.stm32cube.ide.mcu.externaltools.gnu-tools-for-stm32.11.3.rel1.linux64_1.1.1.202309131626/tools/bin/../lib/gcc/arm-none-eabi/11.3.1/thumb/v7e-m+fp/hard/libgcc.a(_aeabi_uldivmod.o)
 .ARM.attributes
                0x00000000000007ad       0x34 /opt/st/stm32cubeide_1.13.2/plugins/com.st.stm32cube.ide.mcu.externaltools.gnu-tools-for-stm32.11.3.rel1.linux64_1.1.1.202309131626/tools/bin/../lib/gcc/arm-none-eabi/11.3.1/thumb/v7e-m+fp/hard/libgcc.a(_udivmoddi4.o)
 .ARM.attributes
                0x00000000000007e1       0x1e /opt/st/stm32cubeide_1.13.2/plugins/com.st.stm32cube.ide.mcu.externaltools.gnu-tools-for-stm32.11.3.rel1.linux64_1.1.1.202309131626/tools/bin/../lib/gcc/arm-none-eabi/11.3.1/thumb/v7e-m+fp/hard/libgcc.a(_dvmd_tls.o)
 .ARM.attributes
                0x00000000000007ff       0x1e /opt/st/stm32cubeide_1.13.2/plugins/com.st.stm32cube.ide.mcu.externaltools.gnu-tools-for-stm32.11.3.rel1.linux64_1.1.1.202309131626/tools/bin/../lib/gcc/arm-none-eabi/11.3.1/thumb/v7e-m+fp/hard/crtn.o
OUTPUT(Test_WS2812.elf elf32-littlearm)
LOAD linker stubs
LOAD /opt/st/stm32cubeide_1.13.2/plugins/com.st.stm32cube.ide.mcu.externaltools.gnu-tools-for-stm32.11.3.rel1.linux64_1.1.1.202309131626/tools/bin/../lib/gcc/arm-none-eabi/11.3.1/../../../../arm-none-eabi/lib/thumb/v7e-m+fp/hard/libc.a
LOAD /opt/st/stm32cubeide_1.13.2/plugins/com.st.stm32cube.ide.mcu.externaltools.gnu-tools-for-stm32.11.3.rel1.linux64_1.1.1.202309131626/tools/bin/../lib/gcc/arm-none-eabi/11.3.1/../../../../arm-none-eabi/lib/thumb/v7e-m+fp/hard/libm.a
LOAD /opt/st/stm32cubeide_1.13.2/plugins/com.st.stm32cube.ide.mcu.externaltools.gnu-tools-for-stm32.11.3.rel1.linux64_1.1.1.202309131626/tools/bin/../lib/gcc/arm-none-eabi/11.3.1/thumb/v7e-m+fp/hard/libgcc.a

.comment        0x0000000000000000       0x43
 .comment       0x0000000000000000       0x43 /opt/st/stm32cubeide_1.13.2/plugins/com.st.stm32cube.ide.mcu.externaltools.gnu-tools-for-stm32.11.3.rel1.linux64_1.1.1.202309131626/tools/bin/../lib/gcc/arm-none-eabi/11.3.1/thumb/v7e-m+fp/hard/crtbegin.o
                                         0x44 (size before relaxing)
 .comment       0x0000000000000043       0x44 ./Core/Src/lookup_table.o
 .comment       0x0000000000000043       0x44 ./Core/Src/main.o
 .comment       0x0000000000000043       0x44 ./Core/Src/maze.o
 .comment       0x0000000000000043       0x44 ./Core/Src/numbers.o
 .comment       0x0000000000000043       0x44 ./Core/Src/prng.o
 .comment       0x0000000000000043       0x44 ./Core/Src/stm32f4xx_hal_msp.o
 .comment       0x0000000000000043       0x44 ./Core/Src/stm32f4xx_it.o
 .comment       0x0000000000000043       0x44 ./Core/Src/syscalls.o
 .comment       0x0000000000000043       0x44 ./Core/Src/sysmem.o
 .comment       0x0000000000000043       0x44 ./Core/Src/system_stm32f4xx.o
 .comment       0x0000000000000043       0x44 ./Core/Src/ws2812_SPI.o
 .comment       0x0000000000000043       0x44 ./Drivers/STM32F4xx_HAL_Driver/Src/stm32f4xx_hal.o
 .comment       0x0000000000000043       0x44 ./Drivers/STM32F4xx_HAL_Driver/Src/stm32f4xx_hal_cortex.o
 .comment       0x0000000000000043       0x44 ./Drivers/STM32F4xx_HAL_Driver/Src/stm32f4xx_hal_dma.o
 .comment       0x0000000000000043       0x44 ./Drivers/STM32F4xx_HAL_Driver/Src/stm32f4xx_hal_gpio.o
 .comment       0x0000000000000043       0x44 ./Drivers/STM32F4xx_HAL_Driver/Src/stm32f4xx_hal_rcc.o
 .comment       0x0000000000000043       0x44 ./Drivers/STM32F4xx_HAL_Driver/Src/stm32f4xx_hal_spi.o
 .comment       0x0000000000000043       0x44 ./Drivers/STM32F4xx_HAL_Driver/Src/stm32f4xx_hal_tim.o
 .comment       0x0000000000000043       0x44 ./Drivers/STM32F4xx_HAL_Driver/Src/stm32f4xx_hal_tim_ex.o
 .comment       0x0000000000000043       0x44 ./Drivers/STM32F4xx_HAL_Driver/Src/stm32f4xx_hal_uart.o

.debug_info     0x0000000000000000    0x1057b
 .debug_info    0x0000000000000000      0x1df ./Core/Src/lookup_table.o
 .debug_info    0x00000000000001df     0x1a4a ./Core/Src/main.o
 .debug_info    0x0000000000001c29      0x5e8 ./Core/Src/maze.o
 .debug_info    0x0000000000002211       0x6b ./Core/Src/numbers.o
 .debug_info    0x000000000000227c      0x142 ./Core/Src/prng.o
 .debug_info    0x00000000000023be     0x12db ./Core/Src/stm32f4xx_hal_msp.o
 .debug_info    0x0000000000003699      0x6b1 ./Core/Src/stm32f4xx_it.o
 .debug_info    0x0000000000003d4a      0x6a3 ./Core/Src/syscalls.o
 .debug_info    0x00000000000043ed      0x168 ./Core/Src/sysmem.o
 .debug_info    0x0000000000004555      0x53e ./Core/Src/system_stm32f4xx.o
 .debug_info    0x0000000000004a93      0x8db ./Core/Src/ws2812_SPI.o
 .debug_info    0x000000000000536e       0x23 ./Core/Startup/startup_stm32f401retx.o
 .debug_info    0x0000000000005391      0x8bb ./Drivers/STM32F4xx_HAL_Driver/Src/stm32f4xx_hal.o
 .debug_info    0x0000000000005c4c      0xcb0 ./Drivers/STM32F4xx_HAL_Driver/Src/stm32f4xx_hal_cortex.o
 .debug_info    0x00000000000068fc      0x8e6 ./Drivers/STM32F4xx_HAL_Driver/Src/stm32f4xx_hal_dma.o
 .debug_info    0x00000000000071e2      0x6f9 ./Drivers/STM32F4xx_HAL_Driver/Src/stm32f4xx_hal_gpio.o
 .debug_info    0x00000000000078db      0x8f3 ./Drivers/STM32F4xx_HAL_Driver/Src/stm32f4xx_hal_rcc.o
 .debug_info    0x00000000000081ce     0x1606 ./Drivers/STM32F4xx_HAL_Driver/Src/stm32f4xx_hal_spi.o
 .debug_info    0x00000000000097d4     0x2941 ./Drivers/STM32F4xx_HAL_Driver/Src/stm32f4xx_hal_tim.o
 .debug_info    0x000000000000c115     0x14a7 ./Drivers/STM32F4xx_HAL_Driver/Src/stm32f4xx_hal_tim_ex.o
 .debug_info    0x000000000000d5bc     0x2fbf ./Drivers/STM32F4xx_HAL_Driver/Src/stm32f4xx_hal_uart.o

.debug_abbrev   0x0000000000000000     0x280d
 .debug_abbrev  0x0000000000000000      0x12e ./Core/Src/lookup_table.o
 .debug_abbrev  0x000000000000012e      0x308 ./Core/Src/main.o
 .debug_abbrev  0x0000000000000436      0x1ee ./Core/Src/maze.o
 .debug_abbrev  0x0000000000000624       0x63 ./Core/Src/numbers.o
 .debug_abbrev  0x0000000000000687       0xf4 ./Core/Src/prng.o
 .debug_abbrev  0x000000000000077b      0x260 ./Core/Src/stm32f4xx_hal_msp.o
 .debug_abbrev  0x00000000000009db      0x17d ./Core/Src/stm32f4xx_it.o
 .debug_abbrev  0x0000000000000b58      0x1b6 ./Core/Src/syscalls.o
 .debug_abbrev  0x0000000000000d0e       0xbc ./Core/Src/sysmem.o
 .debug_abbrev  0x0000000000000dca      0x11a ./Core/Src/system_stm32f4xx.o
 .debug_abbrev  0x0000000000000ee4      0x24e ./Core/Src/ws2812_SPI.o
 .debug_abbrev  0x0000000000001132       0x12 ./Core/Startup/startup_stm32f401retx.o
 .debug_abbrev  0x0000000000001144      0x24b ./Drivers/STM32F4xx_HAL_Driver/Src/stm32f4xx_hal.o
 .debug_abbrev  0x000000000000138f      0x327 ./Drivers/STM32F4xx_HAL_Driver/Src/stm32f4xx_hal_cortex.o
 .debug_abbrev  0x00000000000016b6      0x221 ./Drivers/STM32F4xx_HAL_Driver/Src/stm32f4xx_hal_dma.o
 .debug_abbrev  0x00000000000018d7      0x1d3 ./Drivers/STM32F4xx_HAL_Driver/Src/stm32f4xx_hal_gpio.o
 .debug_abbrev  0x0000000000001aaa      0x2b5 ./Drivers/STM32F4xx_HAL_Driver/Src/stm32f4xx_hal_rcc.o
 .debug_abbrev  0x0000000000001d5f      0x280 ./Drivers/STM32F4xx_HAL_Driver/Src/stm32f4xx_hal_spi.o
 .debug_abbrev  0x0000000000001fdf      0x284 ./Drivers/STM32F4xx_HAL_Driver/Src/stm32f4xx_hal_tim.o
 .debug_abbrev  0x0000000000002263      0x28f ./Drivers/STM32F4xx_HAL_Driver/Src/stm32f4xx_hal_tim_ex.o
 .debug_abbrev  0x00000000000024f2      0x31b ./Drivers/STM32F4xx_HAL_Driver/Src/stm32f4xx_hal_uart.o

.debug_aranges  0x0000000000000000      0xfd0
 .debug_aranges
                0x0000000000000000       0x28 ./Core/Src/lookup_table.o
 .debug_aranges
                0x0000000000000028       0x60 ./Core/Src/main.o
 .debug_aranges
                0x0000000000000088       0x58 ./Core/Src/maze.o
 .debug_aranges
                0x00000000000000e0       0x18 ./Core/Src/numbers.o
 .debug_aranges
                0x00000000000000f8       0x28 ./Core/Src/prng.o
 .debug_aranges
                0x0000000000000120       0x58 ./Core/Src/stm32f4xx_hal_msp.o
 .debug_aranges
                0x0000000000000178       0x78 ./Core/Src/stm32f4xx_it.o
 .debug_aranges
                0x00000000000001f0       0xa8 ./Core/Src/syscalls.o
 .debug_aranges
                0x0000000000000298       0x20 ./Core/Src/sysmem.o
 .debug_aranges
                0x00000000000002b8       0x28 ./Core/Src/system_stm32f4xx.o
 .debug_aranges
                0x00000000000002e0       0x48 ./Core/Src/ws2812_SPI.o
 .debug_aranges
                0x0000000000000328       0x28 ./Core/Startup/startup_stm32f401retx.o
 .debug_aranges
                0x0000000000000350       0xf0 ./Drivers/STM32F4xx_HAL_Driver/Src/stm32f4xx_hal.o
 .debug_aranges
                0x0000000000000440      0x118 ./Drivers/STM32F4xx_HAL_Driver/Src/stm32f4xx_hal_cortex.o
 .debug_aranges
                0x0000000000000558       0x90 ./Drivers/STM32F4xx_HAL_Driver/Src/stm32f4xx_hal_dma.o
 .debug_aranges
                0x00000000000005e8       0x58 ./Drivers/STM32F4xx_HAL_Driver/Src/stm32f4xx_hal_gpio.o
 .debug_aranges
                0x0000000000000640       0x88 ./Drivers/STM32F4xx_HAL_Driver/Src/stm32f4xx_hal_rcc.o
 .debug_aranges
                0x00000000000006c8      0x1d0 ./Drivers/STM32F4xx_HAL_Driver/Src/stm32f4xx_hal_spi.o
 .debug_aranges
                0x0000000000000898      0x3d0 ./Drivers/STM32F4xx_HAL_Driver/Src/stm32f4xx_hal_tim.o
 .debug_aranges
                0x0000000000000c68      0x168 ./Drivers/STM32F4xx_HAL_Driver/Src/stm32f4xx_hal_tim_ex.o
 .debug_aranges
                0x0000000000000dd0      0x200 ./Drivers/STM32F4xx_HAL_Driver/Src/stm32f4xx_hal_uart.o

.debug_rnglists
                0x0000000000000000      0xc3b
 .debug_rnglists
                0x0000000000000000       0x1b ./Core/Src/lookup_table.o
 .debug_rnglists
                0x000000000000001b       0x48 ./Core/Src/main.o
 .debug_rnglists
                0x0000000000000063       0x41 ./Core/Src/maze.o
 .debug_rnglists
                0x00000000000000a4       0x19 ./Core/Src/prng.o
 .debug_rnglists
                0x00000000000000bd       0x40 ./Core/Src/stm32f4xx_hal_msp.o
 .debug_rnglists
                0x00000000000000fd       0x55 ./Core/Src/stm32f4xx_it.o
 .debug_rnglists
                0x0000000000000152       0x79 ./Core/Src/syscalls.o
 .debug_rnglists
                0x00000000000001cb       0x13 ./Core/Src/sysmem.o
 .debug_rnglists
                0x00000000000001de       0x1a ./Core/Src/system_stm32f4xx.o
 .debug_rnglists
                0x00000000000001f8       0x33 ./Core/Src/ws2812_SPI.o
 .debug_rnglists
                0x000000000000022b       0x19 ./Core/Startup/startup_stm32f401retx.o
 .debug_rnglists
                0x0000000000000244       0xaf ./Drivers/STM32F4xx_HAL_Driver/Src/stm32f4xx_hal.o
 .debug_rnglists
                0x00000000000002f3       0xce ./Drivers/STM32F4xx_HAL_Driver/Src/stm32f4xx_hal_cortex.o
 .debug_rnglists
                0x00000000000003c1       0x70 ./Drivers/STM32F4xx_HAL_Driver/Src/stm32f4xx_hal_dma.o
 .debug_rnglists
                0x0000000000000431       0x3f ./Drivers/STM32F4xx_HAL_Driver/Src/stm32f4xx_hal_gpio.o
 .debug_rnglists
                0x0000000000000470       0x66 ./Drivers/STM32F4xx_HAL_Driver/Src/stm32f4xx_hal_rcc.o
 .debug_rnglists
                0x00000000000004d6      0x16f ./Drivers/STM32F4xx_HAL_Driver/Src/stm32f4xx_hal_spi.o
 .debug_rnglists
                0x0000000000000645      0x31a ./Drivers/STM32F4xx_HAL_Driver/Src/stm32f4xx_hal_tim.o
 .debug_rnglists
                0x000000000000095f      0x125 ./Drivers/STM32F4xx_HAL_Driver/Src/stm32f4xx_hal_tim_ex.o
 .debug_rnglists
                0x0000000000000a84      0x1b7 ./Drivers/STM32F4xx_HAL_Driver/Src/stm32f4xx_hal_uart.o

.debug_macro    0x0000000000000000    0x18023
 .debug_macro   0x0000000000000000      0x187 ./Core/Src/lookup_table.o
 .debug_macro   0x0000000000000187      0xaa8 ./Core/Src/lookup_table.o
 .debug_macro   0x0000000000000c2f       0x22 ./Core/Src/lookup_table.o
 .debug_macro   0x0000000000000c51       0x8e ./Core/Src/lookup_table.o
 .debug_macro   0x0000000000000cdf       0x51 ./Core/Src/lookup_table.o
 .debug_macro   0x0000000000000d30      0x103 ./Core/Src/lookup_table.o
 .debug_macro   0x0000000000000e33       0x6a ./Core/Src/lookup_table.o
 .debug_macro   0x0000000000000e9d      0x1df ./Core/Src/lookup_table.o
 .debug_macro   0x000000000000107c       0x61 ./Core/Src/lookup_table.o
 .debug_macro   0x00000000000010dd       0x2a ./Core/Src/lookup_table.o
 .debug_macro   0x0000000000001107       0x43 ./Core/Src/lookup_table.o
 .debug_macro   0x000000000000114a       0x34 ./Core/Src/lookup_table.o
 .debug_macro   0x000000000000117e       0x16 ./Core/Src/lookup_table.o
 .debug_macro   0x0000000000001194       0x97 ./Core/Src/lookup_table.o
 .debug_macro   0x000000000000122b      0x369 ./Core/Src/lookup_table.o
 .debug_macro   0x0000000000001594       0xfd ./Core/Src/lookup_table.o
 .debug_macro   0x0000000000001691       0x10 ./Core/Src/lookup_table.o
 .debug_macro   0x00000000000016a1       0x16 ./Core/Src/lookup_table.o
 .debug_macro   0x00000000000016b7       0x43 ./Core/Src/lookup_table.o
 .debug_macro   0x00000000000016fa       0x34 ./Core/Src/lookup_table.o
 .debug_macro   0x000000000000172e       0x10 ./Core/Src/lookup_table.o
 .debug_macro   0x000000000000173e       0x58 ./Core/Src/lookup_table.o
 .debug_macro   0x0000000000001796       0x8e ./Core/Src/lookup_table.o
 .debug_macro   0x0000000000001824       0x1c ./Core/Src/lookup_table.o
 .debug_macro   0x0000000000001840      0x177 ./Core/Src/lookup_table.o
 .debug_macro   0x00000000000019b7       0x16 ./Core/Src/lookup_table.o
 .debug_macro   0x00000000000019cd       0x16 ./Core/Src/lookup_table.o
 .debug_macro   0x00000000000019e3      0x147 ./Core/Src/lookup_table.o
 .debug_macro   0x0000000000001b2a       0x16 ./Core/Src/lookup_table.o
 .debug_macro   0x0000000000001b40       0x35 ./Core/Src/lookup_table.o
 .debug_macro   0x0000000000001b75       0x16 ./Core/Src/lookup_table.o
 .debug_macro   0x0000000000001b8b       0x29 ./Core/Src/lookup_table.o
 .debug_macro   0x0000000000001bb4       0x22 ./Core/Src/lookup_table.o
 .debug_macro   0x0000000000001bd6      0x36e ./Core/Src/main.o
 .debug_macro   0x0000000000001f44      0x2a1 ./Core/Src/main.o
 .debug_macro   0x00000000000021e5       0x2e ./Core/Src/main.o
 .debug_macro   0x0000000000002213       0x28 ./Core/Src/main.o
 .debug_macro   0x000000000000223b       0x1c ./Core/Src/main.o
 .debug_macro   0x0000000000002257       0x22 ./Core/Src/main.o
 .debug_macro   0x0000000000002279       0xd9 ./Core/Src/main.o
 .debug_macro   0x0000000000002352     0x102d ./Core/Src/main.o
 .debug_macro   0x000000000000337f      0x11f ./Core/Src/main.o
 .debug_macro   0x000000000000349e     0xb86c ./Core/Src/main.o
 .debug_macro   0x000000000000ed0a       0x6d ./Core/Src/main.o
 .debug_macro   0x000000000000ed77     0x367e ./Core/Src/main.o
 .debug_macro   0x00000000000123f5      0x174 ./Core/Src/main.o
 .debug_macro   0x0000000000012569       0x5c ./Core/Src/main.o
 .debug_macro   0x00000000000125c5      0x416 ./Core/Src/main.o
 .debug_macro   0x00000000000129db      0x9fe ./Core/Src/main.o
 .debug_macro   0x00000000000133d9      0x115 ./Core/Src/main.o
 .debug_macro   0x00000000000134ee       0xf8 ./Core/Src/main.o
 .debug_macro   0x00000000000135e6       0xa5 ./Core/Src/main.o
 .debug_macro   0x000000000001368b      0x15f ./Core/Src/main.o
 .debug_macro   0x00000000000137ea      0x287 ./Core/Src/main.o
 .debug_macro   0x0000000000013a71       0x5f ./Core/Src/main.o
 .debug_macro   0x0000000000013ad0      0x236 ./Core/Src/main.o
 .debug_macro   0x0000000000013d06      0x132 ./Core/Src/main.o
 .debug_macro   0x0000000000013e38      0x264 ./Core/Src/main.o
 .debug_macro   0x000000000001409c       0x2e ./Core/Src/main.o
 .debug_macro   0x00000000000140ca      0x11a ./Core/Src/main.o
 .debug_macro   0x00000000000141e4       0x85 ./Core/Src/main.o
 .debug_macro   0x0000000000014269       0x89 ./Core/Src/main.o
 .debug_macro   0x00000000000142f2      0x225 ./Core/Src/main.o
 .debug_macro   0x0000000000014517      0x8e6 ./Core/Src/main.o
 .debug_macro   0x0000000000014dfd       0x47 ./Core/Src/main.o
 .debug_macro   0x0000000000014e44      0x295 ./Core/Src/main.o
 .debug_macro   0x00000000000150d9      0x126 ./Core/Src/main.o
 .debug_macro   0x00000000000151ff       0x58 ./Core/Src/main.o
 .debug_macro   0x0000000000015257       0x10 ./Core/Src/main.o
 .debug_macro   0x0000000000015267       0x20 ./Core/Src/main.o
 .debug_macro   0x0000000000015287       0x2e ./Core/Src/main.o
 .debug_macro   0x00000000000152b5       0x58 ./Core/Src/main.o
 .debug_macro   0x000000000001530d       0x1c ./Core/Src/main.o
 .debug_macro   0x0000000000015329       0x1c ./Core/Src/main.o
 .debug_macro   0x0000000000015345       0x10 ./Core/Src/main.o
 .debug_macro   0x0000000000015355      0x18b ./Core/Src/maze.o
 .debug_macro   0x00000000000154e0       0x1a ./Core/Src/numbers.o
 .debug_macro   0x00000000000154fa      0x178 ./Core/Src/prng.o
 .debug_macro   0x0000000000015672       0x5b ./Core/Src/prng.o
 .debug_macro   0x00000000000156cd       0x94 ./Core/Src/prng.o
 .debug_macro   0x0000000000015761       0x57 ./Core/Src/prng.o
 .debug_macro   0x00000000000157b8      0x1e7 ./Core/Src/stm32f4xx_hal_msp.o
 .debug_macro   0x000000000001599f      0x1f1 ./Core/Src/stm32f4xx_it.o
 .debug_macro   0x0000000000015b90      0x274 ./Core/Src/syscalls.o
 .debug_macro   0x0000000000015e04       0x10 ./Core/Src/syscalls.o
 .debug_macro   0x0000000000015e14       0x10 ./Core/Src/syscalls.o
 .debug_macro   0x0000000000015e24       0x10 ./Core/Src/syscalls.o
 .debug_macro   0x0000000000015e34       0x10 ./Core/Src/syscalls.o
 .debug_macro   0x0000000000015e44       0x1c ./Core/Src/syscalls.o
 .debug_macro   0x0000000000015e60       0x52 ./Core/Src/syscalls.o
 .debug_macro   0x0000000000015eb2       0x22 ./Core/Src/syscalls.o
 .debug_macro   0x0000000000015ed4       0x10 ./Core/Src/syscalls.o
 .debug_macro   0x0000000000015ee4       0x52 ./Core/Src/syscalls.o
 .debug_macro   0x0000000000015f36       0xcf ./Core/Src/syscalls.o
 .debug_macro   0x0000000000016005       0x1c ./Core/Src/syscalls.o
 .debug_macro   0x0000000000016021       0x3d ./Core/Src/syscalls.o
 .debug_macro   0x000000000001605e       0x35 ./Core/Src/syscalls.o
 .debug_macro   0x0000000000016093      0x12c ./Core/Src/syscalls.o
 .debug_macro   0x00000000000161bf       0x10 ./Core/Src/syscalls.o
 .debug_macro   0x00000000000161cf      0x242 ./Core/Src/syscalls.o
 .debug_macro   0x0000000000016411       0x10 ./Core/Src/syscalls.o
 .debug_macro   0x0000000000016421      0x18a ./Core/Src/syscalls.o
 .debug_macro   0x00000000000165ab       0x16 ./Core/Src/syscalls.o
 .debug_macro   0x00000000000165c1       0xce ./Core/Src/syscalls.o
 .debug_macro   0x000000000001668f       0xff ./Core/Src/sysmem.o
 .debug_macro   0x000000000001678e      0x23c ./Core/Src/sysmem.o
 .debug_macro   0x00000000000169ca      0x1d8 ./Core/Src/system_stm32f4xx.o
 .debug_macro   0x0000000000016ba2      0x2f2 ./Core/Src/ws2812_SPI.o
 .debug_macro   0x0000000000016e94       0x56 ./Core/Src/ws2812_SPI.o
 .debug_macro   0x0000000000016eea      0x238 ./Drivers/STM32F4xx_HAL_Driver/Src/stm32f4xx_hal.o
 .debug_macro   0x0000000000017122      0x1d8 ./Drivers/STM32F4xx_HAL_Driver/Src/stm32f4xx_hal_cortex.o
 .debug_macro   0x00000000000172fa      0x1de ./Drivers/STM32F4xx_HAL_Driver/Src/stm32f4xx_hal_dma.o
 .debug_macro   0x00000000000174d8      0x1de ./Drivers/STM32F4xx_HAL_Driver/Src/stm32f4xx_hal_gpio.o
 .debug_macro   0x00000000000176b6      0x1fc ./Drivers/STM32F4xx_HAL_Driver/Src/stm32f4xx_hal_rcc.o
 .debug_macro   0x00000000000178b2      0x1e7 ./Drivers/STM32F4xx_HAL_Driver/Src/stm32f4xx_hal_spi.o
 .debug_macro   0x0000000000017a99      0x1d9 ./Drivers/STM32F4xx_HAL_Driver/Src/stm32f4xx_hal_tim.o
 .debug_macro   0x0000000000017c72      0x1d8 ./Drivers/STM32F4xx_HAL_Driver/Src/stm32f4xx_hal_tim_ex.o
 .debug_macro   0x0000000000017e4a      0x1d9 ./Drivers/STM32F4xx_HAL_Driver/Src/stm32f4xx_hal_uart.o

.debug_line     0x0000000000000000    0x1272b
 .debug_line    0x0000000000000000      0x609 ./Core/Src/lookup_table.o
 .debug_line    0x0000000000000609      0xb82 ./Core/Src/main.o
 .debug_line    0x000000000000118b      0xbe7 ./Core/Src/maze.o
 .debug_line    0x0000000000001d72       0x43 ./Core/Src/numbers.o
 .debug_line    0x0000000000001db5      0x4f9 ./Core/Src/prng.o
 .debug_line    0x00000000000022ae      0x83f ./Core/Src/stm32f4xx_hal_msp.o
 .debug_line    0x0000000000002aed      0x7ad ./Core/Src/stm32f4xx_it.o
 .debug_line    0x000000000000329a      0x7dd ./Core/Src/syscalls.o
 .debug_line    0x0000000000003a77      0x4ae ./Core/Src/sysmem.o
 .debug_line    0x0000000000003f25      0x724 ./Core/Src/system_stm32f4xx.o
 .debug_line    0x0000000000004649      0x9a6 ./Core/Src/ws2812_SPI.o
 .debug_line    0x0000000000004fef       0x7a ./Core/Startup/startup_stm32f401retx.o
 .debug_line    0x0000000000005069      0xa45 ./Drivers/STM32F4xx_HAL_Driver/Src/stm32f4xx_hal.o
 .debug_line    0x0000000000005aae      0xcf4 ./Drivers/STM32F4xx_HAL_Driver/Src/stm32f4xx_hal_cortex.o
 .debug_line    0x00000000000067a2      0xfa9 ./Drivers/STM32F4xx_HAL_Driver/Src/stm32f4xx_hal_dma.o
 .debug_line    0x000000000000774b      0xb7d ./Drivers/STM32F4xx_HAL_Driver/Src/stm32f4xx_hal_gpio.o
 .debug_line    0x00000000000082c8      0xdbe ./Drivers/STM32F4xx_HAL_Driver/Src/stm32f4xx_hal_rcc.o
 .debug_line    0x0000000000009086     0x1cd6 ./Drivers/STM32F4xx_HAL_Driver/Src/stm32f4xx_hal_spi.o
 .debug_line    0x000000000000ad5c     0x350b ./Drivers/STM32F4xx_HAL_Driver/Src/stm32f4xx_hal_tim.o
 .debug_line    0x000000000000e267     0x19dd ./Drivers/STM32F4xx_HAL_Driver/Src/stm32f4xx_hal_tim_ex.o
 .debug_line    0x000000000000fc44     0x2ae7 ./Drivers/STM32F4xx_HAL_Driver/Src/stm32f4xx_hal_uart.o

.debug_str      0x0000000000000000    0x911b6
 .debug_str     0x0000000000000000     0x76fb ./Core/Src/lookup_table.o
                                       0x7909 (size before relaxing)
 .debug_str     0x00000000000076fb    0x8495c ./Core/Src/main.o
                                      0x8c40b (size before relaxing)
 .debug_str     0x000000000008c057       0x70 ./Core/Src/maze.o
                                       0x7ae2 (size before relaxing)
 .debug_str     0x000000000008c0c7       0x16 ./Core/Src/numbers.o
                                       0x2ded (size before relaxing)
 .debug_str     0x000000000008c0dd       0x13 ./Core/Src/prng.o
                                       0x7852 (size before relaxing)
 .debug_str     0x000000000008c0f0      0x115 ./Core/Src/stm32f4xx_hal_msp.o
                                      0x8837c (size before relaxing)
 .debug_str     0x000000000008c205      0x12f ./Core/Src/stm32f4xx_it.o
                                      0x879a1 (size before relaxing)
 .debug_str     0x000000000008c334     0x1ff1 ./Core/Src/syscalls.o
                                       0x989a (size before relaxing)
 .debug_str     0x000000000008e325       0x6b ./Core/Src/sysmem.o
                                       0x6051 (size before relaxing)
 .debug_str     0x000000000008e390       0xd0 ./Core/Src/system_stm32f4xx.o
                                      0x874cb (size before relaxing)
 .debug_str     0x000000000008e460       0x91 ./Core/Src/ws2812_SPI.o
                                      0x8ad05 (size before relaxing)
 .debug_str     0x000000000008e4f1       0x70 ./Core/Startup/startup_stm32f401retx.o
 .debug_str     0x000000000008e561      0x5e1 ./Drivers/STM32F4xx_HAL_Driver/Src/stm32f4xx_hal.o
                                      0x87efa (size before relaxing)
 .debug_str     0x000000000008eb42      0x32d ./Drivers/STM32F4xx_HAL_Driver/Src/stm32f4xx_hal_cortex.o
                                      0x87c1b (size before relaxing)
 .debug_str     0x000000000008ee6f      0x2e6 ./Drivers/STM32F4xx_HAL_Driver/Src/stm32f4xx_hal_dma.o
                                      0x878e0 (size before relaxing)
 .debug_str     0x000000000008f155      0x121 ./Drivers/STM32F4xx_HAL_Driver/Src/stm32f4xx_hal_gpio.o
                                      0x87653 (size before relaxing)
 .debug_str     0x000000000008f276      0x233 ./Drivers/STM32F4xx_HAL_Driver/Src/stm32f4xx_hal_rcc.o
                                      0x8790c (size before relaxing)
 .debug_str     0x000000000008f4a9      0x52e ./Drivers/STM32F4xx_HAL_Driver/Src/stm32f4xx_hal_spi.o
                                      0x87d8a (size before relaxing)
 .debug_str     0x000000000008f9d7      0xd5e ./Drivers/STM32F4xx_HAL_Driver/Src/stm32f4xx_hal_tim.o
                                      0x88840 (size before relaxing)
 .debug_str     0x0000000000090735      0x493 ./Drivers/STM32F4xx_HAL_Driver/Src/stm32f4xx_hal_tim_ex.o
                                      0x8805c (size before relaxing)
 .debug_str     0x0000000000090bc8      0x5ee ./Drivers/STM32F4xx_HAL_Driver/Src/stm32f4xx_hal_uart.o
                                      0x87e99 (size before relaxing)

.debug_frame    0x0000000000000000     0x454c
 .debug_frame   0x0000000000000000       0x60 ./Core/Src/lookup_table.o
 .debug_frame   0x0000000000000060      0x138 ./Core/Src/main.o
 .debug_frame   0x0000000000000198      0x140 ./Core/Src/maze.o
 .debug_frame   0x00000000000002d8       0x60 ./Core/Src/prng.o
 .debug_frame   0x0000000000000338      0x130 ./Core/Src/stm32f4xx_hal_msp.o
 .debug_frame   0x0000000000000468      0x158 ./Core/Src/stm32f4xx_it.o
 .debug_frame   0x00000000000005c0      0x2ac ./Core/Src/syscalls.o
 .debug_frame   0x000000000000086c       0x34 ./Core/Src/sysmem.o
 .debug_frame   0x00000000000008a0       0x58 ./Core/Src/system_stm32f4xx.o
 .debug_frame   0x00000000000008f8       0xf0 ./Core/Src/ws2812_SPI.o
 .debug_frame   0x00000000000009e8      0x374 ./Drivers/STM32F4xx_HAL_Driver/Src/stm32f4xx_hal.o
 .debug_frame   0x0000000000000d5c      0x498 ./Drivers/STM32F4xx_HAL_Driver/Src/stm32f4xx_hal_cortex.o
 .debug_frame   0x00000000000011f4      0x250 ./Drivers/STM32F4xx_HAL_Driver/Src/stm32f4xx_hal_dma.o
 .debug_frame   0x0000000000001444      0x14c ./Drivers/STM32F4xx_HAL_Driver/Src/stm32f4xx_hal_gpio.o
 .debug_frame   0x0000000000001590      0x1f4 ./Drivers/STM32F4xx_HAL_Driver/Src/stm32f4xx_hal_rcc.o
 .debug_frame   0x0000000000001784      0x824 ./Drivers/STM32F4xx_HAL_Driver/Src/stm32f4xx_hal_spi.o
 .debug_frame   0x0000000000001fa8     0x11bc ./Drivers/STM32F4xx_HAL_Driver/Src/stm32f4xx_hal_tim.o
 .debug_frame   0x0000000000003164      0x638 ./Drivers/STM32F4xx_HAL_Driver/Src/stm32f4xx_hal_tim_ex.o
 .debug_frame   0x000000000000379c      0x92c ./Drivers/STM32F4xx_HAL_Driver/Src/stm32f4xx_hal_uart.o
 .debug_frame   0x00000000000040c8       0x20 /opt/st/stm32cubeide_1.13.2/plugins/com.st.stm32cube.ide.mcu.externaltools.gnu-tools-for-stm32.11.3.rel1.linux64_1.1.1.202309131626/tools/bin/../lib/gcc/arm-none-eabi/11.3.1/../../../../arm-none-eabi/lib/thumb/v7e-m+fp/hard/libc_nano.a(libc_a-calloc.o)
 .debug_frame   0x00000000000040e8       0x30 /opt/st/stm32cubeide_1.13.2/plugins/com.st.stm32cube.ide.mcu.externaltools.gnu-tools-for-stm32.11.3.rel1.linux64_1.1.1.202309131626/tools/bin/../lib/gcc/arm-none-eabi/11.3.1/../../../../arm-none-eabi/lib/thumb/v7e-m+fp/hard/libc_nano.a(libc_a-callocr.o)
 .debug_frame   0x0000000000004118       0x28 /opt/st/stm32cubeide_1.13.2/plugins/com.st.stm32cube.ide.mcu.externaltools.gnu-tools-for-stm32.11.3.rel1.linux64_1.1.1.202309131626/tools/bin/../lib/gcc/arm-none-eabi/11.3.1/../../../../arm-none-eabi/lib/thumb/v7e-m+fp/hard/libc_nano.a(libc_a-exit.o)
 .debug_frame   0x0000000000004140       0x30 /opt/st/stm32cubeide_1.13.2/plugins/com.st.stm32cube.ide.mcu.externaltools.gnu-tools-for-stm32.11.3.rel1.linux64_1.1.1.202309131626/tools/bin/../lib/gcc/arm-none-eabi/11.3.1/../../../../arm-none-eabi/lib/thumb/v7e-m+fp/hard/libc_nano.a(libc_a-malloc.o)
 .debug_frame   0x0000000000004170       0x50 /opt/st/stm32cubeide_1.13.2/plugins/com.st.stm32cube.ide.mcu.externaltools.gnu-tools-for-stm32.11.3.rel1.linux64_1.1.1.202309131626/tools/bin/../lib/gcc/arm-none-eabi/11.3.1/../../../../arm-none-eabi/lib/thumb/v7e-m+fp/hard/libc_nano.a(libc_a-mallocr.o)
 .debug_frame   0x00000000000041c0       0x30 /opt/st/stm32cubeide_1.13.2/plugins/com.st.stm32cube.ide.mcu.externaltools.gnu-tools-for-stm32.11.3.rel1.linux64_1.1.1.202309131626/tools/bin/../lib/gcc/arm-none-eabi/11.3.1/../../../../arm-none-eabi/lib/thumb/v7e-m+fp/hard/libc_nano.a(libc_a-mlock.o)
 .debug_frame   0x00000000000041f0      0x144 /opt/st/stm32cubeide_1.13.2/plugins/com.st.stm32cube.ide.mcu.externaltools.gnu-tools-for-stm32.11.3.rel1.linux64_1.1.1.202309131626/tools/bin/../lib/gcc/arm-none-eabi/11.3.1/../../../../arm-none-eabi/lib/thumb/v7e-m+fp/hard/libc_nano.a(libc_a-findfp.o)
 .debug_frame   0x0000000000004334       0x20 /opt/st/stm32cubeide_1.13.2/plugins/com.st.stm32cube.ide.mcu.externaltools.gnu-tools-for-stm32.11.3.rel1.linux64_1.1.1.202309131626/tools/bin/../lib/gcc/arm-none-eabi/11.3.1/../../../../arm-none-eabi/lib/thumb/v7e-m+fp/hard/libc_nano.a(libc_a-memset.o)
 .debug_frame   0x0000000000004354       0x38 /opt/st/stm32cubeide_1.13.2/plugins/com.st.stm32cube.ide.mcu.externaltools.gnu-tools-for-stm32.11.3.rel1.linux64_1.1.1.202309131626/tools/bin/../lib/gcc/arm-none-eabi/11.3.1/../../../../arm-none-eabi/lib/thumb/v7e-m+fp/hard/libc_nano.a(libc_a-reent.o)
 .debug_frame   0x000000000000438c       0x2c /opt/st/stm32cubeide_1.13.2/plugins/com.st.stm32cube.ide.mcu.externaltools.gnu-tools-for-stm32.11.3.rel1.linux64_1.1.1.202309131626/tools/bin/../lib/gcc/arm-none-eabi/11.3.1/../../../../arm-none-eabi/lib/thumb/v7e-m+fp/hard/libc_nano.a(libc_a-sbrkr.o)
 .debug_frame   0x00000000000043b8       0x20 /opt/st/stm32cubeide_1.13.2/plugins/com.st.stm32cube.ide.mcu.externaltools.gnu-tools-for-stm32.11.3.rel1.linux64_1.1.1.202309131626/tools/bin/../lib/gcc/arm-none-eabi/11.3.1/../../../../arm-none-eabi/lib/thumb/v7e-m+fp/hard/libc_nano.a(libc_a-errno.o)
 .debug_frame   0x00000000000043d8       0x2c /opt/st/stm32cubeide_1.13.2/plugins/com.st.stm32cube.ide.mcu.externaltools.gnu-tools-for-stm32.11.3.rel1.linux64_1.1.1.202309131626/tools/bin/../lib/gcc/arm-none-eabi/11.3.1/../../../../arm-none-eabi/lib/thumb/v7e-m+fp/hard/libc_nano.a(libc_a-init.o)
 .debug_frame   0x0000000000004404       0xb0 /opt/st/stm32cubeide_1.13.2/plugins/com.st.stm32cube.ide.mcu.externaltools.gnu-tools-for-stm32.11.3.rel1.linux64_1.1.1.202309131626/tools/bin/../lib/gcc/arm-none-eabi/11.3.1/../../../../arm-none-eabi/lib/thumb/v7e-m+fp/hard/libc_nano.a(libc_a-lock.o)
 .debug_frame   0x00000000000044b4       0x38 /opt/st/stm32cubeide_1.13.2/plugins/com.st.stm32cube.ide.mcu.externaltools.gnu-tools-for-stm32.11.3.rel1.linux64_1.1.1.202309131626/tools/bin/../lib/gcc/arm-none-eabi/11.3.1/../../../../arm-none-eabi/lib/thumb/v7e-m+fp/hard/libc_nano.a(libc_a-freer.o)
 .debug_frame   0x00000000000044ec       0x2c /opt/st/stm32cubeide_1.13.2/plugins/com.st.stm32cube.ide.mcu.externaltools.gnu-tools-for-stm32.11.3.rel1.linux64_1.1.1.202309131626/tools/bin/../lib/gcc/arm-none-eabi/11.3.1/thumb/v7e-m+fp/hard/libgcc.a(_aeabi_uldivmod.o)
 .debug_frame   0x0000000000004518       0x34 /opt/st/stm32cubeide_1.13.2/plugins/com.st.stm32cube.ide.mcu.externaltools.gnu-tools-for-stm32.11.3.rel1.linux64_1.1.1.202309131626/tools/bin/../lib/gcc/arm-none-eabi/11.3.1/thumb/v7e-m+fp/hard/libgcc.a(_udivmoddi4.o)

.debug_line_str
                0x0000000000000000       0x64
 .debug_line_str
                0x0000000000000000       0x64 ./Core/Startup/startup_stm32f401retx.o
                                         0x7c (size before relaxing)
